Archive member included to satisfy reference by file (symbol)

/opt/Atollic_TrueSTUDIO_for_STM32_x86_64_9.3.0/ARMTools/bin/../lib/gcc/arm-atollic-eabi/6.3.1/../../../../arm-atollic-eabi/lib/armv6-m/libc.a(lib_a-errno.o)
                              Core/Src/syscalls.o (__errno)
/opt/Atollic_TrueSTUDIO_for_STM32_x86_64_9.3.0/ARMTools/bin/../lib/gcc/arm-atollic-eabi/6.3.1/../../../../arm-atollic-eabi/lib/armv6-m/libc.a(lib_a-impure.o)
                              /opt/Atollic_TrueSTUDIO_for_STM32_x86_64_9.3.0/ARMTools/bin/../lib/gcc/arm-atollic-eabi/6.3.1/../../../../arm-atollic-eabi/lib/armv6-m/libc.a(lib_a-errno.o) (_impure_ptr)
/opt/Atollic_TrueSTUDIO_for_STM32_x86_64_9.3.0/ARMTools/bin/../lib/gcc/arm-atollic-eabi/6.3.1/../../../../arm-atollic-eabi/lib/armv6-m/libc.a(lib_a-init.o)
                              startup/startup_stm32g070xx.o (__libc_init_array)
/opt/Atollic_TrueSTUDIO_for_STM32_x86_64_9.3.0/ARMTools/bin/../lib/gcc/arm-atollic-eabi/6.3.1/../../../../arm-atollic-eabi/lib/armv6-m/libc.a(lib_a-malloc.o)
                              Core/Src/stm32_adafruit_sd.o (malloc)
/opt/Atollic_TrueSTUDIO_for_STM32_x86_64_9.3.0/ARMTools/bin/../lib/gcc/arm-atollic-eabi/6.3.1/../../../../arm-atollic-eabi/lib/armv6-m/libc.a(lib_a-mallocr.o)
                              /opt/Atollic_TrueSTUDIO_for_STM32_x86_64_9.3.0/ARMTools/bin/../lib/gcc/arm-atollic-eabi/6.3.1/../../../../arm-atollic-eabi/lib/armv6-m/libc.a(lib_a-malloc.o) (_malloc_r)
/opt/Atollic_TrueSTUDIO_for_STM32_x86_64_9.3.0/ARMTools/bin/../lib/gcc/arm-atollic-eabi/6.3.1/../../../../arm-atollic-eabi/lib/armv6-m/libc.a(lib_a-memcpy-stub.o)
                              lvgl/src/lv_core/lv_obj.o (memcpy)
/opt/Atollic_TrueSTUDIO_for_STM32_x86_64_9.3.0/ARMTools/bin/../lib/gcc/arm-atollic-eabi/6.3.1/../../../../arm-atollic-eabi/lib/armv6-m/libc.a(lib_a-memset.o)
                              Core/Src/main.o (memset)
/opt/Atollic_TrueSTUDIO_for_STM32_x86_64_9.3.0/ARMTools/bin/../lib/gcc/arm-atollic-eabi/6.3.1/../../../../arm-atollic-eabi/lib/armv6-m/libc.a(lib_a-mlock.o)
                              /opt/Atollic_TrueSTUDIO_for_STM32_x86_64_9.3.0/ARMTools/bin/../lib/gcc/arm-atollic-eabi/6.3.1/../../../../arm-atollic-eabi/lib/armv6-m/libc.a(lib_a-mallocr.o) (__malloc_lock)
/opt/Atollic_TrueSTUDIO_for_STM32_x86_64_9.3.0/ARMTools/bin/../lib/gcc/arm-atollic-eabi/6.3.1/../../../../arm-atollic-eabi/lib/armv6-m/libc.a(lib_a-sbrkr.o)
                              /opt/Atollic_TrueSTUDIO_for_STM32_x86_64_9.3.0/ARMTools/bin/../lib/gcc/arm-atollic-eabi/6.3.1/../../../../arm-atollic-eabi/lib/armv6-m/libc.a(lib_a-mallocr.o) (_sbrk_r)
/opt/Atollic_TrueSTUDIO_for_STM32_x86_64_9.3.0/ARMTools/bin/../lib/gcc/arm-atollic-eabi/6.3.1/../../../../arm-atollic-eabi/lib/armv6-m/libc.a(lib_a-strcmp.o)
                              lvgl/src/lv_draw/lv_img_decoder.o (strcmp)
/opt/Atollic_TrueSTUDIO_for_STM32_x86_64_9.3.0/ARMTools/bin/../lib/gcc/arm-atollic-eabi/6.3.1/../../../../arm-atollic-eabi/lib/armv6-m/libc.a(lib_a-strcpy.o)
                              lvgl/src/lv_objx/lv_calendar.o (strcpy)
/opt/Atollic_TrueSTUDIO_for_STM32_x86_64_9.3.0/ARMTools/bin/../lib/gcc/arm-atollic-eabi/6.3.1/../../../../arm-atollic-eabi/lib/armv6-m/libc.a(lib_a-strlen.o)
                              lvgl/src/lv_misc/lv_fs.o (strlen)
/opt/Atollic_TrueSTUDIO_for_STM32_x86_64_9.3.0/ARMTools/bin/../lib/gcc/arm-atollic-eabi/6.3.1/../../../../arm-atollic-eabi/lib/armv6-m/libc.a(lib_a-freer.o)
                              /opt/Atollic_TrueSTUDIO_for_STM32_x86_64_9.3.0/ARMTools/bin/../lib/gcc/arm-atollic-eabi/6.3.1/../../../../arm-atollic-eabi/lib/armv6-m/libc.a(lib_a-malloc.o) (_free_r)
/opt/Atollic_TrueSTUDIO_for_STM32_x86_64_9.3.0/ARMTools/bin/../lib/gcc/arm-atollic-eabi/6.3.1/../../../../arm-atollic-eabi/lib/armv6-m/libc.a(lib_a-lock.o)
                              /opt/Atollic_TrueSTUDIO_for_STM32_x86_64_9.3.0/ARMTools/bin/../lib/gcc/arm-atollic-eabi/6.3.1/../../../../arm-atollic-eabi/lib/armv6-m/libc.a(lib_a-mlock.o) (__retarget_lock_acquire_recursive)
/opt/Atollic_TrueSTUDIO_for_STM32_x86_64_9.3.0/ARMTools/bin/../lib/gcc/arm-atollic-eabi/6.3.1/../../../../arm-atollic-eabi/lib/armv6-m/libc.a(lib_a-reent.o)
                              /opt/Atollic_TrueSTUDIO_for_STM32_x86_64_9.3.0/ARMTools/bin/../lib/gcc/arm-atollic-eabi/6.3.1/../../../../arm-atollic-eabi/lib/armv6-m/libc.a(lib_a-sbrkr.o) (errno)
/opt/Atollic_TrueSTUDIO_for_STM32_x86_64_9.3.0/ARMTools/bin/../lib/gcc/arm-atollic-eabi/6.3.1/armv6-m/libgcc.a(_thumb1_case_uqi.o)
                              Core/Src/stm32_adafruit_sd.o (__gnu_thumb1_case_uqi)
/opt/Atollic_TrueSTUDIO_for_STM32_x86_64_9.3.0/ARMTools/bin/../lib/gcc/arm-atollic-eabi/6.3.1/armv6-m/libgcc.a(_thumb1_case_shi.o)
                              Drivers/STM32G0xx_HAL_Driver/Src/stm32g0xx_hal_uart.o (__gnu_thumb1_case_shi)
/opt/Atollic_TrueSTUDIO_for_STM32_x86_64_9.3.0/ARMTools/bin/../lib/gcc/arm-atollic-eabi/6.3.1/armv6-m/libgcc.a(_thumb1_case_uhi.o)
[...]
Memory Configuration

Name             Origin             Length             Attributes
RAM              0x0000000020000000 0x0000000000009000 xrw
FLASH            0x0000000008000000 0x0000000000020000 xr
*default*        0x0000000000000000 0xffffffffffffffff

Linker script and memory map

LOAD /opt/Atollic_TrueSTUDIO_for_STM32_x86_64_9.3.0/ARMTools/bin/../lib/gcc/arm-atollic-eabi/6.3.1/armv6-m/crti.o
LOAD /opt/Atollic_TrueSTUDIO_for_STM32_x86_64_9.3.0/ARMTools/bin/../lib/gcc/arm-atollic-eabi/6.3.1/armv6-m/crtbegin.o
LOAD Core/Src/main.o
LOAD Core/Src/stm32_adafruit_sd.o
LOAD Core/Src/stm32g0xx_hal_msp.o
LOAD Core/Src/stm32g0xx_it.o
LOAD Core/Src/stm32g0xx_nucleo.o
LOAD Core/Src/syscalls.o
LOAD Core/Src/system_stm32g0xx.o
LOAD Drivers/STM32G0xx_HAL_Driver/Src/stm32g0xx_hal.o
LOAD Drivers/STM32G0xx_HAL_Driver/Src/stm32g0xx_hal_cortex.o
LOAD Drivers/STM32G0xx_HAL_Driver/Src/stm32g0xx_hal_dma.o
LOAD Drivers/STM32G0xx_HAL_Driver/Src/stm32g0xx_hal_dma_ex.o
LOAD Drivers/STM32G0xx_HAL_Driver/Src/stm32g0xx_hal_exti.o
LOAD Drivers/STM32G0xx_HAL_Driver/Src/stm32g0xx_hal_flash.o
LOAD Drivers/STM32G0xx_HAL_Driver/Src/stm32g0xx_hal_flash_ex.o
LOAD Drivers/STM32G0xx_HAL_Driver/Src/stm32g0xx_hal_gpio.o
LOAD Drivers/STM32G0xx_HAL_Driver/Src/stm32g0xx_hal_pwr.o
LOAD Drivers/STM32G0xx_HAL_Driver/Src/stm32g0xx_hal_pwr_ex.o
LOAD Drivers/STM32G0xx_HAL_Driver/Src/stm32g0xx_hal_rcc.o
LOAD Drivers/STM32G0xx_HAL_Driver/Src/stm32g0xx_hal_rcc_ex.o
LOAD Drivers/STM32G0xx_HAL_Driver/Src/stm32g0xx_hal_rtc.o
LOAD Drivers/STM32G0xx_HAL_Driver/Src/stm32g0xx_hal_rtc_ex.o
LOAD Drivers/STM32G0xx_HAL_Driver/Src/stm32g0xx_hal_spi.o
LOAD Drivers/STM32G0xx_HAL_Driver/Src/stm32g0xx_hal_spi_ex.o
LOAD Drivers/STM32G0xx_HAL_Driver/Src/stm32g0xx_hal_tim.o
LOAD Drivers/STM32G0xx_HAL_Driver/Src/stm32g0xx_hal_tim_ex.o
LOAD Drivers/STM32G0xx_HAL_Driver/Src/stm32g0xx_hal_uart.o
LOAD Drivers/STM32G0xx_HAL_Driver/Src/stm32g0xx_hal_uart_ex.o
LOAD Drivers/STM32G0xx_HAL_Driver/Src/stm32g0xx_ll_rcc.o
LOAD FATFS/App/app_fatfs.o
LOAD FATFS/Target/sd_diskio.o
LOAD Middlewares/Third_Party/FatFs/src/diskio.o
LOAD Middlewares/Third_Party/FatFs/src/ff.o
LOAD Middlewares/Third_Party/FatFs/src/ff_gen_drv.o
LOAD Middlewares/Third_Party/FatFs/src/option/syscall.o
LOAD lvgl/porting/lv_port_disp_template.o
LOAD lvgl/porting/lv_port_fs_template.o
LOAD lvgl/porting/lv_port_indev_template.o
LOAD lvgl/src/lv_core/lv_disp.o
LOAD lvgl/src/lv_core/lv_group.o
LOAD lvgl/src/lv_core/lv_indev.o
LOAD lvgl/src/lv_core/lv_obj.o
LOAD lvgl/src/lv_core/lv_refr.o
LOAD lvgl/src/lv_core/lv_style.o
LOAD lvgl/src/lv_draw/lv_draw.o
LOAD lvgl/src/lv_draw/lv_draw_arc.o
LOAD lvgl/src/lv_draw/lv_draw_basic.o
LOAD lvgl/src/lv_draw/lv_draw_img.o
LOAD lvgl/src/lv_draw/lv_draw_label.o
LOAD lvgl/src/lv_draw/lv_draw_line.o
LOAD lvgl/src/lv_draw/lv_draw_rect.o
LOAD lvgl/src/lv_draw/lv_draw_triangle.o
LOAD lvgl/src/lv_draw/lv_img_cache.o
LOAD lvgl/src/lv_draw/lv_img_decoder.o
LOAD lvgl/src/lv_font/lv_font.o
LOAD lvgl/src/lv_font/lv_font_fmt_txt.o
LOAD lvgl/src/lv_font/lv_font_roboto_12.o
LOAD lvgl/src/lv_font/lv_font_roboto_16.o
LOAD lvgl/src/lv_font/lv_font_roboto_22.o
LOAD lvgl/src/lv_font/lv_font_roboto_28.o
LOAD lvgl/src/lv_font/lv_font_unscii_8.o
LOAD lvgl/src/lv_hal/lv_hal_disp.o
LOAD lvgl/src/lv_hal/lv_hal_indev.o
LOAD lvgl/src/lv_hal/lv_hal_tick.o
LOAD lvgl/src/lv_misc/lv_anim.o
LOAD lvgl/src/lv_misc/lv_area.o
LOAD lvgl/src/lv_misc/lv_async.o
LOAD lvgl/src/lv_misc/lv_circ.o
LOAD lvgl/src/lv_misc/lv_color.o
LOAD lvgl/src/lv_misc/lv_fs.o
LOAD lvgl/src/lv_misc/lv_gc.o
LOAD lvgl/src/lv_misc/lv_ll.o
LOAD lvgl/src/lv_misc/lv_log.o
LOAD lvgl/src/lv_misc/lv_math.o
LOAD lvgl/src/lv_misc/lv_mem.o
LOAD lvgl/src/lv_misc/lv_task.o
LOAD lvgl/src/lv_misc/lv_templ.o
LOAD lvgl/src/lv_misc/lv_txt.o
LOAD lvgl/src/lv_misc/lv_utils.o
LOAD lvgl/src/lv_objx/lv_arc.o
LOAD lvgl/src/lv_objx/lv_bar.o
LOAD lvgl/src/lv_objx/lv_btn.o
LOAD lvgl/src/lv_objx/lv_btnm.o
LOAD lvgl/src/lv_objx/lv_calendar.o
LOAD lvgl/src/lv_objx/lv_canvas.o
LOAD lvgl/src/lv_objx/lv_cb.o
LOAD lvgl/src/lv_objx/lv_chart.o
LOAD lvgl/src/lv_objx/lv_cont.o
LOAD lvgl/src/lv_objx/lv_ddlist.o
LOAD lvgl/src/lv_objx/lv_gauge.o
LOAD lvgl/src/lv_objx/lv_img.o
LOAD lvgl/src/lv_objx/lv_imgbtn.o
LOAD lvgl/src/lv_objx/lv_kb.o
LOAD lvgl/src/lv_objx/lv_label.o
LOAD lvgl/src/lv_objx/lv_led.o
LOAD lvgl/src/lv_objx/lv_line.o
LOAD lvgl/src/lv_objx/lv_list.o
LOAD lvgl/src/lv_objx/lv_lmeter.o
LOAD lvgl/src/lv_objx/lv_mbox.o
LOAD lvgl/src/lv_objx/lv_objx_templ.o
LOAD lvgl/src/lv_objx/lv_page.o
LOAD lvgl/src/lv_objx/lv_preload.o
LOAD lvgl/src/lv_objx/lv_roller.o
LOAD lvgl/src/lv_objx/lv_slider.o
LOAD lvgl/src/lv_objx/lv_spinbox.o
LOAD lvgl/src/lv_objx/lv_sw.o
LOAD lvgl/src/lv_objx/lv_ta.o
LOAD lvgl/src/lv_objx/lv_table.o
LOAD lvgl/src/lv_objx/lv_tabview.o
LOAD lvgl/src/lv_objx/lv_tileview.o
LOAD lvgl/src/lv_objx/lv_win.o
LOAD lvgl/src/lv_themes/lv_theme.o
LOAD lvgl/src/lv_themes/lv_theme_alien.o
LOAD lvgl/src/lv_themes/lv_theme_default.o
LOAD lvgl/src/lv_themes/lv_theme_material.o
LOAD lvgl/src/lv_themes/lv_theme_mono.o
LOAD lvgl/src/lv_themes/lv_theme_nemo.o
LOAD lvgl/src/lv_themes/lv_theme_night.o
LOAD lvgl/src/lv_themes/lv_theme_templ.o
LOAD lvgl/src/lv_themes/lv_theme_zen.o
LOAD startup/startup_stm32g070xx.o
                0x0000000000000080                malloc_getpagesize_P = 0x80
START GROUP
LOAD /opt/Atollic_TrueSTUDIO_for_STM32_x86_64_9.3.0/ARMTools/bin/../lib/gcc/arm-atollic-eabi/6.3.1/../../../../arm-atollic-eabi/lib/armv6-m/libc.a
LOAD /opt/Atollic_TrueSTUDIO_for_STM32_x86_64_9.3.0/ARMTools/bin/../lib/gcc/arm-atollic-eabi/6.3.1/../../../../arm-atollic-eabi/lib/armv6-m/libm.a
END GROUP
START GROUP
LOAD /opt/Atollic_TrueSTUDIO_for_STM32_x86_64_9.3.0/ARMTools/bin/../lib/gcc/arm-atollic-eabi/6.3.1/armv6-m/libgcc.a
LOAD /opt/Atollic_TrueSTUDIO_for_STM32_x86_64_9.3.0/ARMTools/bin/../lib/gcc/arm-atollic-eabi/6.3.1/../../../../arm-atollic-eabi/lib/armv6-m/libc.a
END GROUP
START GROUP
LOAD /opt/Atollic_TrueSTUDIO_for_STM32_x86_64_9.3.0/ARMTools/bin/../lib/gcc/arm-atollic-eabi/6.3.1/armv6-m/libgcc.a
LOAD /opt/Atollic_TrueSTUDIO_for_STM32_x86_64_9.3.0/ARMTools/bin/../lib/gcc/arm-atollic-eabi/6.3.1/../../../../arm-atollic-eabi/lib/armv6-m/libc.a
LOAD /opt/Atollic_TrueSTUDIO_for_STM32_x86_64_9.3.0/ARMTools/bin/../lib/gcc/arm-atollic-eabi/6.3.1/../../../../arm-atollic-eabi/lib/armv6-m/libnosys.a
END GROUP
LOAD /opt/Atollic_TrueSTUDIO_for_STM32_x86_64_9.3.0/ARMTools/bin/../lib/gcc/arm-atollic-eabi/6.3.1/armv6-m/crtend.o
LOAD /opt/Atollic_TrueSTUDIO_for_STM32_x86_64_9.3.0/ARMTools/bin/../lib/gcc/arm-atollic-eabi/6.3.1/armv6-m/crtn.o
                0x0000000020009000                _estack = 0x20009000
                0x0000000000000200                _Min_Heap_Size = 0x200
                0x0000000000000400                _Min_Stack_Size = 0x400

.isr_vector     0x0000000008000000       0xb8
                0x0000000008000000                . = ALIGN (0x4)
 *(.isr_vector)
 .isr_vector    0x0000000008000000       0xb8 startup/startup_stm32g070xx.o
                0x0000000008000000                g_pfnVectors
                0x00000000080000b8                . = ALIGN (0x4)

.text           0x00000000080000b8     0x4db8
                0x00000000080000b8                . = ALIGN (0x4)
 *(.text)
 .text          0x00000000080000b8       0x48 /opt/Atollic_TrueSTUDIO_for_STM32_x86_64_9.3.0/ARMTools/bin/../lib/gcc/arm-atollic-eabi/6.3.1/armv6-m/crtbegin.o
 .text          0x0000000008000100       0x14 /opt/Atollic_TrueSTUDIO_for_STM32_x86_64_9.3.0/ARMTools/bin/../lib/gcc/arm-atollic-eabi/6.3.1/../../../../arm-atollic-eabi/lib/armv6-m/libc.a(lib_a-strcmp.o)
                0x0000000008000100                strcmp
 .text          0x0000000008000114        0xe /opt/Atollic_TrueSTUDIO_for_STM32_x86_64_9.3.0/ARMTools/bin/../lib/gcc/arm-atollic-eabi/6.3.1/../../../../arm-atollic-eabi/lib/armv6-m/libc.a(lib_a-strlen.o)
                0x0000000008000114                strlen
 *fill*         0x0000000008000122        0x2 
 .text          0x0000000008000124       0x14 /opt/Atollic_TrueSTUDIO_for_STM32_x86_64_9.3.0/ARMTools/bin/../lib/gcc/arm-atollic-eabi/6.3.1/armv6-m/libgcc.a(_thumb1_case_uqi.o)
                0x0000000008000124                __gnu_thumb1_case_uqi
 .text          0x0000000008000138       0x14 /opt/Atollic_TrueSTUDIO_for_STM32_x86_64_9.3.0/ARMTools/bin/../lib/gcc/arm-atollic-eabi/6.3.1/armv6-m/libgcc.a(_thumb1_case_shi.o)
                0x0000000008000138                __gnu_thumb1_case_shi
 .text          0x000000000800014c      0x114 /opt/Atollic_TrueSTUDIO_for_STM32_x86_64_9.3.0/ARMTools/bin/../lib/gcc/arm-atollic-eabi/6.3.1/armv6-m/libgcc.a(_udivsi3.o)
                0x000000000800014c                __udivsi3
                0x000000000800014c                __aeabi_uidiv
                0x0000000008000258                __aeabi_uidivmod
 .text          0x0000000008000260      0x1d4 /opt/Atollic_TrueSTUDIO_for_STM32_x86_64_9.3.0/ARMTools/bin/../lib/gcc/arm-atollic-eabi/6.3.1/armv6-m/libgcc.a(_divsi3.o)
                0x0000000008000260                __aeabi_idiv
                0x0000000008000260                __divsi3
                0x000000000800042c                __aeabi_idivmod
 .text          0x0000000008000434        0x4 /opt/Atollic_TrueSTUDIO_for_STM32_x86_64_9.3.0/ARMTools/bin/../lib/gcc/arm-atollic-eabi/6.3.1/armv6-m/libgcc.a(_dvmd_tls.o)
                0x0000000008000434                __aeabi_ldiv0
                0x0000000008000434                __aeabi_idiv0
 *(.text*)
 .text.SystemClock_Config
                0x0000000008000438       0x98 Core/Src/main.o
                0x0000000008000438                SystemClock_Config
 .text.startup.main
                0x00000000080004d0      0x160 Core/Src/main.o
                0x00000000080004d0                main
 .text.SD_ReadData
                0x0000000008000630       0x18 Core/Src/stm32_adafruit_sd.o
 .text.SD_SendCmd
                0x0000000008000648       0xdc Core/Src/stm32_adafruit_sd.o
 .text.SD_WaitData.constprop.0
                0x0000000008000724       0x28 Core/Src/stm32_adafruit_sd.o
 .text.BSP_SD_Init
                0x000000000800074c      0x184 Core/Src/stm32_adafruit_sd.o
                0x000000000800074c                BSP_SD_Init
 .text.BSP_SD_GetCardInfo
                0x00000000080008d0      0x38c Core/Src/stm32_adafruit_sd.o
                0x00000000080008d0                BSP_SD_GetCardInfo
 .text.BSP_SD_ReadBlocks
                0x0000000008000c5c       0xe4 Core/Src/stm32_adafruit_sd.o
                0x0000000008000c5c                BSP_SD_ReadBlocks
 .text.BSP_SD_WriteBlocks
                0x0000000008000d40      0x118 Core/Src/stm32_adafruit_sd.o
                0x0000000008000d40                BSP_SD_WriteBlocks
 .text.BSP_SD_GetCardState
                0x0000000008000e58       0x34 Core/Src/stm32_adafruit_sd.o
                0x0000000008000e58                BSP_SD_GetCardState
 .text.HAL_MspInit
                0x0000000008000e8c       0x30 Core/Src/stm32g0xx_hal_msp.o
                0x0000000008000e8c                HAL_MspInit
 .text.HAL_RTC_MspInit
                0x0000000008000ebc       0x34 Core/Src/stm32g0xx_hal_msp.o
                0x0000000008000ebc                HAL_RTC_MspInit
 .text.HAL_SPI_MspInit
                0x0000000008000ef0       0x5c Core/Src/stm32g0xx_hal_msp.o
                0x0000000008000ef0                HAL_SPI_MspInit
 .text.HAL_SPI_MspDeInit
                0x0000000008000f4c       0x30 Core/Src/stm32g0xx_hal_msp.o
                0x0000000008000f4c                HAL_SPI_MspDeInit
 .text.HAL_UART_MspInit
                0x0000000008000f7c       0x5c Core/Src/stm32g0xx_hal_msp.o
                0x0000000008000f7c                HAL_UART_MspInit
 .text.NMI_Handler
                0x0000000008000fd8        0x2 Core/Src/stm32g0xx_it.o
                0x0000000008000fd8                NMI_Handler
 .text.HardFault_Handler
                0x0000000008000fda        0x2 Core/Src/stm32g0xx_it.o
                0x0000000008000fda                HardFault_Handler
 .text.SVC_Handler
                0x0000000008000fdc        0x2 Core/Src/stm32g0xx_it.o
                0x0000000008000fdc                SVC_Handler
 .text.PendSV_Handler
                0x0000000008000fde        0x2 Core/Src/stm32g0xx_it.o
                0x0000000008000fde                PendSV_Handler
 .text.SysTick_Handler
                0x0000000008000fe0        0xe Core/Src/stm32g0xx_it.o
                0x0000000008000fe0                SysTick_Handler
 *fill*         0x0000000008000fee        0x2 
 .text.SPIx_Init
                0x0000000008000ff0       0xc8 Core/Src/stm32g0xx_nucleo.o
 .text.SPIx_WriteReadData
                0x00000000080010b8       0x30 Core/Src/stm32g0xx_nucleo.o
 .text.SD_IO_CSState
                0x00000000080010e8       0x1c Core/Src/stm32g0xx_nucleo.o
                0x00000000080010e8                SD_IO_CSState
 .text.SD_IO_WriteReadData
                0x0000000008001104        0x8 Core/Src/stm32g0xx_nucleo.o
                0x0000000008001104                SD_IO_WriteReadData
 .text.SD_IO_WriteByte
                0x000000000800110c       0x1c Core/Src/stm32g0xx_nucleo.o
                0x000000000800110c                SD_IO_WriteByte
 .text.SD_IO_Init
                0x0000000008001128       0x88 Core/Src/stm32g0xx_nucleo.o
                0x0000000008001128                SD_IO_Init
 .text._sbrk    0x00000000080011b0       0x34 Core/Src/syscalls.o
                0x00000000080011b0                _sbrk
 .text.SystemInit
                0x00000000080011e4       0x10 Core/Src/system_stm32g0xx.o
                0x00000000080011e4                SystemInit
 .text.HAL_InitTick
                0x00000000080011f4       0x50 Drivers/STM32G0xx_HAL_Driver/Src/stm32g0xx_hal.o
                0x00000000080011f4                HAL_InitTick
 .text.HAL_Init
                0x0000000008001244       0x28 Drivers/STM32G0xx_HAL_Driver/Src/stm32g0xx_hal.o
                0x0000000008001244                HAL_Init
 .text.HAL_IncTick
                0x000000000800126c       0x18 Drivers/STM32G0xx_HAL_Driver/Src/stm32g0xx_hal.o
                0x000000000800126c                HAL_IncTick
 .text.HAL_GetTick
                0x0000000008001284        0xc Drivers/STM32G0xx_HAL_Driver/Src/stm32g0xx_hal.o
                0x0000000008001284                HAL_GetTick
 .text.HAL_Delay
                0x0000000008001290       0x24 Drivers/STM32G0xx_HAL_Driver/Src/stm32g0xx_hal.o
                0x0000000008001290                HAL_Delay
 .text.HAL_NVIC_SetPriority
                0x00000000080012b4       0x60 Drivers/STM32G0xx_HAL_Driver/Src/stm32g0xx_hal_cortex.o
                0x00000000080012b4                HAL_NVIC_SetPriority
 .text.HAL_SYSTICK_Config
                0x0000000008001314       0x34 Drivers/STM32G0xx_HAL_Driver/Src/stm32g0xx_hal_cortex.o
                0x0000000008001314                HAL_SYSTICK_Config
 .text.HAL_GPIO_Init
                0x0000000008001348      0x150 Drivers/STM32G0xx_HAL_Driver/Src/stm32g0xx_hal_gpio.o
                0x0000000008001348                HAL_GPIO_Init
 .text.HAL_GPIO_DeInit
                0x0000000008001498       0xec Drivers/STM32G0xx_HAL_Driver/Src/stm32g0xx_hal_gpio.o
                0x0000000008001498                HAL_GPIO_DeInit
 .text.HAL_GPIO_WritePin
                0x0000000008001584        0xc Drivers/STM32G0xx_HAL_Driver/Src/stm32g0xx_hal_gpio.o
                0x0000000008001584                HAL_GPIO_WritePin
 .text.HAL_PWREx_ControlVoltageScaling
                0x0000000008001590       0x54 Drivers/STM32G0xx_HAL_Driver/Src/stm32g0xx_hal_pwr_ex.o
                0x0000000008001590                HAL_PWREx_ControlVoltageScaling
 .text.HAL_RCC_OscConfig
                0x00000000080015e4      0x440 Drivers/STM32G0xx_HAL_Driver/Src/stm32g0xx_hal_rcc.o
                0x00000000080015e4                HAL_RCC_OscConfig
 .text.HAL_RCC_GetSysClockFreq
                0x0000000008001a24       0x8c Drivers/STM32G0xx_HAL_Driver/Src/stm32g0xx_hal_rcc.o
                0x0000000008001a24                HAL_RCC_GetSysClockFreq
 .text.HAL_RCC_ClockConfig
                0x0000000008001ab0      0x15c Drivers/STM32G0xx_HAL_Driver/Src/stm32g0xx_hal_rcc.o
                0x0000000008001ab0                HAL_RCC_ClockConfig
 .text.HAL_RCC_GetPCLK1Freq
                0x0000000008001c0c       0x28 Drivers/STM32G0xx_HAL_Driver/Src/stm32g0xx_hal_rcc.o
                0x0000000008001c0c                HAL_RCC_GetPCLK1Freq
 .text.HAL_RCCEx_PeriphCLKConfig
                0x0000000008001c34      0x160 Drivers/STM32G0xx_HAL_Driver/Src/stm32g0xx_hal_rcc_ex.o
                0x0000000008001c34                HAL_RCCEx_PeriphCLKConfig
 .text.HAL_RTC_WaitForSynchro
                0x0000000008001d94       0x34 Drivers/STM32G0xx_HAL_Driver/Src/stm32g0xx_hal_rtc.o
                0x0000000008001d94                HAL_RTC_WaitForSynchro
 .text.RTC_EnterInitMode
                0x0000000008001dc8       0x46 Drivers/STM32G0xx_HAL_Driver/Src/stm32g0xx_hal_rtc.o
                0x0000000008001dc8                RTC_EnterInitMode
 *fill*         0x0000000008001e0e        0x2 
 .text.RTC_ExitInitMode
                0x0000000008001e10       0x48 Drivers/STM32G0xx_HAL_Driver/Src/stm32g0xx_hal_rtc.o
                0x0000000008001e10                RTC_ExitInitMode
 .text.HAL_RTC_Init
                0x0000000008001e58       0xa0 Drivers/STM32G0xx_HAL_Driver/Src/stm32g0xx_hal_rtc.o
                0x0000000008001e58                HAL_RTC_Init
 .text.SPI_WaitFifoStateUntilTimeout.part.1
                0x0000000008001ef8       0x60 Drivers/STM32G0xx_HAL_Driver/Src/stm32g0xx_hal_spi.o
 .text.SPI_WaitFlagStateUntilTimeout.constprop.10
                0x0000000008001f58       0x28 Drivers/STM32G0xx_HAL_Driver/Src/stm32g0xx_hal_spi.o
 .text.SPI_WaitFifoStateUntilTimeout.constprop.11
                0x0000000008001f80       0x34 Drivers/STM32G0xx_HAL_Driver/Src/stm32g0xx_hal_spi.o
 .text.SPI_EndRxTxTransaction
                0x0000000008001fb4       0x46 Drivers/STM32G0xx_HAL_Driver/Src/stm32g0xx_hal_spi.o
 *fill*         0x0000000008001ffa        0x2 
 .text.HAL_SPI_Init
                0x0000000008001ffc       0xbc Drivers/STM32G0xx_HAL_Driver/Src/stm32g0xx_hal_spi.o
                0x0000000008001ffc                HAL_SPI_Init
 .text.HAL_SPI_DeInit
                0x00000000080020b8       0x2e Drivers/STM32G0xx_HAL_Driver/Src/stm32g0xx_hal_spi.o
                0x00000000080020b8                HAL_SPI_DeInit
 *fill*         0x00000000080020e6        0x2 
 .text.HAL_SPI_TransmitReceive
                0x00000000080020e8      0x264 Drivers/STM32G0xx_HAL_Driver/Src/stm32g0xx_hal_spi.o
                0x00000000080020e8                HAL_SPI_TransmitReceive
 .text.HAL_SPI_GetState
                0x000000000800234c        0x8 Drivers/STM32G0xx_HAL_Driver/Src/stm32g0xx_hal_spi.o
                0x000000000800234c                HAL_SPI_GetState
 .text.UART_SetConfig
                0x0000000008002354      0x404 Drivers/STM32G0xx_HAL_Driver/Src/stm32g0xx_hal_uart.o
                0x0000000008002354                UART_SetConfig
 .text.UART_AdvFeatureConfig
                0x0000000008002758       0xd0 Drivers/STM32G0xx_HAL_Driver/Src/stm32g0xx_hal_uart.o
                0x0000000008002758                UART_AdvFeatureConfig
 .text.UART_WaitOnFlagUntilTimeout
                0x0000000008002828       0x64 Drivers/STM32G0xx_HAL_Driver/Src/stm32g0xx_hal_uart.o
                0x0000000008002828                UART_WaitOnFlagUntilTimeout
 .text.UART_CheckIdleState
                0x000000000800288c       0x68 Drivers/STM32G0xx_HAL_Driver/Src/stm32g0xx_hal_uart.o
                0x000000000800288c                UART_CheckIdleState
 .text.HAL_UART_Init
                0x00000000080028f4       0x68 Drivers/STM32G0xx_HAL_Driver/Src/stm32g0xx_hal_uart.o
                0x00000000080028f4                HAL_UART_Init
 .text.UARTEx_SetNbDataToProcess
                0x000000000800295c       0x7c Drivers/STM32G0xx_HAL_Driver/Src/stm32g0xx_hal_uart_ex.o
 .text.HAL_UARTEx_DisableFifoMode
                0x00000000080029d8       0x38 Drivers/STM32G0xx_HAL_Driver/Src/stm32g0xx_hal_uart_ex.o
                0x00000000080029d8                HAL_UARTEx_DisableFifoMode
 .text.HAL_UARTEx_SetTxFifoThreshold
                0x0000000008002a10       0x42 Drivers/STM32G0xx_HAL_Driver/Src/stm32g0xx_hal_uart_ex.o
                0x0000000008002a10                HAL_UARTEx_SetTxFifoThreshold
 *fill*         0x0000000008002a52        0x2 
 .text.HAL_UARTEx_SetRxFifoThreshold
                0x0000000008002a54       0x48 Drivers/STM32G0xx_HAL_Driver/Src/stm32g0xx_hal_uart_ex.o
                0x0000000008002a54                HAL_UARTEx_SetRxFifoThreshold
 .text.MX_FATFS_Init
                0x0000000008002a9c       0x28 FATFS/App/app_fatfs.o
                0x0000000008002a9c                MX_FATFS_Init
 .text.SD_CheckStatus.isra.0
                0x0000000008002ac4       0x20 FATFS/Target/sd_diskio.o
 .text.SD_initialize
                0x0000000008002ae4       0x20 FATFS/Target/sd_diskio.o
                0x0000000008002ae4                SD_initialize
 .text.SD_status
                0x0000000008002b04        0x8 FATFS/Target/sd_diskio.o
                0x0000000008002b04                SD_status
 .text.SD_read  0x0000000008002b0c       0x24 FATFS/Target/sd_diskio.o
                0x0000000008002b0c                SD_read
 .text.SD_ioctl
                0x0000000008002b30       0x4c FATFS/Target/sd_diskio.o
                0x0000000008002b30                SD_ioctl
 .text.SD_write
                0x0000000008002b7c       0x24 FATFS/Target/sd_diskio.o
                0x0000000008002b7c                SD_write
 .text.FATFS_LinkDriverEx
                0x0000000008002ba0       0x44 Middlewares/Third_Party/FatFs/src/ff_gen_drv.o
                0x0000000008002ba0                FATFS_LinkDriverEx
 .text.FATFS_LinkDriver
                0x0000000008002be4        0xa Middlewares/Third_Party/FatFs/src/ff_gen_drv.o
                0x0000000008002be4                FATFS_LinkDriver
 *fill*         0x0000000008002bee        0x2 
 .text.lv_group_init
                0x0000000008002bf0       0x10 lvgl/src/lv_core/lv_group.o
                0x0000000008002bf0                lv_group_init
 .text.lv_indev_reset.part.1
                0x0000000008002c00       0x20 lvgl/src/lv_core/lv_indev.o
 .text.lv_indev_init
                0x0000000008002c20        0x8 lvgl/src/lv_core/lv_indev.o
                0x0000000008002c20                lv_indev_init
 .text.lv_init  0x0000000008002c28       0x58 lvgl/src/lv_core/lv_obj.o
                0x0000000008002c28                lv_init
 .text.lv_refr_init
                0x0000000008002c80        0x2 lvgl/src/lv_core/lv_refr.o
                0x0000000008002c80                lv_refr_init
 .text.lv_style_copy
                0x0000000008002c82        0xa lvgl/src/lv_core/lv_style.o
                0x0000000008002c82                lv_style_copy
 .text.lv_style_init
                0x0000000008002c8c      0x7f4 lvgl/src/lv_core/lv_style.o
                0x0000000008002c8c                lv_style_init
 .text.lv_img_color_format_get_px_size
                0x0000000008003480       0x14 lvgl/src/lv_draw/lv_draw_img.o
                0x0000000008003480                lv_img_color_format_get_px_size
 .text.lv_img_src_get_type
                0x0000000008003494       0x1a lvgl/src/lv_draw/lv_draw_img.o
                0x0000000008003494                lv_img_src_get_type
 *fill*         0x00000000080034ae        0x2 
 .text.lv_img_cache_invalidate_src
                0x00000000080034b0       0x4c lvgl/src/lv_draw/lv_img_cache.o
                0x00000000080034b0                lv_img_cache_invalidate_src
 .text.lv_img_cache_set_size
                0x00000000080034fc       0x5c lvgl/src/lv_draw/lv_img_cache.o
                0x00000000080034fc                lv_img_cache_set_size
 .text.lv_img_decoder_built_in_close
                0x0000000008003558       0x30 lvgl/src/lv_draw/lv_img_decoder.o
                0x0000000008003558                lv_img_decoder_built_in_close
 .text.lv_img_decoder_built_in_open
                0x0000000008003588      0x14c lvgl/src/lv_draw/lv_img_decoder.o
                0x0000000008003588                lv_img_decoder_built_in_open
 .text.lv_img_decoder_built_in_info
                0x00000000080036d4       0xb4 lvgl/src/lv_draw/lv_img_decoder.o
                0x00000000080036d4                lv_img_decoder_built_in_info
 .text.lv_img_decoder_built_in_read_line
                0x0000000008003788      0x304 lvgl/src/lv_draw/lv_img_decoder.o
                0x0000000008003788                lv_img_decoder_built_in_read_line
 .text.lv_img_decoder_close
                0x0000000008003a8c       0x14 lvgl/src/lv_draw/lv_img_decoder.o
                0x0000000008003a8c                lv_img_decoder_close
 .text.lv_img_decoder_create
                0x0000000008003aa0       0x20 lvgl/src/lv_draw/lv_img_decoder.o
                0x0000000008003aa0                lv_img_decoder_create
 .text.lv_img_decoder_init
                0x0000000008003ac0       0x3c lvgl/src/lv_draw/lv_img_decoder.o
                0x0000000008003ac0                lv_img_decoder_init
 .text.kern_pair_8_compare
                0x0000000008003afc       0x14 lvgl/src/lv_font/lv_font_fmt_txt.o
 .text.kern_pair_16_compare
                0x0000000008003b10       0x14 lvgl/src/lv_font/lv_font_fmt_txt.o
 .text.unicode_list_compare
                0x0000000008003b24        0x8 lvgl/src/lv_font/lv_font_fmt_txt.o
 .text.get_glyph_dsc_id.isra.0.part.1
                0x0000000008003b2c       0xac lvgl/src/lv_font/lv_font_fmt_txt.o
 .text.lv_font_get_bitmap_fmt_txt
                0x0000000008003bd8       0x2c lvgl/src/lv_font/lv_font_fmt_txt.o
                0x0000000008003bd8                lv_font_get_bitmap_fmt_txt
 .text.lv_font_get_glyph_dsc_fmt_txt
                0x0000000008003c04      0x114 lvgl/src/lv_font/lv_font_fmt_txt.o
                0x0000000008003c04                lv_font_get_glyph_dsc_fmt_txt
 .text.lv_disp_buf_init
                0x0000000008003d18       0x1c lvgl/src/lv_hal/lv_hal_disp.o
                0x0000000008003d18                lv_disp_buf_init
 .text.lv_indev_get_next
                0x0000000008003d34       0x1c lvgl/src/lv_hal/lv_hal_indev.o
                0x0000000008003d34                lv_indev_get_next
 .text.lv_tick_inc
                0x0000000008003d50       0x18 lvgl/src/lv_hal/lv_hal_tick.o
                0x0000000008003d50                lv_tick_inc
 .text.lv_tick_get
                0x0000000008003d68       0x1c lvgl/src/lv_hal/lv_hal_tick.o
                0x0000000008003d68                lv_tick_get
 .text.lv_tick_elaps
                0x0000000008003d84        0xc lvgl/src/lv_hal/lv_hal_tick.o
                0x0000000008003d84                lv_tick_elaps
 .text.anim_task
                0x0000000008003d90      0x110 lvgl/src/lv_misc/lv_anim.o
 .text.lv_anim_core_init
                0x0000000008003ea0       0x2c lvgl/src/lv_misc/lv_anim.o
                0x0000000008003ea0                lv_anim_core_init
 .text.lv_fs_get_real_path
                0x0000000008003ecc       0x16 lvgl/src/lv_misc/lv_fs.o
 *fill*         0x0000000008003ee2        0x2 
 .text.lv_fs_init
                0x0000000008003ee4       0x10 lvgl/src/lv_misc/lv_fs.o
                0x0000000008003ee4                lv_fs_init
 .text.lv_fs_close
                0x0000000008003ef4       0x2a lvgl/src/lv_misc/lv_fs.o
                0x0000000008003ef4                lv_fs_close
 .text.lv_fs_read
                0x0000000008003f1e       0x3c lvgl/src/lv_misc/lv_fs.o
                0x0000000008003f1e                lv_fs_read
 .text.lv_fs_seek
                0x0000000008003f5a       0x20 lvgl/src/lv_misc/lv_fs.o
                0x0000000008003f5a                lv_fs_seek
 *fill*         0x0000000008003f7a        0x2 
 .text.lv_fs_get_drv
                0x0000000008003f7c       0x28 lvgl/src/lv_misc/lv_fs.o
                0x0000000008003f7c                lv_fs_get_drv
 .text.lv_fs_open
                0x0000000008003fa4       0x84 lvgl/src/lv_misc/lv_fs.o
                0x0000000008003fa4                lv_fs_open
 .text.lv_fs_get_ext
                0x0000000008004028       0x30 lvgl/src/lv_misc/lv_fs.o
                0x0000000008004028                lv_fs_get_ext
 .text.node_set_next.isra.0
                0x0000000008004058       0x24 lvgl/src/lv_misc/lv_ll.o
 .text.node_set_prev.isra.2
                0x000000000800407c       0x22 lvgl/src/lv_misc/lv_ll.o
 .text.lv_ll_init
                0x000000000800409e       0x14 lvgl/src/lv_misc/lv_ll.o
                0x000000000800409e                lv_ll_init
 .text.lv_ll_ins_head
                0x00000000080040b2       0x40 lvgl/src/lv_misc/lv_ll.o
                0x00000000080040b2                lv_ll_ins_head
 .text.lv_ll_ins_tail
                0x00000000080040f2       0x40 lvgl/src/lv_misc/lv_ll.o
                0x00000000080040f2                lv_ll_ins_tail
 .text.lv_ll_get_head
                0x0000000008004132        0x8 lvgl/src/lv_misc/lv_ll.o
                0x0000000008004132                lv_ll_get_head
 .text.lv_ll_get_next
                0x000000000800413a       0x1c lvgl/src/lv_misc/lv_ll.o
                0x000000000800413a                lv_ll_get_next
 .text.lv_ll_get_prev
                0x0000000008004156       0x1a lvgl/src/lv_misc/lv_ll.o
                0x0000000008004156                lv_ll_get_prev
 .text.lv_ll_ins_prev
                0x0000000008004170       0x64 lvgl/src/lv_misc/lv_ll.o
                0x0000000008004170                lv_ll_ins_prev
 .text.lv_ll_rem
                0x00000000080041d4       0x70 lvgl/src/lv_misc/lv_ll.o
                0x00000000080041d4                lv_ll_rem
 .text.lv_ll_move_before
                0x0000000008004244       0x96 lvgl/src/lv_misc/lv_ll.o
                0x0000000008004244                lv_ll_move_before
 *fill*         0x00000000080042da        0x2 
 .text.ent_get_next
                0x00000000080042dc       0x28 lvgl/src/lv_misc/lv_mem.o
 .text.ent_trunc
                0x0000000008004304       0x46 lvgl/src/lv_misc/lv_mem.o
 *fill*         0x000000000800434a        0x2 
 .text.lv_mem_init
                0x000000000800434c       0x28 lvgl/src/lv_misc/lv_mem.o
                0x000000000800434c                lv_mem_init
 .text.lv_mem_alloc
                0x0000000008004374       0x50 lvgl/src/lv_misc/lv_mem.o
                0x0000000008004374                lv_mem_alloc
 .text.lv_mem_get_size
                0x00000000080043c4       0x18 lvgl/src/lv_misc/lv_mem.o
                0x00000000080043c4                lv_mem_get_size
 .text.lv_mem_free
                0x00000000080043dc       0x54 lvgl/src/lv_misc/lv_mem.o
                0x00000000080043dc                lv_mem_free
 .text.lv_task_core_init
                0x0000000008004430       0x1c lvgl/src/lv_misc/lv_task.o
                0x0000000008004430                lv_task_core_init
 .text.lv_task_create_basic
                0x000000000800444c       0x7c lvgl/src/lv_misc/lv_task.o
                0x000000000800444c                lv_task_create_basic
 .text.lv_task_del
                0x00000000080044c8       0x30 lvgl/src/lv_misc/lv_task.o
                0x00000000080044c8                lv_task_del
 .text.lv_task_exec
                0x00000000080044f8       0x4c lvgl/src/lv_misc/lv_task.o
 .text.lv_task_handler
                0x0000000008004544      0x10c lvgl/src/lv_misc/lv_task.o
                0x0000000008004544                lv_task_handler
 .text.lv_task_set_prio
                0x0000000008004650       0x50 lvgl/src/lv_misc/lv_task.o
                0x0000000008004650                lv_task_set_prio
 .text.lv_task_create
                0x00000000080046a0       0x26 lvgl/src/lv_misc/lv_task.o
                0x00000000080046a0                lv_task_create
 .text.lv_utils_bsearch
                0x00000000080046c6       0x3c lvgl/src/lv_misc/lv_utils.o
                0x00000000080046c6                lv_utils_bsearch
 *fill*         0x0000000008004702        0x2 
 .text.Reset_Handler
                0x0000000008004704       0x50 startup/startup_stm32g070xx.o
                0x0000000008004704                Reset_Handler
 .text.Default_Handler
                0x0000000008004754        0x2 startup/startup_stm32g070xx.o
                0x0000000008004754                TIM1_CC_IRQHandler
                0x0000000008004754                TIM6_IRQHandler
                0x0000000008004754                I2C1_IRQHandler
                0x0000000008004754                RTC_TAMP_IRQHandler
                0x0000000008004754                SPI1_IRQHandler
                0x0000000008004754                USART3_4_IRQHandler
                0x0000000008004754                EXTI2_3_IRQHandler
                0x0000000008004754                ADC1_IRQHandler
                0x0000000008004754                I2C2_IRQHandler
                0x0000000008004754                TIM17_IRQHandler
                0x0000000008004754                TIM16_IRQHandler
                0x0000000008004754                TIM3_IRQHandler
                0x0000000008004754                EXTI4_15_IRQHandler
                0x0000000008004754                RCC_IRQHandler
                0x0000000008004754                DMA1_Channel1_IRQHandler
                0x0000000008004754                Default_Handler
                0x0000000008004754                TIM14_IRQHandler
                0x0000000008004754                TIM7_IRQHandler
                0x0000000008004754                TIM15_IRQHandler
                0x0000000008004754                EXTI0_1_IRQHandler
                0x0000000008004754                SPI2_IRQHandler
                0x0000000008004754                WWDG_IRQHandler
                0x0000000008004754                DMA1_Ch4_7_DMAMUX1_OVR_IRQHandler
                0x0000000008004754                DMA1_Channel2_3_IRQHandler
                0x0000000008004754                USART2_IRQHandler
                0x0000000008004754                FLASH_IRQHandler
                0x0000000008004754                USART1_IRQHandler
                0x0000000008004754                TIM1_BRK_UP_TRG_COM_IRQHandler
 *fill*         0x0000000008004756        0x2 
 .text.__errno  0x0000000008004758        0xc /opt/Atollic_TrueSTUDIO_for_STM32_x86_64_9.3.0/ARMTools/bin/../lib/gcc/arm-atollic-eabi/6.3.1/../../../../arm-atollic-eabi/lib/armv6-m/libc.a(lib_a-errno.o)
                0x0000000008004758                __errno
 .text.__libc_init_array
                0x0000000008004764       0x48 /opt/Atollic_TrueSTUDIO_for_STM32_x86_64_9.3.0/ARMTools/bin/../lib/gcc/arm-atollic-eabi/6.3.1/../../../../arm-atollic-eabi/lib/armv6-m/libc.a(lib_a-init.o)
                0x0000000008004764                __libc_init_array
 .text.malloc   0x00000000080047ac       0x14 /opt/Atollic_TrueSTUDIO_for_STM32_x86_64_9.3.0/ARMTools/bin/../lib/gcc/arm-atollic-eabi/6.3.1/../../../../arm-atollic-eabi/lib/armv6-m/libc.a(lib_a-malloc.o)
                0x00000000080047ac                malloc
 .text.free     0x00000000080047c0       0x14 /opt/Atollic_TrueSTUDIO_for_STM32_x86_64_9.3.0/ARMTools/bin/../lib/gcc/arm-atollic-eabi/6.3.1/../../../../arm-atollic-eabi/lib/armv6-m/libc.a(lib_a-malloc.o)
                0x00000000080047c0                free
 .text._malloc_r
                0x00000000080047d4      0x408 /opt/Atollic_TrueSTUDIO_for_STM32_x86_64_9.3.0/ARMTools/bin/../lib/gcc/arm-atollic-eabi/6.3.1/../../../../arm-atollic-eabi/lib/armv6-m/libc.a(lib_a-mallocr.o)
                0x00000000080047d4                _malloc_r
 .text.memcpy   0x0000000008004bdc       0x12 /opt/Atollic_TrueSTUDIO_for_STM32_x86_64_9.3.0/ARMTools/bin/../lib/gcc/arm-atollic-eabi/6.3.1/../../../../arm-atollic-eabi/lib/armv6-m/libc.a(lib_a-memcpy-stub.o)
                0x0000000008004bdc                memcpy
 .text.memset   0x0000000008004bee       0x10 /opt/Atollic_TrueSTUDIO_for_STM32_x86_64_9.3.0/ARMTools/bin/../lib/gcc/arm-atollic-eabi/6.3.1/../../../../arm-atollic-eabi/lib/armv6-m/libc.a(lib_a-memset.o)
                0x0000000008004bee                memset
 *fill*         0x0000000008004bfe        0x2 
 .text.__malloc_lock
                0x0000000008004c00       0x10 /opt/Atollic_TrueSTUDIO_for_STM32_x86_64_9.3.0/ARMTools/bin/../lib/gcc/arm-atollic-eabi/6.3.1/../../../../arm-atollic-eabi/lib/armv6-m/libc.a(lib_a-mlock.o)
                0x0000000008004c00                __malloc_lock
 .text.__malloc_unlock
                0x0000000008004c10       0x10 /opt/Atollic_TrueSTUDIO_for_STM32_x86_64_9.3.0/ARMTools/bin/../lib/gcc/arm-atollic-eabi/6.3.1/../../../../arm-atollic-eabi/lib/armv6-m/libc.a(lib_a-mlock.o)
                0x0000000008004c10                __malloc_unlock
 .text._sbrk_r  0x0000000008004c20       0x24 /opt/Atollic_TrueSTUDIO_for_STM32_x86_64_9.3.0/ARMTools/bin/../lib/gcc/arm-atollic-eabi/6.3.1/../../../../arm-atollic-eabi/lib/armv6-m/libc.a(lib_a-sbrkr.o)
                0x0000000008004c20                _sbrk_r
 .text._malloc_trim_r
                0x0000000008004c44       0xa8 /opt/Atollic_TrueSTUDIO_for_STM32_x86_64_9.3.0/ARMTools/bin/../lib/gcc/arm-atollic-eabi/6.3.1/../../../../arm-atollic-eabi/lib/armv6-m/libc.a(lib_a-freer.o)
                0x0000000008004c44                _malloc_trim_r
 .text._free_r  0x0000000008004cec      0x168 /opt/Atollic_TrueSTUDIO_for_STM32_x86_64_9.3.0/ARMTools/bin/../lib/gcc/arm-atollic-eabi/6.3.1/../../../../arm-atollic-eabi/lib/armv6-m/libc.a(lib_a-freer.o)
                0x0000000008004cec                _free_r
 .text.__retarget_lock_acquire_recursive
                0x0000000008004e54        0x2 /opt/Atollic_TrueSTUDIO_for_STM32_x86_64_9.3.0/ARMTools/bin/../lib/gcc/arm-atollic-eabi/6.3.1/../../../../arm-atollic-eabi/lib/armv6-m/libc.a(lib_a-lock.o)
                0x0000000008004e54                __retarget_lock_acquire_recursive
 .text.__retarget_lock_release_recursive
                0x0000000008004e56        0x2 /opt/Atollic_TrueSTUDIO_for_STM32_x86_64_9.3.0/ARMTools/bin/../lib/gcc/arm-atollic-eabi/6.3.1/../../../../arm-atollic-eabi/lib/armv6-m/libc.a(lib_a-lock.o)
                0x0000000008004e56                __retarget_lock_release_recursive
 *(.glue_7)
 .glue_7        0x0000000008004e58        0x0 linker stubs
 *(.glue_7t)
 .glue_7t       0x0000000008004e58        0x0 linker stubs
 *(.eh_frame)
 .eh_frame      0x0000000008004e58        0x0 /opt/Atollic_TrueSTUDIO_for_STM32_x86_64_9.3.0/ARMTools/bin/../lib/gcc/arm-atollic-eabi/6.3.1/armv6-m/crtbegin.o
 *(.init)
 .init          0x0000000008004e58        0x4 /opt/Atollic_TrueSTUDIO_for_STM32_x86_64_9.3.0/ARMTools/bin/../lib/gcc/arm-atollic-eabi/6.3.1/armv6-m/crti.o
                0x0000000008004e58                _init
 .init          0x0000000008004e5c        0x8 /opt/Atollic_TrueSTUDIO_for_STM32_x86_64_9.3.0/ARMTools/bin/../lib/gcc/arm-atollic-eabi/6.3.1/armv6-m/crtn.o
 *(.fini)
 .fini          0x0000000008004e64        0x4 /opt/Atollic_TrueSTUDIO_for_STM32_x86_64_9.3.0/ARMTools/bin/../lib/gcc/arm-atollic-eabi/6.3.1/armv6-m/crti.o
                0x0000000008004e64                _fini
 .fini          0x0000000008004e68        0x8 /opt/Atollic_TrueSTUDIO_for_STM32_x86_64_9.3.0/ARMTools/bin/../lib/gcc/arm-atollic-eabi/6.3.1/armv6-m/crtn.o
                0x0000000008004e70                . = ALIGN (0x4)
                0x0000000008004e70                _etext = .

.vfp11_veneer   0x0000000008004e70        0x0
 .vfp11_veneer  0x0000000008004e70        0x0 linker stubs

.v4_bx          0x0000000008004e70        0x0
 .v4_bx         0x0000000008004e70        0x0 linker stubs

.iplt           0x0000000008004e70        0x0
 .iplt          0x0000000008004e70        0x0 /opt/Atollic_TrueSTUDIO_for_STM32_x86_64_9.3.0/ARMTools/bin/../lib/gcc/arm-atollic-eabi/6.3.1/armv6-m/crtbegin.o

.rodata         0x0000000008004e70     0x2e68
                0x0000000008004e70                . = ALIGN (0x4)
 *(.rodata)
 .rodata        0x0000000008004e70        0x6 lvgl/src/lv_core/lv_style.o
 .rodata        0x0000000008004e76       0x10 lvgl/src/lv_draw/lv_img_decoder.o
 *(.rodata*)
 *fill*         0x0000000008004e86        0x2 
 .rodata.AHBPrescTable
                0x0000000008004e88       0x40 Core/Src/system_stm32g0xx.o
                0x0000000008004e88                AHBPrescTable
 .rodata.APBPrescTable
                0x0000000008004ec8       0x20 Core/Src/system_stm32g0xx.o
                0x0000000008004ec8                APBPrescTable
 .rodata.CSWTCH.256
                0x0000000008004ee8        0x4 Drivers/STM32G0xx_HAL_Driver/Src/stm32g0xx_hal_uart.o
 .rodata.CSWTCH.257
                0x0000000008004eec        0xd Drivers/STM32G0xx_HAL_Driver/Src/stm32g0xx_hal_uart.o
 *fill*         0x0000000008004ef9        0x3 
 .rodata.SD_Driver
                0x0000000008004efc       0x14 FATFS/Target/sd_diskio.o
                0x0000000008004efc                SD_Driver
 .rodata.CSWTCH.18
                0x0000000008004f10        0xb lvgl/src/lv_draw/lv_draw_img.o
 .rodata.lv_img_decoder_built_in_open.str1.1
                0x0000000008004f1b        0x4 lvgl/src/lv_draw/lv_img_decoder.o
 *fill*         0x0000000008004f1f        0x1 
 .rodata.cmaps  0x0000000008004f20       0x28 lvgl/src/lv_font/lv_font_roboto_16.o
 .rodata.glyph_dsc
                0x0000000008004f48      0x490 lvgl/src/lv_font/lv_font_roboto_16.o
 .rodata.gylph_bitmap
                0x00000000080053d8     0x22e3 lvgl/src/lv_font/lv_font_roboto_16.o
 .rodata.kern_pair_glyph_ids
                0x00000000080076bb      0x3c8 lvgl/src/lv_font/lv_font_roboto_16.o
 .rodata.kern_pair_values
                0x0000000008007a83      0x1e4 lvgl/src/lv_font/lv_font_roboto_16.o
 *fill*         0x0000000008007c67        0x1 
 .rodata.kern_pairs
                0x0000000008007c68        0xc lvgl/src/lv_font/lv_font_roboto_16.o
 .rodata.unicode_list_1
                0x0000000008007c74       0x64 lvgl/src/lv_font/lv_font_roboto_16.o
 .rodata.lv_fs_get_ext.str1.1
                0x0000000008007cd8        0x4 lvgl/src/lv_misc/lv_fs.o
                                          0x1 (size before relaxing)
                0x0000000008007cdc                . = ALIGN (0x4)

.rel.dyn        0x0000000008007cd8        0x0
 .rel.iplt      0x0000000008007cd8        0x0 /opt/Atollic_TrueSTUDIO_for_STM32_x86_64_9.3.0/ARMTools/bin/../lib/gcc/arm-atollic-eabi/6.3.1/armv6-m/crtbegin.o

.ARM.extab
 *(.ARM.extab* .gnu.linkonce.armextab.*)

.ARM            0x0000000008007cd8        0x0
                0x0000000008007cd8                __exidx_start = .
 *(.ARM.exidx*)
                0x0000000008007cd8                __exidx_end = .

.preinit_array  0x0000000008007cd8        0x0
                0x0000000008007cd8                PROVIDE (__preinit_array_start, .)
 *(.preinit_array*)
                0x0000000008007cd8                PROVIDE (__preinit_array_end, .)

.init_array     0x0000000008007cd8        0x4
                0x0000000008007cd8                PROVIDE (__init_array_start, .)
 *(SORT(.init_array.*))
 *(.init_array*)
 .init_array    0x0000000008007cd8        0x4 /opt/Atollic_TrueSTUDIO_for_STM32_x86_64_9.3.0/ARMTools/bin/../lib/gcc/arm-atollic-eabi/6.3.1/armv6-m/crtbegin.o
                0x0000000008007cdc                PROVIDE (__init_array_end, .)

.fini_array     0x0000000008007cdc        0x4
                [!provide]                        PROVIDE (__fini_array_start, .)
 *(SORT(.fini_array.*))
 *(.fini_array*)
 .fini_array    0x0000000008007cdc        0x4 /opt/Atollic_TrueSTUDIO_for_STM32_x86_64_9.3.0/ARMTools/bin/../lib/gcc/arm-atollic-eabi/6.3.1/armv6-m/crtbegin.o
                [!provide]                        PROVIDE (__fini_array_end, .)
                0x0000000008007ce0                _sidata = LOADADDR (.data)

.data           0x0000000020000000      0x544 load address 0x0000000008007ce0
                0x0000000020000000                . = ALIGN (0x4)
                0x0000000020000000                _sdata = .
 *(.data)
 *(.data*)
 .data.SpixTimeout
                0x0000000020000000        0x4 Core/Src/stm32g0xx_nucleo.o
                0x0000000020000000                SpixTimeout
 .data.SystemCoreClock
                0x0000000020000004        0x4 Core/Src/system_stm32g0xx.o
                0x0000000020000004                SystemCoreClock
 .data.uwTickFreq
                0x0000000020000008        0x4 Drivers/STM32G0xx_HAL_Driver/Src/stm32g0xx_hal.o
                0x0000000020000008                uwTickFreq
 .data.uwTickPrio
                0x000000002000000c        0x4 Drivers/STM32G0xx_HAL_Driver/Src/stm32g0xx_hal.o
                0x000000002000000c                uwTickPrio
 .data.Stat     0x0000000020000010        0x1 FATFS/Target/sd_diskio.o
 *fill*         0x0000000020000011        0x3 
 .data.font_dsc
                0x0000000020000014       0x1c lvgl/src/lv_font/lv_font_roboto_16.o
 .data.lv_font_roboto_16
                0x0000000020000030       0x10 lvgl/src/lv_font/lv_font_roboto_16.o
                0x0000000020000030                lv_font_roboto_16
 .data._impure_ptr
                0x0000000020000040        0x4 /opt/Atollic_TrueSTUDIO_for_STM32_x86_64_9.3.0/ARMTools/bin/../lib/gcc/arm-atollic-eabi/6.3.1/../../../../arm-atollic-eabi/lib/armv6-m/libc.a(lib_a-impure.o)
                0x0000000020000040                _impure_ptr
 .data.impure_data
                0x0000000020000044       0xf0 /opt/Atollic_TrueSTUDIO_for_STM32_x86_64_9.3.0/ARMTools/bin/../lib/gcc/arm-atollic-eabi/6.3.1/../../../../arm-atollic-eabi/lib/armv6-m/libc.a(lib_a-impure.o)
 .data.__malloc_av_
                0x0000000020000134      0x408 /opt/Atollic_TrueSTUDIO_for_STM32_x86_64_9.3.0/ARMTools/bin/../lib/gcc/arm-atollic-eabi/6.3.1/../../../../arm-atollic-eabi/lib/armv6-m/libc.a(lib_a-mallocr.o)
                0x0000000020000134                __malloc_av_
 .data.__malloc_sbrk_base
                0x000000002000053c        0x4 /opt/Atollic_TrueSTUDIO_for_STM32_x86_64_9.3.0/ARMTools/bin/../lib/gcc/arm-atollic-eabi/6.3.1/../../../../arm-atollic-eabi/lib/armv6-m/libc.a(lib_a-mallocr.o)
                0x000000002000053c                __malloc_sbrk_base
 .data.__malloc_trim_threshold
                0x0000000020000540        0x4 /opt/Atollic_TrueSTUDIO_for_STM32_x86_64_9.3.0/ARMTools/bin/../lib/gcc/arm-atollic-eabi/6.3.1/../../../../arm-atollic-eabi/lib/armv6-m/libc.a(lib_a-mallocr.o)
                0x0000000020000540                __malloc_trim_threshold
                0x0000000020000544                . = ALIGN (0x4)
                0x0000000020000544                _edata = .

.igot.plt       0x0000000020000544        0x0 load address 0x0000000008008224
 .igot.plt      0x0000000020000544        0x0 /opt/Atollic_TrueSTUDIO_for_STM32_x86_64_9.3.0/ARMTools/bin/../lib/gcc/arm-atollic-eabi/6.3.1/armv6-m/crtbegin.o
                0x0000000020000544                . = ALIGN (0x4)

.bss            0x0000000020000544     0x46a0 load address 0x0000000008008224
                0x0000000020000544                _sbss = .
                0x0000000020000544                __bss_start__ = _sbss
 *(.bss)
 .bss           0x0000000020000544       0x1c /opt/Atollic_TrueSTUDIO_for_STM32_x86_64_9.3.0/ARMTools/bin/../lib/gcc/arm-atollic-eabi/6.3.1/armv6-m/crtbegin.o
 *(.bss*)
 .bss.buf       0x0000000020000560      0xc80 Core/Src/main.o
 .bss.disp_buf  0x00000000200011e0       0x1c Core/Src/main.o
 .bss.SdStatus  0x00000000200011fc        0x1 Core/Src/stm32_adafruit_sd.o
                0x00000000200011fc                SdStatus
 *fill*         0x00000000200011fd        0x1 
 .bss.flag_SDHC
                0x00000000200011fe        0x2 Core/Src/stm32_adafruit_sd.o
                0x00000000200011fe                flag_SDHC
 .bss.hnucleo_Spi
                0x0000000020001200       0x64 Core/Src/stm32g0xx_nucleo.o
 .bss.heap_end.5908
                0x0000000020001264        0x4 Core/Src/syscalls.o
 .bss.Appli_state
                0x0000000020001268        0x1 FATFS/App/app_fatfs.o
                0x0000000020001268                Appli_state
 *fill*         0x0000000020001269        0x3 
 .bss.disk      0x000000002000126c        0xc Middlewares/Third_Party/FatFs/src/ff_gen_drv.o
                0x000000002000126c                disk
 .bss.lv_initialized
                0x0000000020001278        0x1 lvgl/src/lv_core/lv_obj.o
 *fill*         0x0000000020001279        0x1 
 .bss.entry_cnt
                0x000000002000127a        0x2 lvgl/src/lv_draw/lv_img_cache.o
 .bss.sys_time  0x000000002000127c        0x4 lvgl/src/lv_hal/lv_hal_tick.o
 .bss.tick_irq_flag
                0x0000000020001280        0x1 lvgl/src/lv_hal/lv_hal_tick.o
 .bss.anim_list_changed
                0x0000000020001281        0x1 lvgl/src/lv_misc/lv_anim.o
 *fill*         0x0000000020001282        0x2 
 .bss.last_task_run
                0x0000000020001284        0x4 lvgl/src/lv_misc/lv_anim.o
 .bss.work_mem  0x0000000020001288        0x4 lvgl/src/lv_misc/lv_mem.o
 .bss.work_mem_int.4620
                0x000000002000128c     0x3000 lvgl/src/lv_misc/lv_mem.o
 .bss.zero_mem  0x000000002000428c        0x4 lvgl/src/lv_misc/lv_mem.o
 .bss.busy_time.5495
                0x0000000020004290        0x4 lvgl/src/lv_misc/lv_task.o
 .bss.handler_start.5494
                0x0000000020004294        0x4 lvgl/src/lv_misc/lv_task.o
 .bss.idle_last
                0x0000000020004298        0x1 lvgl/src/lv_misc/lv_task.o
 *fill*         0x0000000020004299        0x3 
 .bss.idle_period_start.5493
                0x000000002000429c        0x4 lvgl/src/lv_misc/lv_task.o
 .bss.lv_task_run
                0x00000000200042a0        0x1 lvgl/src/lv_misc/lv_task.o
 .bss.task_created
                0x00000000200042a1        0x1 lvgl/src/lv_misc/lv_task.o
 .bss.task_deleted
                0x00000000200042a2        0x1 lvgl/src/lv_misc/lv_task.o
 .bss.task_handler_mutex.5492
                0x00000000200042a3        0x1 lvgl/src/lv_misc/lv_task.o
 .bss.__malloc_current_mallinfo
                0x00000000200042a4       0x28 /opt/Atollic_TrueSTUDIO_for_STM32_x86_64_9.3.0/ARMTools/bin/../lib/gcc/arm-atollic-eabi/6.3.1/../../../../arm-atollic-eabi/lib/armv6-m/libc.a(lib_a-mallocr.o)
                0x00000000200042a4                __malloc_current_mallinfo
 .bss.__malloc_max_sbrked_mem
                0x00000000200042cc        0x4 /opt/Atollic_TrueSTUDIO_for_STM32_x86_64_9.3.0/ARMTools/bin/../lib/gcc/arm-atollic-eabi/6.3.1/../../../../arm-atollic-eabi/lib/armv6-m/libc.a(lib_a-mallocr.o)
                0x00000000200042cc                __malloc_max_sbrked_mem
 .bss.__malloc_max_total_mem
                0x00000000200042d0        0x4 /opt/Atollic_TrueSTUDIO_for_STM32_x86_64_9.3.0/ARMTools/bin/../lib/gcc/arm-atollic-eabi/6.3.1/../../../../arm-atollic-eabi/lib/armv6-m/libc.a(lib_a-mallocr.o)
                0x00000000200042d0                __malloc_max_total_mem
 .bss.__malloc_top_pad
                0x00000000200042d4        0x4 /opt/Atollic_TrueSTUDIO_for_STM32_x86_64_9.3.0/ARMTools/bin/../lib/gcc/arm-atollic-eabi/6.3.1/../../../../arm-atollic-eabi/lib/armv6-m/libc.a(lib_a-mallocr.o)
                0x00000000200042d4                __malloc_top_pad
 *(COMMON)
 COMMON         0x00000000200042d8      0x11c Core/Src/main.o
                0x00000000200042d8                hrtc
                0x0000000020004304                hspi1
                0x0000000020004368                huart2
 COMMON         0x00000000200043f4        0x4 Drivers/STM32G0xx_HAL_Driver/Src/stm32g0xx_hal.o
                0x00000000200043f4                uwTick
 COMMON         0x00000000200043f8      0x464 FATFS/App/app_fatfs.o
                0x00000000200043f8                SDPath
                0x00000000200043fc                SDFatFs
                0x000000002000462c                SDFile
 COMMON         0x000000002000485c      0x30c lvgl/src/lv_core/lv_style.o
                0x000000002000485c                lv_style_pretty_color
                0x0000000020004898                lv_style_transp
                0x00000000200048d4                lv_style_btn_rel
                0x0000000020004910                lv_style_btn_pr
                0x000000002000494c                lv_style_pretty
                0x0000000020004988                lv_style_transp_tight
                0x00000000200049c4                lv_style_btn_ina
                0x0000000020004a00                lv_style_transp_fit
                0x0000000020004a3c                lv_style_plain
                0x0000000020004a78                lv_style_btn_tgl_rel
                0x0000000020004ab4                lv_style_scr
                0x0000000020004af0                lv_style_btn_tgl_pr
                0x0000000020004b2c                lv_style_plain_color
 COMMON         0x0000000020004b68       0x6c lvgl/src/lv_misc/lv_gc.o
                0x0000000020004b68                _lv_task_ll
                0x0000000020004b74                _lv_indev_ll
                0x0000000020004b80                _lv_draw_buf
                0x0000000020004b84                _lv_disp_ll
                0x0000000020004b90                _lv_img_defoder_ll
                0x0000000020004b9c                _lv_drv_ll
                0x0000000020004ba8                _lv_task_act
                0x0000000020004bac                _lv_img_cache_array
                0x0000000020004bb0                _lv_anim_ll
                0x0000000020004bbc                _lv_group_ll
                0x0000000020004bc8                _lv_file_ll
 COMMON         0x0000000020004bd4        0x9 /opt/Atollic_TrueSTUDIO_for_STM32_x86_64_9.3.0/ARMTools/bin/../lib/gcc/arm-atollic-eabi/6.3.1/../../../../arm-atollic-eabi/lib/armv6-m/libc.a(lib_a-lock.o)
                0x0000000020004bd4                __lock___atexit_recursive_mutex
                0x0000000020004bd5                __lock___arc4random_mutex
                0x0000000020004bd6                __lock___env_recursive_mutex
                0x0000000020004bd7                __lock___sinit_recursive_mutex
                0x0000000020004bd8                __lock___malloc_recursive_mutex
                0x0000000020004bd9                __lock___at_quick_exit_mutex
                0x0000000020004bda                __lock___dd_hash_mutex
                0x0000000020004bdb                __lock___tz_mutex
                0x0000000020004bdc                __lock___sfp_recursive_mutex
 *fill*         0x0000000020004bdd        0x3 
 COMMON         0x0000000020004be0        0x4 /opt/Atollic_TrueSTUDIO_for_STM32_x86_64_9.3.0/ARMTools/bin/../lib/gcc/arm-atollic-eabi/6.3.1/../../../../arm-atollic-eabi/lib/armv6-m/libc.a(lib_a-reent.o)
                0x0000000020004be0                errno
                0x0000000020004be4                . = ALIGN (0x4)
                0x0000000020004be4                _ebss = .
                0x0000000020004be4                __bss_end__ = _ebss

._user_heap_stack
                0x0000000020004be4      0x600 load address 0x0000000008008224
                0x0000000020004be4                . = ALIGN (0x4)
                0x0000000020004be4                PROVIDE (end, .)
                [!provide]                        PROVIDE (_end, .)
                0x0000000020004de4                . = (. + _Min_Heap_Size)
 *fill*         0x0000000020004be4      0x200 
                0x00000000200051e4                . = (. + _Min_Stack_Size)
 *fill*         0x0000000020004de4      0x400 
                0x00000000200051e4                . = ALIGN (0x4)

/DISCARD/
 libc.a(*)
 libm.a(*)
 libgcc.a(*)

.ARM.attributes
                0x0000000000000000       0x28
 *(.ARM.attributes)
 .ARM.attributes
                0x0000000000000000       0x1e /opt/Atollic_TrueSTUDIO_for_STM32_x86_64_9.3.0/ARMTools/bin/../lib/gcc/arm-atollic-eabi/6.3.1/armv6-m/crti.o
 .ARM.attributes
                0x000000000000001e       0x2c /opt/Atollic_TrueSTUDIO_for_STM32_x86_64_9.3.0/ARMTools/bin/../lib/gcc/arm-atollic-eabi/6.3.1/armv6-m/crtbegin.o
 .ARM.attributes
                0x000000000000004a       0x32 Core/Src/main.o
 .ARM.attributes
                0x000000000000007c       0x32 Core/Src/stm32_adafruit_sd.o
 .ARM.attributes
                0x00000000000000ae       0x32 Core/Src/stm32g0xx_hal_msp.o
 .ARM.attributes
                0x00000000000000e0       0x32 Core/Src/stm32g0xx_it.o
 .ARM.attributes
                0x0000000000000112       0x32 Core/Src/stm32g0xx_nucleo.o
 .ARM.attributes
                0x0000000000000144       0x32 Core/Src/syscalls.o
 .ARM.attributes
                0x0000000000000176       0x32 Core/Src/system_stm32g0xx.o
 .ARM.attributes
                0x00000000000001a8       0x32 Drivers/STM32G0xx_HAL_Driver/Src/stm32g0xx_hal.o
 .ARM.attributes
                0x00000000000001da       0x32 Drivers/STM32G0xx_HAL_Driver/Src/stm32g0xx_hal_cortex.o
 .ARM.attributes
                0x000000000000020c       0x32 Drivers/STM32G0xx_HAL_Driver/Src/stm32g0xx_hal_gpio.o
 .ARM.attributes
                0x000000000000023e       0x32 Drivers/STM32G0xx_HAL_Driver/Src/stm32g0xx_hal_pwr_ex.o
 .ARM.attributes
                0x0000000000000270       0x32 Drivers/STM32G0xx_HAL_Driver/Src/stm32g0xx_hal_rcc.o
 .ARM.attributes
                0x00000000000002a2       0x32 Drivers/STM32G0xx_HAL_Driver/Src/stm32g0xx_hal_rcc_ex.o
 .ARM.attributes
                0x00000000000002d4       0x32 Drivers/STM32G0xx_HAL_Driver/Src/stm32g0xx_hal_rtc.o
 .ARM.attributes
                0x0000000000000306       0x32 Drivers/STM32G0xx_HAL_Driver/Src/stm32g0xx_hal_spi.o
 .ARM.attributes
                0x0000000000000338       0x32 Drivers/STM32G0xx_HAL_Driver/Src/stm32g0xx_hal_uart.o
 .ARM.attributes
                0x000000000000036a       0x32 Drivers/STM32G0xx_HAL_Driver/Src/stm32g0xx_hal_uart_ex.o
 .ARM.attributes
                0x000000000000039c       0x32 FATFS/App/app_fatfs.o
 .ARM.attributes
                0x00000000000003ce       0x32 FATFS/Target/sd_diskio.o
 .ARM.attributes
                0x0000000000000400       0x32 Middlewares/Third_Party/FatFs/src/ff_gen_drv.o
 .ARM.attributes
                0x0000000000000432       0x32 lvgl/src/lv_core/lv_group.o
 .ARM.attributes
                0x0000000000000464       0x32 lvgl/src/lv_core/lv_indev.o
 .ARM.attributes
                0x0000000000000496       0x32 lvgl/src/lv_core/lv_obj.o
 .ARM.attributes
                0x00000000000004c8       0x32 lvgl/src/lv_core/lv_refr.o
 .ARM.attributes
                0x00000000000004fa       0x32 lvgl/src/lv_core/lv_style.o
 .ARM.attributes
                0x000000000000052c       0x32 lvgl/src/lv_draw/lv_draw_img.o
 .ARM.attributes
                0x000000000000055e       0x32 lvgl/src/lv_draw/lv_img_cache.o
 .ARM.attributes
                0x0000000000000590       0x32 lvgl/src/lv_draw/lv_img_decoder.o
 .ARM.attributes
                0x00000000000005c2       0x32 lvgl/src/lv_font/lv_font_fmt_txt.o
 .ARM.attributes
                0x00000000000005f4       0x32 lvgl/src/lv_font/lv_font_roboto_16.o
 .ARM.attributes
                0x0000000000000626       0x32 lvgl/src/lv_hal/lv_hal_disp.o
 .ARM.attributes
                0x0000000000000658       0x32 lvgl/src/lv_hal/lv_hal_indev.o
 .ARM.attributes
                0x000000000000068a       0x32 lvgl/src/lv_hal/lv_hal_tick.o
 .ARM.attributes
                0x00000000000006bc       0x32 lvgl/src/lv_misc/lv_anim.o
 .ARM.attributes
                0x00000000000006ee       0x32 lvgl/src/lv_misc/lv_fs.o
 .ARM.attributes
                0x0000000000000720       0x32 lvgl/src/lv_misc/lv_gc.o
 .ARM.attributes
                0x0000000000000752       0x32 lvgl/src/lv_misc/lv_ll.o
 .ARM.attributes
                0x0000000000000784       0x32 lvgl/src/lv_misc/lv_mem.o
 .ARM.attributes
                0x00000000000007b6       0x32 lvgl/src/lv_misc/lv_task.o
 .ARM.attributes
                0x00000000000007e8       0x32 lvgl/src/lv_misc/lv_utils.o
 .ARM.attributes
                0x000000000000081a       0x21 startup/startup_stm32g070xx.o
 .ARM.attributes
                0x000000000000083b       0x2c /opt/Atollic_TrueSTUDIO_for_STM32_x86_64_9.3.0/ARMTools/bin/../lib/gcc/arm-atollic-eabi/6.3.1/../../../../arm-atollic-eabi/lib/armv6-m/libc.a(lib_a-errno.o)
 .ARM.attributes
                0x0000000000000867       0x2c /opt/Atollic_TrueSTUDIO_for_STM32_x86_64_9.3.0/ARMTools/bin/../lib/gcc/arm-atollic-eabi/6.3.1/../../../../arm-atollic-eabi/lib/armv6-m/libc.a(lib_a-impure.o)
 .ARM.attributes
                0x0000000000000893       0x2c /opt/Atollic_TrueSTUDIO_for_STM32_x86_64_9.3.0/ARMTools/bin/../lib/gcc/arm-atollic-eabi/6.3.1/../../../../arm-atollic-eabi/lib/armv6-m/libc.a(lib_a-init.o)
 .ARM.attributes
                0x00000000000008bf       0x2c /opt/Atollic_TrueSTUDIO_for_STM32_x86_64_9.3.0/ARMTools/bin/../lib/gcc/arm-atollic-eabi/6.3.1/../../../../arm-atollic-eabi/lib/armv6-m/libc.a(lib_a-malloc.o)
 .ARM.attributes
                0x00000000000008eb       0x2c /opt/Atollic_TrueSTUDIO_for_STM32_x86_64_9.3.0/ARMTools/bin/../lib/gcc/arm-atollic-eabi/6.3.1/../../../../arm-atollic-eabi/lib/armv6-m/libc.a(lib_a-mallocr.o)
 .ARM.attributes
                0x0000000000000917       0x2c /opt/Atollic_TrueSTUDIO_for_STM32_x86_64_9.3.0/ARMTools/bin/../lib/gcc/arm-atollic-eabi/6.3.1/../../../../arm-atollic-eabi/lib/armv6-m/libc.a(lib_a-memcpy-stub.o)
 .ARM.attributes
                0x0000000000000943       0x2c /opt/Atollic_TrueSTUDIO_for_STM32_x86_64_9.3.0/ARMTools/bin/../lib/gcc/arm-atollic-eabi/6.3.1/../../../../arm-atollic-eabi/lib/armv6-m/libc.a(lib_a-memset.o)
 .ARM.attributes
                0x000000000000096f       0x2c /opt/Atollic_TrueSTUDIO_for_STM32_x86_64_9.3.0/ARMTools/bin/../lib/gcc/arm-atollic-eabi/6.3.1/../../../../arm-atollic-eabi/lib/armv6-m/libc.a(lib_a-mlock.o)
 .ARM.attributes
                0x000000000000099b       0x2c /opt/Atollic_TrueSTUDIO_for_STM32_x86_64_9.3.0/ARMTools/bin/../lib/gcc/arm-atollic-eabi/6.3.1/../../../../arm-atollic-eabi/lib/armv6-m/libc.a(lib_a-sbrkr.o)
 .ARM.attributes
                0x00000000000009c7       0x1c /opt/Atollic_TrueSTUDIO_for_STM32_x86_64_9.3.0/ARMTools/bin/../lib/gcc/arm-atollic-eabi/6.3.1/../../../../arm-atollic-eabi/lib/armv6-m/libc.a(lib_a-strcmp.o)
 .ARM.attributes
                0x00000000000009e3       0x1c /opt/Atollic_TrueSTUDIO_for_STM32_x86_64_9.3.0/ARMTools/bin/../lib/gcc/arm-atollic-eabi/6.3.1/../../../../arm-atollic-eabi/lib/armv6-m/libc.a(lib_a-strlen.o)
 .ARM.attributes
                0x00000000000009ff       0x2c /opt/Atollic_TrueSTUDIO_for_STM32_x86_64_9.3.0/ARMTools/bin/../lib/gcc/arm-atollic-eabi/6.3.1/../../../../arm-atollic-eabi/lib/armv6-m/libc.a(lib_a-freer.o)
 .ARM.attributes
                0x0000000000000a2b       0x2c /opt/Atollic_TrueSTUDIO_for_STM32_x86_64_9.3.0/ARMTools/bin/../lib/gcc/arm-atollic-eabi/6.3.1/../../../../arm-atollic-eabi/lib/armv6-m/libc.a(lib_a-lock.o)
 .ARM.attributes
                0x0000000000000a57       0x2c /opt/Atollic_TrueSTUDIO_for_STM32_x86_64_9.3.0/ARMTools/bin/../lib/gcc/arm-atollic-eabi/6.3.1/../../../../arm-atollic-eabi/lib/armv6-m/libc.a(lib_a-reent.o)
 .ARM.attributes
                0x0000000000000a83       0x1e /opt/Atollic_TrueSTUDIO_for_STM32_x86_64_9.3.0/ARMTools/bin/../lib/gcc/arm-atollic-eabi/6.3.1/armv6-m/libgcc.a(_thumb1_case_uqi.o)
 .ARM.attributes
                0x0000000000000aa1       0x1e /opt/Atollic_TrueSTUDIO_for_STM32_x86_64_9.3.0/ARMTools/bin/../lib/gcc/arm-atollic-eabi/6.3.1/armv6-m/libgcc.a(_thumb1_case_shi.o)
 .ARM.attributes
                0x0000000000000abf       0x1e /opt/Atollic_TrueSTUDIO_for_STM32_x86_64_9.3.0/ARMTools/bin/../lib/gcc/arm-atollic-eabi/6.3.1/armv6-m/libgcc.a(_udivsi3.o)
 .ARM.attributes
                0x0000000000000add       0x1e /opt/Atollic_TrueSTUDIO_for_STM32_x86_64_9.3.0/ARMTools/bin/../lib/gcc/arm-atollic-eabi/6.3.1/armv6-m/libgcc.a(_divsi3.o)
 .ARM.attributes
                0x0000000000000afb       0x1e /opt/Atollic_TrueSTUDIO_for_STM32_x86_64_9.3.0/ARMTools/bin/../lib/gcc/arm-atollic-eabi/6.3.1/armv6-m/libgcc.a(_dvmd_tls.o)
 .ARM.attributes
                0x0000000000000b19       0x1e /opt/Atollic_TrueSTUDIO_for_STM32_x86_64_9.3.0/ARMTools/bin/../lib/gcc/arm-atollic-eabi/6.3.1/armv6-m/crtn.o
OUTPUT(FATFS_G070.elf elf32-littlearm)

.debug_info     0x0000000000000000    0x39231
 .debug_info    0x0000000000000000     0x2737 Core/Src/main.o
 .debug_info    0x0000000000002737     0x1da2 Core/Src/stm32_adafruit_sd.o
 .debug_info    0x00000000000044d9     0x1121 Core/Src/stm32g0xx_hal_msp.o
 .debug_info    0x00000000000055fa      0xfdd Core/Src/stm32g0xx_it.o
 .debug_info    0x00000000000065d7     0x17e5 Core/Src/stm32g0xx_nucleo.o
 .debug_info    0x0000000000007dbc      0xffa Core/Src/syscalls.o
 .debug_info    0x0000000000008db6      0x43c Core/Src/system_stm32g0xx.o
 .debug_info    0x00000000000091f2      0x99f Drivers/STM32G0xx_HAL_Driver/Src/stm32g0xx_hal.o
 .debug_info    0x0000000000009b91      0xa42 Drivers/STM32G0xx_HAL_Driver/Src/stm32g0xx_hal_cortex.o
 .debug_info    0x000000000000a5d3      0x661 Drivers/STM32G0xx_HAL_Driver/Src/stm32g0xx_hal_gpio.o
 .debug_info    0x000000000000ac34      0x562 Drivers/STM32G0xx_HAL_Driver/Src/stm32g0xx_hal_pwr_ex.o
 .debug_info    0x000000000000b196      0xc88 Drivers/STM32G0xx_HAL_Driver/Src/stm32g0xx_hal_rcc.o
 .debug_info    0x000000000000be1e      0x89a Drivers/STM32G0xx_HAL_Driver/Src/stm32g0xx_hal_rcc_ex.o
 .debug_info    0x000000000000c6b8      0xfcc Drivers/STM32G0xx_HAL_Driver/Src/stm32g0xx_hal_rtc.o
 .debug_info    0x000000000000d684     0x21a3 Drivers/STM32G0xx_HAL_Driver/Src/stm32g0xx_hal_spi.o
 .debug_info    0x000000000000f827     0x1f5f Drivers/STM32G0xx_HAL_Driver/Src/stm32g0xx_hal_uart.o
 .debug_info    0x0000000000011786      0xc90 Drivers/STM32G0xx_HAL_Driver/Src/stm32g0xx_hal_uart_ex.o
 .debug_info    0x0000000000012416      0xe4e FATFS/App/app_fatfs.o
 .debug_info    0x0000000000013264     0x12ef FATFS/Target/sd_diskio.o
 .debug_info    0x0000000000014553      0xda9 Middlewares/Third_Party/FatFs/src/ff_gen_drv.o
 .debug_info    0x00000000000152fc     0x2de1 lvgl/src/lv_core/lv_group.o
 .debug_info    0x00000000000180dd     0x349f lvgl/src/lv_core/lv_indev.o
 .debug_info    0x000000000001b57c     0x62a9 lvgl/src/lv_core/lv_obj.o
 .debug_info    0x0000000000021825     0x264c lvgl/src/lv_core/lv_refr.o
 .debug_info    0x0000000000023e71     0x163b lvgl/src/lv_core/lv_style.o
 .debug_info    0x00000000000254ac     0x1f6a lvgl/src/lv_draw/lv_draw_img.o
 .debug_info    0x0000000000027416     0x1322 lvgl/src/lv_draw/lv_img_cache.o
 .debug_info    0x0000000000028738     0x272f lvgl/src/lv_draw/lv_img_decoder.o
 .debug_info    0x000000000002ae67      0xb35 lvgl/src/lv_font/lv_font_fmt_txt.o
 .debug_info    0x000000000002b99c     0x11bc lvgl/src/lv_font/lv_font_roboto_16.o
 .debug_info    0x000000000002cb58     0x2090 lvgl/src/lv_hal/lv_hal_disp.o
 .debug_info    0x000000000002ebe8     0x1d10 lvgl/src/lv_hal/lv_hal_indev.o
 .debug_info    0x00000000000308f8      0x153 lvgl/src/lv_hal/lv_hal_tick.o
 .debug_info    0x0000000000030a4b     0x1a47 lvgl/src/lv_misc/lv_anim.o
 .debug_info    0x0000000000032492     0x1e0d lvgl/src/lv_misc/lv_fs.o
 .debug_info    0x000000000003429f     0x1127 lvgl/src/lv_misc/lv_gc.o
 .debug_info    0x00000000000353c6     0x1555 lvgl/src/lv_misc/lv_ll.o
 .debug_info    0x000000000003691b      0xf04 lvgl/src/lv_misc/lv_mem.o
 .debug_info    0x000000000003781f     0x1795 lvgl/src/lv_misc/lv_task.o
 .debug_info    0x0000000000038fb4      0x20f lvgl/src/lv_misc/lv_utils.o
 .debug_info    0x00000000000391c3       0x6e startup/startup_stm32g070xx.o

.debug_abbrev   0x0000000000000000     0x75fd
 .debug_abbrev  0x0000000000000000      0x337 Core/Src/main.o
 .debug_abbrev  0x0000000000000337      0x35d Core/Src/stm32_adafruit_sd.o
 .debug_abbrev  0x0000000000000694      0x1c7 Core/Src/stm32g0xx_hal_msp.o
 .debug_abbrev  0x000000000000085b      0x255 Core/Src/stm32g0xx_it.o
 .debug_abbrev  0x0000000000000ab0      0x37f Core/Src/stm32g0xx_nucleo.o
 .debug_abbrev  0x0000000000000e2f      0x2d9 Core/Src/syscalls.o
 .debug_abbrev  0x0000000000001108      0x142 Core/Src/system_stm32g0xx.o
 .debug_abbrev  0x000000000000124a      0x2b5 Drivers/STM32G0xx_HAL_Driver/Src/stm32g0xx_hal.o
 .debug_abbrev  0x00000000000014ff      0x281 Drivers/STM32G0xx_HAL_Driver/Src/stm32g0xx_hal_cortex.o
 .debug_abbrev  0x0000000000001780      0x233 Drivers/STM32G0xx_HAL_Driver/Src/stm32g0xx_hal_gpio.o
 .debug_abbrev  0x00000000000019b3      0x20f Drivers/STM32G0xx_HAL_Driver/Src/stm32g0xx_hal_pwr_ex.o
 .debug_abbrev  0x0000000000001bc2      0x2b0 Drivers/STM32G0xx_HAL_Driver/Src/stm32g0xx_hal_rcc.o
 .debug_abbrev  0x0000000000001e72      0x220 Drivers/STM32G0xx_HAL_Driver/Src/stm32g0xx_hal_rcc_ex.o
 .debug_abbrev  0x0000000000002092      0x266 Drivers/STM32G0xx_HAL_Driver/Src/stm32g0xx_hal_rtc.o
 .debug_abbrev  0x00000000000022f8      0x33d Drivers/STM32G0xx_HAL_Driver/Src/stm32g0xx_hal_spi.o
 .debug_abbrev  0x0000000000002635      0x330 Drivers/STM32G0xx_HAL_Driver/Src/stm32g0xx_hal_uart.o
 .debug_abbrev  0x0000000000002965      0x28b Drivers/STM32G0xx_HAL_Driver/Src/stm32g0xx_hal_uart_ex.o
 .debug_abbrev  0x0000000000002bf0      0x226 FATFS/App/app_fatfs.o
 .debug_abbrev  0x0000000000002e16      0x31e FATFS/Target/sd_diskio.o
 .debug_abbrev  0x0000000000003134      0x293 Middlewares/Third_Party/FatFs/src/ff_gen_drv.o
 .debug_abbrev  0x00000000000033c7      0x44f lvgl/src/lv_core/lv_group.o
 .debug_abbrev  0x0000000000003816      0x4ef lvgl/src/lv_core/lv_indev.o
 .debug_abbrev  0x0000000000003d05      0x565 lvgl/src/lv_core/lv_obj.o
 .debug_abbrev  0x000000000000426a      0x4af lvgl/src/lv_core/lv_refr.o
 .debug_abbrev  0x0000000000004719      0x329 lvgl/src/lv_core/lv_style.o
 .debug_abbrev  0x0000000000004a42      0x428 lvgl/src/lv_draw/lv_draw_img.o
 .debug_abbrev  0x0000000000004e6a      0x295 lvgl/src/lv_draw/lv_img_cache.o
 .debug_abbrev  0x00000000000050ff      0x4a6 lvgl/src/lv_draw/lv_img_decoder.o
 .debug_abbrev  0x00000000000055a5      0x284 lvgl/src/lv_font/lv_font_fmt_txt.o
 .debug_abbrev  0x0000000000005829      0x1dd lvgl/src/lv_font/lv_font_roboto_16.o
 .debug_abbrev  0x0000000000005a06      0x3b0 lvgl/src/lv_hal/lv_hal_disp.o
 .debug_abbrev  0x0000000000005db6      0x273 lvgl/src/lv_hal/lv_hal_indev.o
 .debug_abbrev  0x0000000000006029       0xaa lvgl/src/lv_hal/lv_hal_tick.o
 .debug_abbrev  0x00000000000060d3      0x3cc lvgl/src/lv_misc/lv_anim.o
 .debug_abbrev  0x000000000000649f      0x3cb lvgl/src/lv_misc/lv_fs.o
 .debug_abbrev  0x000000000000686a      0x19e lvgl/src/lv_misc/lv_gc.o
 .debug_abbrev  0x0000000000006a08      0x34e lvgl/src/lv_misc/lv_ll.o
 .debug_abbrev  0x0000000000006d56      0x3be lvgl/src/lv_misc/lv_mem.o
 .debug_abbrev  0x0000000000007114      0x3c3 lvgl/src/lv_misc/lv_task.o
 .debug_abbrev  0x00000000000074d7      0x114 lvgl/src/lv_misc/lv_utils.o
 .debug_abbrev  0x00000000000075eb       0x12 startup/startup_stm32g070xx.o

.debug_aranges  0x0000000000000000     0x16a8
 .debug_aranges
                0x0000000000000000       0x30 Core/Src/main.o
 .debug_aranges
                0x0000000000000030       0x60 Core/Src/stm32_adafruit_sd.o
 .debug_aranges
                0x0000000000000090       0x50 Core/Src/stm32g0xx_hal_msp.o
 .debug_aranges
                0x00000000000000e0       0x30 Core/Src/stm32g0xx_it.o
 .debug_aranges
                0x0000000000000110       0xc8 Core/Src/stm32g0xx_nucleo.o
 .debug_aranges
                0x00000000000001d8       0xb0 Core/Src/syscalls.o
 .debug_aranges
                0x0000000000000288       0x28 Core/Src/system_stm32g0xx.o
 .debug_aranges
                0x00000000000002b0       0xf0 Drivers/STM32G0xx_HAL_Driver/Src/stm32g0xx_hal.o
 .debug_aranges
                0x00000000000003a0       0x90 Drivers/STM32G0xx_HAL_Driver/Src/stm32g0xx_hal_cortex.o
 .debug_aranges
                0x0000000000000430       0x58 Drivers/STM32G0xx_HAL_Driver/Src/stm32g0xx_hal_gpio.o
 .debug_aranges
                0x0000000000000488       0x98 Drivers/STM32G0xx_HAL_Driver/Src/stm32g0xx_hal_pwr_ex.o
 .debug_aranges
                0x0000000000000520       0x88 Drivers/STM32G0xx_HAL_Driver/Src/stm32g0xx_hal_rcc.o
 .debug_aranges
                0x00000000000005a8       0x40 Drivers/STM32G0xx_HAL_Driver/Src/stm32g0xx_hal_rcc_ex.o
 .debug_aranges
                0x00000000000005e8       0xb0 Drivers/STM32G0xx_HAL_Driver/Src/stm32g0xx_hal_rtc.o
 .debug_aranges
                0x0000000000000698      0x198 Drivers/STM32G0xx_HAL_Driver/Src/stm32g0xx_hal_spi.o
 .debug_aranges
                0x0000000000000830      0x1c0 Drivers/STM32G0xx_HAL_Driver/Src/stm32g0xx_hal_uart.o
 .debug_aranges
                0x00000000000009f0       0x70 Drivers/STM32G0xx_HAL_Driver/Src/stm32g0xx_hal_uart_ex.o
 .debug_aranges
                0x0000000000000a60       0x30 FATFS/App/app_fatfs.o
 .debug_aranges
                0x0000000000000a90       0x48 FATFS/Target/sd_diskio.o
 .debug_aranges
                0x0000000000000ad8       0x40 Middlewares/Third_Party/FatFs/src/ff_gen_drv.o
 .debug_aranges
                0x0000000000000b18      0x128 lvgl/src/lv_core/lv_group.o
 .debug_aranges
                0x0000000000000c40       0xd0 lvgl/src/lv_core/lv_indev.o
 .debug_aranges
                0x0000000000000d10      0x2e8 lvgl/src/lv_core/lv_obj.o
 .debug_aranges
                0x0000000000000ff8       0x70 lvgl/src/lv_core/lv_refr.o
 .debug_aranges
                0x0000000000001068       0x58 lvgl/src/lv_core/lv_style.o
 .debug_aranges
                0x00000000000010c0       0x68 lvgl/src/lv_draw/lv_draw_img.o
 .debug_aranges
                0x0000000000001128       0x30 lvgl/src/lv_draw/lv_img_cache.o
 .debug_aranges
                0x0000000000001158       0x90 lvgl/src/lv_draw/lv_img_decoder.o
 .debug_aranges
                0x00000000000011e8       0x48 lvgl/src/lv_font/lv_font_fmt_txt.o
 .debug_aranges
                0x0000000000001230       0x18 lvgl/src/lv_font/lv_font_roboto_16.o
 .debug_aranges
                0x0000000000001248       0xa0 lvgl/src/lv_hal/lv_hal_disp.o
 .debug_aranges
                0x00000000000012e8       0x40 lvgl/src/lv_hal/lv_hal_indev.o
 .debug_aranges
                0x0000000000001328       0x30 lvgl/src/lv_hal/lv_hal_tick.o
 .debug_aranges
                0x0000000000001358       0x88 lvgl/src/lv_misc/lv_anim.o
 .debug_aranges
                0x00000000000013e0       0xd8 lvgl/src/lv_misc/lv_fs.o
 .debug_aranges
                0x00000000000014b8       0x18 lvgl/src/lv_misc/lv_gc.o
 .debug_aranges
                0x00000000000014d0       0xa0 lvgl/src/lv_misc/lv_ll.o
 .debug_aranges
                0x0000000000001570       0x60 lvgl/src/lv_misc/lv_mem.o
 .debug_aranges
                0x00000000000015d0       0x88 lvgl/src/lv_misc/lv_task.o
 .debug_aranges
                0x0000000000001658       0x28 lvgl/src/lv_misc/lv_utils.o
 .debug_aranges
                0x0000000000001680       0x28 startup/startup_stm32g070xx.o

.debug_ranges   0x0000000000000000     0x2430
 .debug_ranges  0x0000000000000000       0xb8 Core/Src/main.o
 .debug_ranges  0x00000000000000b8       0xb0 Core/Src/stm32_adafruit_sd.o
 .debug_ranges  0x0000000000000168       0xe0 Core/Src/stm32g0xx_hal_msp.o
 .debug_ranges  0x0000000000000248       0x20 Core/Src/stm32g0xx_it.o
 .debug_ranges  0x0000000000000268      0x220 Core/Src/stm32g0xx_nucleo.o
 .debug_ranges  0x0000000000000488       0xa0 Core/Src/syscalls.o
 .debug_ranges  0x0000000000000528       0x18 Core/Src/system_stm32g0xx.o
 .debug_ranges  0x0000000000000540       0xe0 Drivers/STM32G0xx_HAL_Driver/Src/stm32g0xx_hal.o
 .debug_ranges  0x0000000000000620       0xd0 Drivers/STM32G0xx_HAL_Driver/Src/stm32g0xx_hal_cortex.o
 .debug_ranges  0x00000000000006f0       0x48 Drivers/STM32G0xx_HAL_Driver/Src/stm32g0xx_hal_gpio.o
 .debug_ranges  0x0000000000000738       0x88 Drivers/STM32G0xx_HAL_Driver/Src/stm32g0xx_hal_pwr_ex.o
 .debug_ranges  0x00000000000007c0       0xe8 Drivers/STM32G0xx_HAL_Driver/Src/stm32g0xx_hal_rcc.o
 .debug_ranges  0x00000000000008a8       0x90 Drivers/STM32G0xx_HAL_Driver/Src/stm32g0xx_hal_rcc_ex.o
 .debug_ranges  0x0000000000000938       0xa0 Drivers/STM32G0xx_HAL_Driver/Src/stm32g0xx_hal_rtc.o
 .debug_ranges  0x00000000000009d8      0x290 Drivers/STM32G0xx_HAL_Driver/Src/stm32g0xx_hal_spi.o
 .debug_ranges  0x0000000000000c68      0x1b0 Drivers/STM32G0xx_HAL_Driver/Src/stm32g0xx_hal_uart.o
 .debug_ranges  0x0000000000000e18       0x60 Drivers/STM32G0xx_HAL_Driver/Src/stm32g0xx_hal_uart_ex.o
 .debug_ranges  0x0000000000000e78       0x20 FATFS/App/app_fatfs.o
 .debug_ranges  0x0000000000000e98       0x50 FATFS/Target/sd_diskio.o
 .debug_ranges  0x0000000000000ee8       0x30 Middlewares/Third_Party/FatFs/src/ff_gen_drv.o
 .debug_ranges  0x0000000000000f18      0x160 lvgl/src/lv_core/lv_group.o
 .debug_ranges  0x0000000000001078      0x1f0 lvgl/src/lv_core/lv_indev.o
 .debug_ranges  0x0000000000001268      0x710 lvgl/src/lv_core/lv_obj.o
 .debug_ranges  0x0000000000001978      0x210 lvgl/src/lv_core/lv_refr.o
 .debug_ranges  0x0000000000001b88       0x48 lvgl/src/lv_core/lv_style.o
 .debug_ranges  0x0000000000001bd0      0x150 lvgl/src/lv_draw/lv_draw_img.o
 .debug_ranges  0x0000000000001d20       0x20 lvgl/src/lv_draw/lv_img_cache.o
 .debug_ranges  0x0000000000001d40      0x138 lvgl/src/lv_draw/lv_img_decoder.o
 .debug_ranges  0x0000000000001e78      0x158 lvgl/src/lv_font/lv_font_fmt_txt.o
 .debug_ranges  0x0000000000001fd0       0xc0 lvgl/src/lv_hal/lv_hal_disp.o
 .debug_ranges  0x0000000000002090       0x30 lvgl/src/lv_hal/lv_hal_indev.o
 .debug_ranges  0x00000000000020c0       0x20 lvgl/src/lv_hal/lv_hal_tick.o
 .debug_ranges  0x00000000000020e0       0xa8 lvgl/src/lv_misc/lv_anim.o
 .debug_ranges  0x0000000000002188       0xc8 lvgl/src/lv_misc/lv_fs.o
 .debug_ranges  0x0000000000002250       0x90 lvgl/src/lv_misc/lv_ll.o
 .debug_ranges  0x00000000000022e0       0x70 lvgl/src/lv_misc/lv_mem.o
 .debug_ranges  0x0000000000002350       0xa8 lvgl/src/lv_misc/lv_task.o
 .debug_ranges  0x00000000000023f8       0x18 lvgl/src/lv_misc/lv_utils.o
 .debug_ranges  0x0000000000002410       0x20 startup/startup_stm32g070xx.o

.debug_line     0x0000000000000000     0xda80
 .debug_line    0x0000000000000000      0x72a Core/Src/main.o
 .debug_line    0x000000000000072a      0x531 Core/Src/stm32_adafruit_sd.o
 .debug_line    0x0000000000000c5b      0x309 Core/Src/stm32g0xx_hal_msp.o
 .debug_line    0x0000000000000f64      0x42c Core/Src/stm32g0xx_it.o
 .debug_line    0x0000000000001390      0x530 Core/Src/stm32g0xx_nucleo.o
 .debug_line    0x00000000000018c0      0x39f Core/Src/syscalls.o
 .debug_line    0x0000000000001c5f      0x24c Core/Src/system_stm32g0xx.o
 .debug_line    0x0000000000001eab      0x463 Drivers/STM32G0xx_HAL_Driver/Src/stm32g0xx_hal.o
 .debug_line    0x000000000000230e      0x435 Drivers/STM32G0xx_HAL_Driver/Src/stm32g0xx_hal_cortex.o
 .debug_line    0x0000000000002743      0x382 Drivers/STM32G0xx_HAL_Driver/Src/stm32g0xx_hal_gpio.o
 .debug_line    0x0000000000002ac5      0x37b Drivers/STM32G0xx_HAL_Driver/Src/stm32g0xx_hal_pwr_ex.o
 .debug_line    0x0000000000002e40      0x5d2 Drivers/STM32G0xx_HAL_Driver/Src/stm32g0xx_hal_rcc.o
 .debug_line    0x0000000000003412      0x434 Drivers/STM32G0xx_HAL_Driver/Src/stm32g0xx_hal_rcc_ex.o
 .debug_line    0x0000000000003846      0x697 Drivers/STM32G0xx_HAL_Driver/Src/stm32g0xx_hal_rtc.o
 .debug_line    0x0000000000003edd      0xcde Drivers/STM32G0xx_HAL_Driver/Src/stm32g0xx_hal_spi.o
 .debug_line    0x0000000000004bbb     0x113b Drivers/STM32G0xx_HAL_Driver/Src/stm32g0xx_hal_uart.o
 .debug_line    0x0000000000005cf6      0x4cf Drivers/STM32G0xx_HAL_Driver/Src/stm32g0xx_hal_uart_ex.o
 .debug_line    0x00000000000061c5      0x357 FATFS/App/app_fatfs.o
 .debug_line    0x000000000000651c      0x3c0 FATFS/Target/sd_diskio.o
 .debug_line    0x00000000000068dc      0x352 Middlewares/Third_Party/FatFs/src/ff_gen_drv.o
 .debug_line    0x0000000000006c2e      0x79e lvgl/src/lv_core/lv_group.o
 .debug_line    0x00000000000073cc      0x7f9 lvgl/src/lv_core/lv_indev.o
 .debug_line    0x0000000000007bc5     0x1364 lvgl/src/lv_core/lv_obj.o
 .debug_line    0x0000000000008f29      0x6c8 lvgl/src/lv_core/lv_refr.o
 .debug_line    0x00000000000095f1      0x58e lvgl/src/lv_core/lv_style.o
 .debug_line    0x0000000000009b7f      0x591 lvgl/src/lv_draw/lv_draw_img.o
 .debug_line    0x000000000000a110      0x3c2 lvgl/src/lv_draw/lv_img_cache.o
 .debug_line    0x000000000000a4d2      0x739 lvgl/src/lv_draw/lv_img_decoder.o
 .debug_line    0x000000000000ac0b      0x28d lvgl/src/lv_font/lv_font_fmt_txt.o
 .debug_line    0x000000000000ae98      0x344 lvgl/src/lv_font/lv_font_roboto_16.o
 .debug_line    0x000000000000b1dc      0x551 lvgl/src/lv_hal/lv_hal_disp.o
 .debug_line    0x000000000000b72d      0x471 lvgl/src/lv_hal/lv_hal_indev.o
 .debug_line    0x000000000000bb9e      0x15b lvgl/src/lv_hal/lv_hal_tick.o
 .debug_line    0x000000000000bcf9      0x585 lvgl/src/lv_misc/lv_anim.o
 .debug_line    0x000000000000c27e      0x6c9 lvgl/src/lv_misc/lv_fs.o
 .debug_line    0x000000000000c947      0x311 lvgl/src/lv_misc/lv_gc.o
 .debug_line    0x000000000000cc58      0x3bc lvgl/src/lv_misc/lv_ll.o
 .debug_line    0x000000000000d014      0x36a lvgl/src/lv_misc/lv_mem.o
 .debug_line    0x000000000000d37e      0x51f lvgl/src/lv_misc/lv_task.o
 .debug_line    0x000000000000d89d      0x161 lvgl/src/lv_misc/lv_utils.o
 .debug_line    0x000000000000d9fe       0x82 startup/startup_stm32g070xx.o

.debug_str      0x0000000000000000     0x8405
 .debug_str     0x0000000000000000     0x173a Core/Src/main.o
                                       0x1901 (size before relaxing)
 .debug_str     0x000000000000173a      0x6c6 Core/Src/stm32_adafruit_sd.o
                                        0xcce (size before relaxing)
 .debug_str     0x0000000000001e00       0xaf Core/Src/stm32g0xx_hal_msp.o
                                        0xc06 (size before relaxing)
 .debug_str     0x0000000000001eaf       0x7c Core/Src/stm32g0xx_it.o
                                        0xa8f (size before relaxing)
 .debug_str     0x0000000000001f2b      0x4c9 Core/Src/stm32g0xx_nucleo.o
                                        0xdcf (size before relaxing)
 .debug_str     0x00000000000023f4      0x23e Core/Src/syscalls.o
                                        0x84d (size before relaxing)
 .debug_str     0x0000000000002632       0x82 Core/Src/system_stm32g0xx.o
                                        0x38b (size before relaxing)
 .debug_str     0x00000000000026b4      0x30e Drivers/STM32G0xx_HAL_Driver/Src/stm32g0xx_hal.o
                                        0x84b (size before relaxing)
 .debug_str     0x00000000000029c2      0x2f7 Drivers/STM32G0xx_HAL_Driver/Src/stm32g0xx_hal_cortex.o
                                        0x7f1 (size before relaxing)
 .debug_str     0x0000000000002cb9      0x10c Drivers/STM32G0xx_HAL_Driver/Src/stm32g0xx_hal_gpio.o
                                        0x4b5 (size before relaxing)
 .debug_str     0x0000000000002dc5      0x299 Drivers/STM32G0xx_HAL_Driver/Src/stm32g0xx_hal_pwr_ex.o
                                        0x582 (size before relaxing)
 .debug_str     0x000000000000305e      0x1d3 Drivers/STM32G0xx_HAL_Driver/Src/stm32g0xx_hal_rcc.o
                                        0x7d0 (size before relaxing)
 .debug_str     0x0000000000003231      0x116 Drivers/STM32G0xx_HAL_Driver/Src/stm32g0xx_hal_rcc_ex.o
                                        0x674 (size before relaxing)
 .debug_str     0x0000000000003347      0x2c0 Drivers/STM32G0xx_HAL_Driver/Src/stm32g0xx_hal_rtc.o
                                        0x7ce (size before relaxing)
 .debug_str     0x0000000000003607      0x525 Drivers/STM32G0xx_HAL_Driver/Src/stm32g0xx_hal_spi.o
                                        0xd13 (size before relaxing)
 .debug_str     0x0000000000003b2c      0x75e Drivers/STM32G0xx_HAL_Driver/Src/stm32g0xx_hal_uart.o
                                       0x106f (size before relaxing)
 .debug_str     0x000000000000428a      0x1d7 Drivers/STM32G0xx_HAL_Driver/Src/stm32g0xx_hal_uart_ex.o
                                        0xa72 (size before relaxing)
 .debug_str     0x0000000000004461       0xc7 FATFS/App/app_fatfs.o
                                        0x8ee (size before relaxing)
 .debug_str     0x0000000000004528       0x6e FATFS/Target/sd_diskio.o
                                        0xac8 (size before relaxing)
 .debug_str     0x0000000000004596       0xb5 Middlewares/Third_Party/FatFs/src/ff_gen_drv.o
                                        0x7e5 (size before relaxing)
 .debug_str     0x000000000000464b      0xc59 lvgl/src/lv_core/lv_group.o
                                       0x16a1 (size before relaxing)
 .debug_str     0x00000000000052a4      0x991 lvgl/src/lv_core/lv_indev.o
                                       0x19c5 (size before relaxing)
 .debug_str     0x0000000000005c35      0xb5d lvgl/src/lv_core/lv_obj.o
                                       0x25a4 (size before relaxing)
 .debug_str     0x0000000000006792      0x25a lvgl/src/lv_core/lv_refr.o
                                       0x138a (size before relaxing)
 .debug_str     0x00000000000069ec      0x1c6 lvgl/src/lv_core/lv_style.o
                                        0xbbd (size before relaxing)
 .debug_str     0x0000000000006bb2      0x5b6 lvgl/src/lv_draw/lv_draw_img.o
                                       0x11d7 (size before relaxing)
 .debug_str     0x0000000000007168       0x83 lvgl/src/lv_draw/lv_img_cache.o
                                        0xbe1 (size before relaxing)
 .debug_str     0x00000000000071eb      0x45f lvgl/src/lv_draw/lv_img_decoder.o
                                       0x14a1 (size before relaxing)
 .debug_str     0x000000000000764a      0x3f6 lvgl/src/lv_font/lv_font_fmt_txt.o
                                        0x694 (size before relaxing)
 .debug_str     0x0000000000007a40       0x7d lvgl/src/lv_font/lv_font_roboto_16.o
                                        0xc21 (size before relaxing)
 .debug_str     0x0000000000007abd      0x192 lvgl/src/lv_hal/lv_hal_disp.o
                                       0x1307 (size before relaxing)
 .debug_str     0x0000000000007c4f       0x5e lvgl/src/lv_hal/lv_hal_indev.o
                                       0x1257 (size before relaxing)
 .debug_str     0x0000000000007cad       0x4e lvgl/src/lv_hal/lv_hal_tick.o
                                        0x20b (size before relaxing)
 .debug_str     0x0000000000007cfb      0x156 lvgl/src/lv_misc/lv_anim.o
                                        0xe79 (size before relaxing)
 .debug_str     0x0000000000007e51      0x1a0 lvgl/src/lv_misc/lv_fs.o
                                        0xeee (size before relaxing)
 .debug_str     0x0000000000007ff1       0x1c lvgl/src/lv_misc/lv_gc.o
                                        0xae4 (size before relaxing)
 .debug_str     0x000000000000800d       0xe8 lvgl/src/lv_misc/lv_ll.o
                                        0x78d (size before relaxing)
 .debug_str     0x00000000000080f5      0x15b lvgl/src/lv_misc/lv_mem.o
                                        0x773 (size before relaxing)
 .debug_str     0x0000000000008250      0x16a lvgl/src/lv_misc/lv_task.o
                                        0xddc (size before relaxing)
 .debug_str     0x00000000000083ba       0x4b lvgl/src/lv_misc/lv_utils.o
                                        0x207 (size before relaxing)

.comment        0x0000000000000000       0x7c
 .comment       0x0000000000000000       0x7c Core/Src/main.o
                                         0x7d (size before relaxing)
 .comment       0x000000000000007c       0x7d Core/Src/stm32_adafruit_sd.o
 .comment       0x000000000000007c       0x7d Core/Src/stm32g0xx_hal_msp.o
 .comment       0x000000000000007c       0x7d Core/Src/stm32g0xx_it.o
 .comment       0x000000000000007c       0x7d Core/Src/stm32g0xx_nucleo.o
 .comment       0x000000000000007c       0x7d Core/Src/syscalls.o
 .comment       0x000000000000007c       0x7d Core/Src/system_stm32g0xx.o
 .comment       0x000000000000007c       0x7d Drivers/STM32G0xx_HAL_Driver/Src/stm32g0xx_hal.o
 .comment       0x000000000000007c       0x7d Drivers/STM32G0xx_HAL_Driver/Src/stm32g0xx_hal_cortex.o
 .comment       0x000000000000007c       0x7d Drivers/STM32G0xx_HAL_Driver/Src/stm32g0xx_hal_gpio.o
 .comment       0x000000000000007c       0x7d Drivers/STM32G0xx_HAL_Driver/Src/stm32g0xx_hal_pwr_ex.o
 .comment       0x000000000000007c       0x7d Drivers/STM32G0xx_HAL_Driver/Src/stm32g0xx_hal_rcc.o
 .comment       0x000000000000007c       0x7d Drivers/STM32G0xx_HAL_Driver/Src/stm32g0xx_hal_rcc_ex.o
 .comment       0x000000000000007c       0x7d Drivers/STM32G0xx_HAL_Driver/Src/stm32g0xx_hal_rtc.o
 .comment       0x000000000000007c       0x7d Drivers/STM32G0xx_HAL_Driver/Src/stm32g0xx_hal_spi.o
 .comment       0x000000000000007c       0x7d Drivers/STM32G0xx_HAL_Driver/Src/stm32g0xx_hal_uart.o
 .comment       0x000000000000007c       0x7d Drivers/STM32G0xx_HAL_Driver/Src/stm32g0xx_hal_uart_ex.o
 .comment       0x000000000000007c       0x7d FATFS/App/app_fatfs.o
 .comment       0x000000000000007c       0x7d FATFS/Target/sd_diskio.o
 .comment       0x000000000000007c       0x7d Middlewares/Third_Party/FatFs/src/ff_gen_drv.o
 .comment       0x000000000000007c       0x7d lvgl/src/lv_core/lv_group.o
 .comment       0x000000000000007c       0x7d lvgl/src/lv_core/lv_indev.o
 .comment       0x000000000000007c       0x7d lvgl/src/lv_core/lv_obj.o
 .comment       0x000000000000007c       0x7d lvgl/src/lv_core/lv_refr.o
 .comment       0x000000000000007c       0x7d lvgl/src/lv_core/lv_style.o
 .comment       0x000000000000007c       0x7d lvgl/src/lv_draw/lv_draw_img.o
 .comment       0x000000000000007c       0x7d lvgl/src/lv_draw/lv_img_cache.o
 .comment       0x000000000000007c       0x7d lvgl/src/lv_draw/lv_img_decoder.o
 .comment       0x000000000000007c       0x7d lvgl/src/lv_font/lv_font_fmt_txt.o
 .comment       0x000000000000007c       0x7d lvgl/src/lv_font/lv_font_roboto_16.o
 .comment       0x000000000000007c       0x7d lvgl/src/lv_hal/lv_hal_disp.o
 .comment       0x000000000000007c       0x7d lvgl/src/lv_hal/lv_hal_indev.o
 .comment       0x000000000000007c       0x7d lvgl/src/lv_hal/lv_hal_tick.o
 .comment       0x000000000000007c       0x7d lvgl/src/lv_misc/lv_anim.o
 .comment       0x000000000000007c       0x7d lvgl/src/lv_misc/lv_fs.o
 .comment       0x000000000000007c       0x7d lvgl/src/lv_misc/lv_gc.o
 .comment       0x000000000000007c       0x7d lvgl/src/lv_misc/lv_ll.o
 .comment       0x000000000000007c       0x7d lvgl/src/lv_misc/lv_mem.o
 .comment       0x000000000000007c       0x7d lvgl/src/lv_misc/lv_task.o
 .comment       0x000000000000007c       0x7d lvgl/src/lv_misc/lv_utils.o

.debug_frame    0x0000000000000000     0x4004
 .debug_frame   0x0000000000000000       0x5c Core/Src/main.o
 .debug_frame   0x000000000000005c      0x120 Core/Src/stm32_adafruit_sd.o
 .debug_frame   0x000000000000017c       0xb0 Core/Src/stm32g0xx_hal_msp.o
 .debug_frame   0x000000000000022c       0x68 Core/Src/stm32g0xx_it.o
 .debug_frame   0x0000000000000294      0x24c Core/Src/stm32g0xx_nucleo.o
 .debug_frame   0x00000000000004e0      0x19c Core/Src/syscalls.o
 .debug_frame   0x000000000000067c       0x3c Core/Src/system_stm32g0xx.o
 .debug_frame   0x00000000000006b8      0x204 Drivers/STM32G0xx_HAL_Driver/Src/stm32g0xx_hal.o
 .debug_frame   0x00000000000008bc      0x11c Drivers/STM32G0xx_HAL_Driver/Src/stm32g0xx_hal_cortex.o
 .debug_frame   0x00000000000009d8       0xd0 Drivers/STM32G0xx_HAL_Driver/Src/stm32g0xx_hal_gpio.o
 .debug_frame   0x0000000000000aa8      0x140 Drivers/STM32G0xx_HAL_Driver/Src/stm32g0xx_hal_pwr_ex.o
 .debug_frame   0x0000000000000be8      0x160 Drivers/STM32G0xx_HAL_Driver/Src/stm32g0xx_hal_rcc.o
 .debug_frame   0x0000000000000d48       0x9c Drivers/STM32G0xx_HAL_Driver/Src/stm32g0xx_hal_rcc_ex.o
 .debug_frame   0x0000000000000de4      0x248 Drivers/STM32G0xx_HAL_Driver/Src/stm32g0xx_hal_rtc.o
 .debug_frame   0x000000000000102c      0x5c8 Drivers/STM32G0xx_HAL_Driver/Src/stm32g0xx_hal_spi.o
 .debug_frame   0x00000000000015f4      0x620 Drivers/STM32G0xx_HAL_Driver/Src/stm32g0xx_hal_uart.o
 .debug_frame   0x0000000000001c14      0x158 Drivers/STM32G0xx_HAL_Driver/Src/stm32g0xx_hal_uart_ex.o
 .debug_frame   0x0000000000001d6c       0x48 FATFS/App/app_fatfs.o
 .debug_frame   0x0000000000001db4       0xa8 FATFS/Target/sd_diskio.o
 .debug_frame   0x0000000000001e5c       0x84 Middlewares/Third_Party/FatFs/src/ff_gen_drv.o
 .debug_frame   0x0000000000001ee0      0x320 lvgl/src/lv_core/lv_group.o
 .debug_frame   0x0000000000002200      0x1f8 lvgl/src/lv_core/lv_indev.o
 .debug_frame   0x00000000000023f8      0x814 lvgl/src/lv_core/lv_obj.o
 .debug_frame   0x0000000000002c0c      0x138 lvgl/src/lv_core/lv_refr.o
 .debug_frame   0x0000000000002d44      0x100 lvgl/src/lv_core/lv_style.o
 .debug_frame   0x0000000000002e44      0x118 lvgl/src/lv_draw/lv_draw_img.o
 .debug_frame   0x0000000000002f5c       0x74 lvgl/src/lv_draw/lv_img_cache.o
 .debug_frame   0x0000000000002fd0      0x190 lvgl/src/lv_draw/lv_img_decoder.o
 .debug_frame   0x0000000000003160       0x98 lvgl/src/lv_font/lv_font_fmt_txt.o
 .debug_frame   0x00000000000031f8      0x180 lvgl/src/lv_hal/lv_hal_disp.o
 .debug_frame   0x0000000000003378       0x90 lvgl/src/lv_hal/lv_hal_indev.o
 .debug_frame   0x0000000000003408       0x48 lvgl/src/lv_hal/lv_hal_tick.o
 .debug_frame   0x0000000000003450      0x19c lvgl/src/lv_misc/lv_anim.o
 .debug_frame   0x00000000000035ec      0x2a0 lvgl/src/lv_misc/lv_fs.o
 .debug_frame   0x000000000000388c      0x1b8 lvgl/src/lv_misc/lv_ll.o
 .debug_frame   0x0000000000003a44       0xec lvgl/src/lv_misc/lv_mem.o
 .debug_frame   0x0000000000003b30      0x15c lvgl/src/lv_misc/lv_task.o
 .debug_frame   0x0000000000003c8c       0x58 lvgl/src/lv_misc/lv_utils.o
 .debug_frame   0x0000000000003ce4       0x20 /opt/Atollic_TrueSTUDIO_for_STM32_x86_64_9.3.0/ARMTools/bin/../lib/gcc/arm-atollic-eabi/6.3.1/../../../../arm-atollic-eabi/lib/armv6-m/libc.a(lib_a-errno.o)
 .debug_frame   0x0000000000003d04       0x2c /opt/Atollic_TrueSTUDIO_for_STM32_x86_64_9.3.0/ARMTools/bin/../lib/gcc/arm-atollic-eabi/6.3.1/../../../../arm-atollic-eabi/lib/armv6-m/libc.a(lib_a-init.o)
 .debug_frame   0x0000000000003d30       0x40 /opt/Atollic_TrueSTUDIO_for_STM32_x86_64_9.3.0/ARMTools/bin/../lib/gcc/arm-atollic-eabi/6.3.1/../../../../arm-atollic-eabi/lib/armv6-m/libc.a(lib_a-malloc.o)