Archive member included to satisfy reference by file (symbol)

/opt/Atollic_TrueSTUDIO_for_STM32_x86_64_9.3.0/ARMTools/bin/../lib/gcc/arm-atollic-eabi/6.3.1/../../../../arm-atollic-eabi/lib/armv6-m/libc.a(lib_a-errno.o)
                              Core/Src/syscalls.o (__errno)
/opt/Atollic_TrueSTUDIO_for_STM32_x86_64_9.3.0/ARMTools/bin/../lib/gcc/arm-atollic-eabi/6.3.1/../../../../arm-atollic-eabi/lib/armv6-m/libc.a(lib_a-impure.o)
                              /opt/Atollic_TrueSTUDIO_for_STM32_x86_64_9.3.0/ARMTools/bin/../lib/gcc/arm-atollic-eabi/6.3.1/../../../../arm-atollic-eabi/lib/armv6-m/libc.a(lib_a-errno.o) (_impure_ptr)
/opt/Atollic_TrueSTUDIO_for_STM32_x86_64_9.3.0/ARMTools/bin/../lib/gcc/arm-atollic-eabi/6.3.1/../../../../arm-atollic-eabi/lib/armv6-m/libc.a(lib_a-init.o)
                              startup/startup_stm32g070xx.o (__libc_init_array)
/opt/Atollic_TrueSTUDIO_for_STM32_x86_64_9.3.0/ARMTools/bin/../lib/gcc/arm-atollic-eabi/6.3.1/../../../../arm-atollic-eabi/lib/armv6-m/libc.a(lib_a-malloc.o)
                              Core/Src/stm32_adafruit_sd.o (malloc)
/opt/Atollic_TrueSTUDIO_for_STM32_x86_64_9.3.0/ARMTools/bin/../lib/gcc/arm-atollic-eabi/6.3.1/../../../../arm-atollic-eabi/lib/armv6-m/libc.a(lib_a-mallocr.o)
                              /opt/Atollic_TrueSTUDIO_for_STM32_x86_64_9.3.0/ARMTools/bin/../lib/gcc/arm-atollic-eabi/6.3.1/../../../../arm-atollic-eabi/lib/armv6-m/libc.a(lib_a-malloc.o) (_malloc_r)
/opt/Atollic_TrueSTUDIO_for_STM32_x86_64_9.3.0/ARMTools/bin/../lib/gcc/arm-atollic-eabi/6.3.1/../../../../arm-atollic-eabi/lib/armv6-m/libc.a(lib_a-memset.o)
                              Core/Src/main.o (memset)
/opt/Atollic_TrueSTUDIO_for_STM32_x86_64_9.3.0/ARMTools/bin/../lib/gcc/arm-atollic-eabi/6.3.1/../../../../arm-atollic-eabi/lib/armv6-m/libc.a(lib_a-mlock.o)
                              /opt/Atollic_TrueSTUDIO_for_STM32_x86_64_9.3.0/ARMTools/bin/../lib/gcc/arm-atollic-eabi/6.3.1/../../../../arm-atollic-eabi/lib/armv6-m/libc.a(lib_a-mallocr.o) (__malloc_lock)
/opt/Atollic_TrueSTUDIO_for_STM32_x86_64_9.3.0/ARMTools/bin/../lib/gcc/arm-atollic-eabi/6.3.1/../../../../arm-atollic-eabi/lib/armv6-m/libc.a(lib_a-sbrkr.o)
                              /opt/Atollic_TrueSTUDIO_for_STM32_x86_64_9.3.0/ARMTools/bin/../lib/gcc/arm-atollic-eabi/6.3.1/../../../../arm-atollic-eabi/lib/armv6-m/libc.a(lib_a-mallocr.o) (_sbrk_r)
/opt/Atollic_TrueSTUDIO_for_STM32_x86_64_9.3.0/ARMTools/bin/../lib/gcc/arm-atollic-eabi/6.3.1/../../../../arm-atollic-eabi/lib/armv6-m/libc.a(lib_a-freer.o)
                              /opt/Atollic_TrueSTUDIO_for_STM32_x86_64_9.3.0/ARMTools/bin/../lib/gcc/arm-atollic-eabi/6.3.1/../../../../arm-atollic-eabi/lib/armv6-m/libc.a(lib_a-malloc.o) (_free_r)
/opt/Atollic_TrueSTUDIO_for_STM32_x86_64_9.3.0/ARMTools/bin/../lib/gcc/arm-atollic-eabi/6.3.1/../../../../arm-atollic-eabi/lib/armv6-m/libc.a(lib_a-lock.o)
                              /opt/Atollic_TrueSTUDIO_for_STM32_x86_64_9.3.0/ARMTools/bin/../lib/gcc/arm-atollic-eabi/6.3.1/../../../../arm-atollic-eabi/lib/armv6-m/libc.a(lib_a-mlock.o) (__retarget_lock_acquire_recursive)
/opt/Atollic_TrueSTUDIO_for_STM32_x86_64_9.3.0/ARMTools/bin/../lib/gcc/arm-atollic-eabi/6.3.1/../../../../arm-atollic-eabi/lib/armv6-m/libc.a(lib_a-reent.o)
                              /opt/Atollic_TrueSTUDIO_for_STM32_x86_64_9.3.0/ARMTools/bin/../lib/gcc/arm-atollic-eabi/6.3.1/../../../../arm-atollic-eabi/lib/armv6-m/libc.a(lib_a-sbrkr.o) (errno)
/opt/Atollic_TrueSTUDIO_for_STM32_x86_64_9.3.0/ARMTools/bin/../lib/gcc/arm-atollic-eabi/6.3.1/armv6-m/libgcc.a(_thumb1_case_uqi.o)
                              Core/Src/stm32_adafruit_sd.o (__gnu_thumb1_case_uqi)
/opt/Atollic_TrueSTUDIO_for_STM32_x86_64_9.3.0/ARMTools/bin/../lib/gcc/arm-atollic-eabi/6.3.1/armv6-m/libgcc.a(_thumb1_case_shi.o)
                              Drivers/STM32G0xx_HAL_Driver/Src/stm32g0xx_hal_uart.o (__gnu_thumb1_case_shi)
/opt/Atollic_TrueSTUDIO_for_STM32_x86_64_9.3.0/ARMTools/bin/../lib/gcc/arm-atollic-eabi/6.3.1/armv6-m/libgcc.a(_udivsi3.o)
                              Core/Src/system_stm32g0xx.o (__aeabi_uidiv)
/opt/Atollic_TrueSTUDIO_for_STM32_x86_64_9.3.0/ARMTools/bin/../lib/gcc/arm-atollic-eabi/6.3.1/armv6-m/libgcc.a(_divsi3.o)
                              Drivers/STM32G0xx_HAL_Driver/Src/stm32g0xx_hal_uart_ex.o (__aeabi_idiv)
/opt/Atollic_TrueSTUDIO_for_STM32_x86_64_9.3.0/ARMTools/bin/../lib/gcc/arm-atollic-eabi/6.3.1/armv6-m/libgcc.a(_dvmd_tls.o)
                              /opt/Atollic_TrueSTUDIO_for_STM32_x86_64_9.3.0/ARMTools/bin/../lib/gcc/arm-atollic-eabi/6.3.1/armv6-m/libgcc.a(_udivsi3.o) (__aeabi_idiv0)

Allocating common symbols
Common symbol       size              file

__lock___atexit_recursive_mutex
                    0x1               /opt/Atollic_TrueSTUDIO_for_STM32_x86_64_9.3.0/ARMTools/bin/../lib/gcc/arm-atollic-eabi/6.3.1/../../../../arm-atollic-eabi/lib/armv6-m/libc.a(lib_a-lock.o)
__lock___arc4random_mutex
[...]
Memory Configuration

Name             Origin             Length             Attributes
RAM              0x0000000020000000 0x0000000000009000 xrw
FLASH            0x0000000008000000 0x0000000000020000 xr
*default*        0x0000000000000000 0xffffffffffffffff

Linker script and memory map

LOAD /opt/Atollic_TrueSTUDIO_for_STM32_x86_64_9.3.0/ARMTools/bin/../lib/gcc/arm-atollic-eabi/6.3.1/armv6-m/crti.o
LOAD /opt/Atollic_TrueSTUDIO_for_STM32_x86_64_9.3.0/ARMTools/bin/../lib/gcc/arm-atollic-eabi/6.3.1/armv6-m/crtbegin.o
LOAD Core/Src/main.o
LOAD Core/Src/stm32_adafruit_sd.o
LOAD Core/Src/stm32g0xx_hal_msp.o
LOAD Core/Src/stm32g0xx_it.o
LOAD Core/Src/stm32g0xx_nucleo.o
LOAD Core/Src/syscalls.o
LOAD Core/Src/system_stm32g0xx.o
LOAD Drivers/STM32G0xx_HAL_Driver/Src/stm32g0xx_hal.o
LOAD Drivers/STM32G0xx_HAL_Driver/Src/stm32g0xx_hal_cortex.o
LOAD Drivers/STM32G0xx_HAL_Driver/Src/stm32g0xx_hal_dma.o
LOAD Drivers/STM32G0xx_HAL_Driver/Src/stm32g0xx_hal_dma_ex.o
LOAD Drivers/STM32G0xx_HAL_Driver/Src/stm32g0xx_hal_exti.o
LOAD Drivers/STM32G0xx_HAL_Driver/Src/stm32g0xx_hal_flash.o
LOAD Drivers/STM32G0xx_HAL_Driver/Src/stm32g0xx_hal_flash_ex.o
LOAD Drivers/STM32G0xx_HAL_Driver/Src/stm32g0xx_hal_gpio.o
LOAD Drivers/STM32G0xx_HAL_Driver/Src/stm32g0xx_hal_pwr.o
LOAD Drivers/STM32G0xx_HAL_Driver/Src/stm32g0xx_hal_pwr_ex.o
LOAD Drivers/STM32G0xx_HAL_Driver/Src/stm32g0xx_hal_rcc.o
LOAD Drivers/STM32G0xx_HAL_Driver/Src/stm32g0xx_hal_rcc_ex.o
LOAD Drivers/STM32G0xx_HAL_Driver/Src/stm32g0xx_hal_rtc.o
LOAD Drivers/STM32G0xx_HAL_Driver/Src/stm32g0xx_hal_rtc_ex.o
LOAD Drivers/STM32G0xx_HAL_Driver/Src/stm32g0xx_hal_spi.o
LOAD Drivers/STM32G0xx_HAL_Driver/Src/stm32g0xx_hal_spi_ex.o
LOAD Drivers/STM32G0xx_HAL_Driver/Src/stm32g0xx_hal_tim.o
LOAD Drivers/STM32G0xx_HAL_Driver/Src/stm32g0xx_hal_tim_ex.o
LOAD Drivers/STM32G0xx_HAL_Driver/Src/stm32g0xx_hal_uart.o
LOAD Drivers/STM32G0xx_HAL_Driver/Src/stm32g0xx_hal_uart_ex.o
LOAD Drivers/STM32G0xx_HAL_Driver/Src/stm32g0xx_ll_rcc.o
LOAD FATFS/App/app_fatfs.o
LOAD FATFS/Target/sd_diskio.o
LOAD Middlewares/Third_Party/FatFs/src/diskio.o
LOAD Middlewares/Third_Party/FatFs/src/ff.o
LOAD Middlewares/Third_Party/FatFs/src/ff_gen_drv.o
LOAD Middlewares/Third_Party/FatFs/src/option/syscall.o
LOAD startup/startup_stm32g070xx.o
                0x0000000000000080                malloc_getpagesize_P = 0x80
START GROUP
LOAD /opt/Atollic_TrueSTUDIO_for_STM32_x86_64_9.3.0/ARMTools/bin/../lib/gcc/arm-atollic-eabi/6.3.1/../../../../arm-atollic-eabi/lib/armv6-m/libc.a
LOAD /opt/Atollic_TrueSTUDIO_for_STM32_x86_64_9.3.0/ARMTools/bin/../lib/gcc/arm-atollic-eabi/6.3.1/../../../../arm-atollic-eabi/lib/armv6-m/libm.a
END GROUP
START GROUP
LOAD /opt/Atollic_TrueSTUDIO_for_STM32_x86_64_9.3.0/ARMTools/bin/../lib/gcc/arm-atollic-eabi/6.3.1/armv6-m/libgcc.a
LOAD /opt/Atollic_TrueSTUDIO_for_STM32_x86_64_9.3.0/ARMTools/bin/../lib/gcc/arm-atollic-eabi/6.3.1/../../../../arm-atollic-eabi/lib/armv6-m/libc.a
END GROUP
START GROUP
LOAD /opt/Atollic_TrueSTUDIO_for_STM32_x86_64_9.3.0/ARMTools/bin/../lib/gcc/arm-atollic-eabi/6.3.1/armv6-m/libgcc.a
LOAD /opt/Atollic_TrueSTUDIO_for_STM32_x86_64_9.3.0/ARMTools/bin/../lib/gcc/arm-atollic-eabi/6.3.1/../../../../arm-atollic-eabi/lib/armv6-m/libc.a
LOAD /opt/Atollic_TrueSTUDIO_for_STM32_x86_64_9.3.0/ARMTools/bin/../lib/gcc/arm-atollic-eabi/6.3.1/../../../../arm-atollic-eabi/lib/armv6-m/libnosys.a
END GROUP
LOAD /opt/Atollic_TrueSTUDIO_for_STM32_x86_64_9.3.0/ARMTools/bin/../lib/gcc/arm-atollic-eabi/6.3.1/armv6-m/crtend.o
LOAD /opt/Atollic_TrueSTUDIO_for_STM32_x86_64_9.3.0/ARMTools/bin/../lib/gcc/arm-atollic-eabi/6.3.1/armv6-m/crtn.o
                0x0000000020009000                _estack = 0x20009000
                0x0000000000000200                _Min_Heap_Size = 0x200
                0x0000000000000400                _Min_Stack_Size = 0x400

.isr_vector     0x0000000008000000       0xb8
                0x0000000008000000                . = ALIGN (0x4)
 *(.isr_vector)
 .isr_vector    0x0000000008000000       0xb8 startup/startup_stm32g070xx.o
                0x0000000008000000                g_pfnVectors
                0x00000000080000b8                . = ALIGN (0x4)

.text           0x00000000080000b8     0x3248
                0x00000000080000b8                . = ALIGN (0x4)
 *(.text)
 .text          0x00000000080000b8       0x48 /opt/Atollic_TrueSTUDIO_for_STM32_x86_64_9.3.0/ARMTools/bin/../lib/gcc/arm-atollic-eabi/6.3.1/armv6-m/crtbegin.o
 .text          0x0000000008000100       0x14 /opt/Atollic_TrueSTUDIO_for_STM32_x86_64_9.3.0/ARMTools/bin/../lib/gcc/arm-atollic-eabi/6.3.1/armv6-m/libgcc.a(_thumb1_case_uqi.o)
                0x0000000008000100                __gnu_thumb1_case_uqi
 .text          0x0000000008000114       0x14 /opt/Atollic_TrueSTUDIO_for_STM32_x86_64_9.3.0/ARMTools/bin/../lib/gcc/arm-atollic-eabi/6.3.1/armv6-m/libgcc.a(_thumb1_case_shi.o)
                0x0000000008000114                __gnu_thumb1_case_shi
 .text          0x0000000008000128      0x114 /opt/Atollic_TrueSTUDIO_for_STM32_x86_64_9.3.0/ARMTools/bin/../lib/gcc/arm-atollic-eabi/6.3.1/armv6-m/libgcc.a(_udivsi3.o)
                0x0000000008000128                __udivsi3
                0x0000000008000128                __aeabi_uidiv
                0x0000000008000234                __aeabi_uidivmod
 .text          0x000000000800023c      0x1d4 /opt/Atollic_TrueSTUDIO_for_STM32_x86_64_9.3.0/ARMTools/bin/../lib/gcc/arm-atollic-eabi/6.3.1/armv6-m/libgcc.a(_divsi3.o)
                0x000000000800023c                __aeabi_idiv
                0x000000000800023c                __divsi3
                0x0000000008000408                __aeabi_idivmod
 .text          0x0000000008000410        0x4 /opt/Atollic_TrueSTUDIO_for_STM32_x86_64_9.3.0/ARMTools/bin/../lib/gcc/arm-atollic-eabi/6.3.1/armv6-m/libgcc.a(_dvmd_tls.o)
                0x0000000008000410                __aeabi_ldiv0
                0x0000000008000410                __aeabi_idiv0
 *(.text*)
 .text.SystemClock_Config
                0x0000000008000414       0x98 Core/Src/main.o
                0x0000000008000414                SystemClock_Config
 .text.startup.main
                0x00000000080004ac      0x144 Core/Src/main.o
                0x00000000080004ac                main
 .text.SD_ReadData
                0x00000000080005f0       0x18 Core/Src/stm32_adafruit_sd.o
 .text.SD_SendCmd
                0x0000000008000608       0xdc Core/Src/stm32_adafruit_sd.o
 .text.SD_WaitData.constprop.0
                0x00000000080006e4       0x28 Core/Src/stm32_adafruit_sd.o
 .text.BSP_SD_Init
                0x000000000800070c      0x184 Core/Src/stm32_adafruit_sd.o
                0x000000000800070c                BSP_SD_Init
 .text.BSP_SD_GetCardInfo
                0x0000000008000890      0x38c Core/Src/stm32_adafruit_sd.o
                0x0000000008000890                BSP_SD_GetCardInfo
 .text.BSP_SD_ReadBlocks
                0x0000000008000c1c       0xe4 Core/Src/stm32_adafruit_sd.o
                0x0000000008000c1c                BSP_SD_ReadBlocks
 .text.BSP_SD_WriteBlocks
                0x0000000008000d00      0x118 Core/Src/stm32_adafruit_sd.o
                0x0000000008000d00                BSP_SD_WriteBlocks
 .text.BSP_SD_GetCardState
                0x0000000008000e18       0x34 Core/Src/stm32_adafruit_sd.o
                0x0000000008000e18                BSP_SD_GetCardState
 .text.HAL_MspInit
                0x0000000008000e4c       0x30 Core/Src/stm32g0xx_hal_msp.o
                0x0000000008000e4c                HAL_MspInit
 .text.HAL_RTC_MspInit
                0x0000000008000e7c       0x34 Core/Src/stm32g0xx_hal_msp.o
                0x0000000008000e7c                HAL_RTC_MspInit
 .text.HAL_SPI_MspInit
                0x0000000008000eb0       0x5c Core/Src/stm32g0xx_hal_msp.o
                0x0000000008000eb0                HAL_SPI_MspInit
 .text.HAL_SPI_MspDeInit
                0x0000000008000f0c       0x30 Core/Src/stm32g0xx_hal_msp.o
                0x0000000008000f0c                HAL_SPI_MspDeInit
 .text.HAL_UART_MspInit
                0x0000000008000f3c       0x5c Core/Src/stm32g0xx_hal_msp.o
                0x0000000008000f3c                HAL_UART_MspInit
 .text.NMI_Handler
                0x0000000008000f98        0x2 Core/Src/stm32g0xx_it.o
                0x0000000008000f98                NMI_Handler
 .text.HardFault_Handler
                0x0000000008000f9a        0x2 Core/Src/stm32g0xx_it.o
                0x0000000008000f9a                HardFault_Handler
 .text.SVC_Handler
                0x0000000008000f9c        0x2 Core/Src/stm32g0xx_it.o
                0x0000000008000f9c                SVC_Handler
 .text.PendSV_Handler
                0x0000000008000f9e        0x2 Core/Src/stm32g0xx_it.o
                0x0000000008000f9e                PendSV_Handler
 .text.SysTick_Handler
                0x0000000008000fa0        0x8 Core/Src/stm32g0xx_it.o
                0x0000000008000fa0                SysTick_Handler
 .text.SPIx_Init
                0x0000000008000fa8       0xc8 Core/Src/stm32g0xx_nucleo.o
 .text.SPIx_WriteReadData
                0x0000000008001070       0x30 Core/Src/stm32g0xx_nucleo.o
 .text.SD_IO_CSState
                0x00000000080010a0       0x1c Core/Src/stm32g0xx_nucleo.o
                0x00000000080010a0                SD_IO_CSState
 .text.SD_IO_WriteReadData
                0x00000000080010bc        0x8 Core/Src/stm32g0xx_nucleo.o
                0x00000000080010bc                SD_IO_WriteReadData
 .text.SD_IO_WriteByte
                0x00000000080010c4       0x1c Core/Src/stm32g0xx_nucleo.o
                0x00000000080010c4                SD_IO_WriteByte
 .text.SD_IO_Init
                0x00000000080010e0       0x88 Core/Src/stm32g0xx_nucleo.o
                0x00000000080010e0                SD_IO_Init
 .text._sbrk    0x0000000008001168       0x34 Core/Src/syscalls.o
                0x0000000008001168                _sbrk
 .text.SystemInit
                0x000000000800119c       0x10 Core/Src/system_stm32g0xx.o
                0x000000000800119c                SystemInit
 .text.HAL_InitTick
                0x00000000080011ac       0x50 Drivers/STM32G0xx_HAL_Driver/Src/stm32g0xx_hal.o
                0x00000000080011ac                HAL_InitTick
 .text.HAL_Init
                0x00000000080011fc       0x28 Drivers/STM32G0xx_HAL_Driver/Src/stm32g0xx_hal.o
                0x00000000080011fc                HAL_Init
 .text.HAL_IncTick
                0x0000000008001224       0x18 Drivers/STM32G0xx_HAL_Driver/Src/stm32g0xx_hal.o
                0x0000000008001224                HAL_IncTick
 .text.HAL_GetTick
                0x000000000800123c        0xc Drivers/STM32G0xx_HAL_Driver/Src/stm32g0xx_hal.o
                0x000000000800123c                HAL_GetTick
 .text.HAL_Delay
                0x0000000008001248       0x24 Drivers/STM32G0xx_HAL_Driver/Src/stm32g0xx_hal.o
                0x0000000008001248                HAL_Delay
 .text.HAL_NVIC_SetPriority
                0x000000000800126c       0x60 Drivers/STM32G0xx_HAL_Driver/Src/stm32g0xx_hal_cortex.o
                0x000000000800126c                HAL_NVIC_SetPriority
 .text.HAL_SYSTICK_Config
                0x00000000080012cc       0x34 Drivers/STM32G0xx_HAL_Driver/Src/stm32g0xx_hal_cortex.o
                0x00000000080012cc                HAL_SYSTICK_Config
 .text.HAL_GPIO_Init
                0x0000000008001300      0x150 Drivers/STM32G0xx_HAL_Driver/Src/stm32g0xx_hal_gpio.o
                0x0000000008001300                HAL_GPIO_Init
 .text.HAL_GPIO_DeInit
                0x0000000008001450       0xec Drivers/STM32G0xx_HAL_Driver/Src/stm32g0xx_hal_gpio.o
                0x0000000008001450                HAL_GPIO_DeInit
 .text.HAL_GPIO_WritePin
                0x000000000800153c        0xc Drivers/STM32G0xx_HAL_Driver/Src/stm32g0xx_hal_gpio.o
                0x000000000800153c                HAL_GPIO_WritePin
 .text.HAL_PWREx_ControlVoltageScaling
                0x0000000008001548       0x54 Drivers/STM32G0xx_HAL_Driver/Src/stm32g0xx_hal_pwr_ex.o
                0x0000000008001548                HAL_PWREx_ControlVoltageScaling
 .text.HAL_RCC_OscConfig
                0x000000000800159c      0x440 Drivers/STM32G0xx_HAL_Driver/Src/stm32g0xx_hal_rcc.o
                0x000000000800159c                HAL_RCC_OscConfig
 .text.HAL_RCC_GetSysClockFreq
                0x00000000080019dc       0x8c Drivers/STM32G0xx_HAL_Driver/Src/stm32g0xx_hal_rcc.o
                0x00000000080019dc                HAL_RCC_GetSysClockFreq
 .text.HAL_RCC_ClockConfig
                0x0000000008001a68      0x15c Drivers/STM32G0xx_HAL_Driver/Src/stm32g0xx_hal_rcc.o
                0x0000000008001a68                HAL_RCC_ClockConfig
 .text.HAL_RCC_GetPCLK1Freq
                0x0000000008001bc4       0x28 Drivers/STM32G0xx_HAL_Driver/Src/stm32g0xx_hal_rcc.o
                0x0000000008001bc4                HAL_RCC_GetPCLK1Freq
 .text.HAL_RCCEx_PeriphCLKConfig
                0x0000000008001bec      0x160 Drivers/STM32G0xx_HAL_Driver/Src/stm32g0xx_hal_rcc_ex.o
                0x0000000008001bec                HAL_RCCEx_PeriphCLKConfig
 .text.HAL_RTC_WaitForSynchro
                0x0000000008001d4c       0x34 Drivers/STM32G0xx_HAL_Driver/Src/stm32g0xx_hal_rtc.o
                0x0000000008001d4c                HAL_RTC_WaitForSynchro
 .text.RTC_EnterInitMode
                0x0000000008001d80       0x46 Drivers/STM32G0xx_HAL_Driver/Src/stm32g0xx_hal_rtc.o
                0x0000000008001d80                RTC_EnterInitMode
 *fill*         0x0000000008001dc6        0x2 
 .text.RTC_ExitInitMode
                0x0000000008001dc8       0x48 Drivers/STM32G0xx_HAL_Driver/Src/stm32g0xx_hal_rtc.o
                0x0000000008001dc8                RTC_ExitInitMode
 .text.HAL_RTC_Init
                0x0000000008001e10       0xa0 Drivers/STM32G0xx_HAL_Driver/Src/stm32g0xx_hal_rtc.o
                0x0000000008001e10                HAL_RTC_Init
 .text.SPI_WaitFifoStateUntilTimeout.part.1
                0x0000000008001eb0       0x60 Drivers/STM32G0xx_HAL_Driver/Src/stm32g0xx_hal_spi.o
 .text.SPI_WaitFlagStateUntilTimeout.constprop.10
                0x0000000008001f10       0x28 Drivers/STM32G0xx_HAL_Driver/Src/stm32g0xx_hal_spi.o
 .text.SPI_WaitFifoStateUntilTimeout.constprop.11
                0x0000000008001f38       0x34 Drivers/STM32G0xx_HAL_Driver/Src/stm32g0xx_hal_spi.o
 .text.SPI_EndRxTxTransaction
                0x0000000008001f6c       0x46 Drivers/STM32G0xx_HAL_Driver/Src/stm32g0xx_hal_spi.o
 *fill*         0x0000000008001fb2        0x2 
 .text.HAL_SPI_Init
                0x0000000008001fb4       0xbc Drivers/STM32G0xx_HAL_Driver/Src/stm32g0xx_hal_spi.o
                0x0000000008001fb4                HAL_SPI_Init
 .text.HAL_SPI_DeInit
                0x0000000008002070       0x2e Drivers/STM32G0xx_HAL_Driver/Src/stm32g0xx_hal_spi.o
                0x0000000008002070                HAL_SPI_DeInit
 *fill*         0x000000000800209e        0x2 
 .text.HAL_SPI_TransmitReceive
                0x00000000080020a0      0x264 Drivers/STM32G0xx_HAL_Driver/Src/stm32g0xx_hal_spi.o
                0x00000000080020a0                HAL_SPI_TransmitReceive
 .text.HAL_SPI_GetState
                0x0000000008002304        0x8 Drivers/STM32G0xx_HAL_Driver/Src/stm32g0xx_hal_spi.o
                0x0000000008002304                HAL_SPI_GetState
 .text.UART_SetConfig
                0x000000000800230c      0x404 Drivers/STM32G0xx_HAL_Driver/Src/stm32g0xx_hal_uart.o
                0x000000000800230c                UART_SetConfig
 .text.UART_AdvFeatureConfig
                0x0000000008002710       0xd0 Drivers/STM32G0xx_HAL_Driver/Src/stm32g0xx_hal_uart.o
                0x0000000008002710                UART_AdvFeatureConfig
 .text.UART_WaitOnFlagUntilTimeout
                0x00000000080027e0       0x64 Drivers/STM32G0xx_HAL_Driver/Src/stm32g0xx_hal_uart.o
                0x00000000080027e0                UART_WaitOnFlagUntilTimeout
 .text.UART_CheckIdleState
                0x0000000008002844       0x68 Drivers/STM32G0xx_HAL_Driver/Src/stm32g0xx_hal_uart.o
                0x0000000008002844                UART_CheckIdleState
 .text.HAL_UART_Init
                0x00000000080028ac       0x68 Drivers/STM32G0xx_HAL_Driver/Src/stm32g0xx_hal_uart.o
                0x00000000080028ac                HAL_UART_Init
 .text.UARTEx_SetNbDataToProcess
                0x0000000008002914       0x7c Drivers/STM32G0xx_HAL_Driver/Src/stm32g0xx_hal_uart_ex.o
 .text.HAL_UARTEx_DisableFifoMode
                0x0000000008002990       0x38 Drivers/STM32G0xx_HAL_Driver/Src/stm32g0xx_hal_uart_ex.o
                0x0000000008002990                HAL_UARTEx_DisableFifoMode
 .text.HAL_UARTEx_SetTxFifoThreshold
                0x00000000080029c8       0x42 Drivers/STM32G0xx_HAL_Driver/Src/stm32g0xx_hal_uart_ex.o
                0x00000000080029c8                HAL_UARTEx_SetTxFifoThreshold
 *fill*         0x0000000008002a0a        0x2 
 .text.HAL_UARTEx_SetRxFifoThreshold
                0x0000000008002a0c       0x48 Drivers/STM32G0xx_HAL_Driver/Src/stm32g0xx_hal_uart_ex.o
                0x0000000008002a0c                HAL_UARTEx_SetRxFifoThreshold
 .text.MX_FATFS_Init
                0x0000000008002a54       0x28 FATFS/App/app_fatfs.o
                0x0000000008002a54                MX_FATFS_Init
 .text.SD_CheckStatus.isra.0
                0x0000000008002a7c       0x20 FATFS/Target/sd_diskio.o
 .text.SD_initialize
                0x0000000008002a9c       0x20 FATFS/Target/sd_diskio.o
                0x0000000008002a9c                SD_initialize
 .text.SD_status
                0x0000000008002abc        0x8 FATFS/Target/sd_diskio.o
                0x0000000008002abc                SD_status
 .text.SD_read  0x0000000008002ac4       0x24 FATFS/Target/sd_diskio.o
                0x0000000008002ac4                SD_read
 .text.SD_ioctl
                0x0000000008002ae8       0x4c FATFS/Target/sd_diskio.o
                0x0000000008002ae8                SD_ioctl
 .text.SD_write
                0x0000000008002b34       0x24 FATFS/Target/sd_diskio.o
                0x0000000008002b34                SD_write
 .text.FATFS_LinkDriverEx
                0x0000000008002b58       0x44 Middlewares/Third_Party/FatFs/src/ff_gen_drv.o
                0x0000000008002b58                FATFS_LinkDriverEx
 .text.FATFS_LinkDriver
                0x0000000008002b9c        0xa Middlewares/Third_Party/FatFs/src/ff_gen_drv.o
                0x0000000008002b9c                FATFS_LinkDriver
 *fill*         0x0000000008002ba6        0x2 
 .text.Reset_Handler
                0x0000000008002ba8       0x50 startup/startup_stm32g070xx.o
                0x0000000008002ba8                Reset_Handler
 .text.Default_Handler
                0x0000000008002bf8        0x2 startup/startup_stm32g070xx.o
                0x0000000008002bf8                TIM1_CC_IRQHandler
                0x0000000008002bf8                TIM6_IRQHandler
                0x0000000008002bf8                I2C1_IRQHandler
                0x0000000008002bf8                RTC_TAMP_IRQHandler
                0x0000000008002bf8                SPI1_IRQHandler
                0x0000000008002bf8                USART3_4_IRQHandler
                0x0000000008002bf8                EXTI2_3_IRQHandler
                0x0000000008002bf8                ADC1_IRQHandler
                0x0000000008002bf8                I2C2_IRQHandler
                0x0000000008002bf8                TIM17_IRQHandler
                0x0000000008002bf8                TIM16_IRQHandler
                0x0000000008002bf8                TIM3_IRQHandler
                0x0000000008002bf8                EXTI4_15_IRQHandler
                0x0000000008002bf8                RCC_IRQHandler
                0x0000000008002bf8                DMA1_Channel1_IRQHandler
                0x0000000008002bf8                Default_Handler
                0x0000000008002bf8                TIM14_IRQHandler
                0x0000000008002bf8                TIM7_IRQHandler
                0x0000000008002bf8                TIM15_IRQHandler
                0x0000000008002bf8                EXTI0_1_IRQHandler
                0x0000000008002bf8                SPI2_IRQHandler
                0x0000000008002bf8                WWDG_IRQHandler
                0x0000000008002bf8                DMA1_Ch4_7_DMAMUX1_OVR_IRQHandler
                0x0000000008002bf8                DMA1_Channel2_3_IRQHandler
                0x0000000008002bf8                USART2_IRQHandler
                0x0000000008002bf8                FLASH_IRQHandler
                0x0000000008002bf8                USART1_IRQHandler
                0x0000000008002bf8                TIM1_BRK_UP_TRG_COM_IRQHandler
 *fill*         0x0000000008002bfa        0x2 
 .text.__errno  0x0000000008002bfc        0xc /opt/Atollic_TrueSTUDIO_for_STM32_x86_64_9.3.0/ARMTools/bin/../lib/gcc/arm-atollic-eabi/6.3.1/../../../../arm-atollic-eabi/lib/armv6-m/libc.a(lib_a-errno.o)
                0x0000000008002bfc                __errno
 .text.__libc_init_array
                0x0000000008002c08       0x48 /opt/Atollic_TrueSTUDIO_for_STM32_x86_64_9.3.0/ARMTools/bin/../lib/gcc/arm-atollic-eabi/6.3.1/../../../../arm-atollic-eabi/lib/armv6-m/libc.a(lib_a-init.o)
                0x0000000008002c08                __libc_init_array
 .text.malloc   0x0000000008002c50       0x14 /opt/Atollic_TrueSTUDIO_for_STM32_x86_64_9.3.0/ARMTools/bin/../lib/gcc/arm-atollic-eabi/6.3.1/../../../../arm-atollic-eabi/lib/armv6-m/libc.a(lib_a-malloc.o)
                0x0000000008002c50                malloc
 .text.free     0x0000000008002c64       0x14 /opt/Atollic_TrueSTUDIO_for_STM32_x86_64_9.3.0/ARMTools/bin/../lib/gcc/arm-atollic-eabi/6.3.1/../../../../arm-atollic-eabi/lib/armv6-m/libc.a(lib_a-malloc.o)
                0x0000000008002c64                free
 .text._malloc_r
                0x0000000008002c78      0x408 /opt/Atollic_TrueSTUDIO_for_STM32_x86_64_9.3.0/ARMTools/bin/../lib/gcc/arm-atollic-eabi/6.3.1/../../../../arm-atollic-eabi/lib/armv6-m/libc.a(lib_a-mallocr.o)
                0x0000000008002c78                _malloc_r
 .text.memset   0x0000000008003080       0x10 /opt/Atollic_TrueSTUDIO_for_STM32_x86_64_9.3.0/ARMTools/bin/../lib/gcc/arm-atollic-eabi/6.3.1/../../../../arm-atollic-eabi/lib/armv6-m/libc.a(lib_a-memset.o)
                0x0000000008003080                memset
 .text.__malloc_lock
                0x0000000008003090       0x10 /opt/Atollic_TrueSTUDIO_for_STM32_x86_64_9.3.0/ARMTools/bin/../lib/gcc/arm-atollic-eabi/6.3.1/../../../../arm-atollic-eabi/lib/armv6-m/libc.a(lib_a-mlock.o)
                0x0000000008003090                __malloc_lock
 .text.__malloc_unlock
                0x00000000080030a0       0x10 /opt/Atollic_TrueSTUDIO_for_STM32_x86_64_9.3.0/ARMTools/bin/../lib/gcc/arm-atollic-eabi/6.3.1/../../../../arm-atollic-eabi/lib/armv6-m/libc.a(lib_a-mlock.o)
                0x00000000080030a0                __malloc_unlock
 .text._sbrk_r  0x00000000080030b0       0x24 /opt/Atollic_TrueSTUDIO_for_STM32_x86_64_9.3.0/ARMTools/bin/../lib/gcc/arm-atollic-eabi/6.3.1/../../../../arm-atollic-eabi/lib/armv6-m/libc.a(lib_a-sbrkr.o)
                0x00000000080030b0                _sbrk_r
 .text._malloc_trim_r
                0x00000000080030d4       0xa8 /opt/Atollic_TrueSTUDIO_for_STM32_x86_64_9.3.0/ARMTools/bin/../lib/gcc/arm-atollic-eabi/6.3.1/../../../../arm-atollic-eabi/lib/armv6-m/libc.a(lib_a-freer.o)
                0x00000000080030d4                _malloc_trim_r
 .text._free_r  0x000000000800317c      0x168 /opt/Atollic_TrueSTUDIO_for_STM32_x86_64_9.3.0/ARMTools/bin/../lib/gcc/arm-atollic-eabi/6.3.1/../../../../arm-atollic-eabi/lib/armv6-m/libc.a(lib_a-freer.o)
                0x000000000800317c                _free_r
 .text.__retarget_lock_acquire_recursive
                0x00000000080032e4        0x2 /opt/Atollic_TrueSTUDIO_for_STM32_x86_64_9.3.0/ARMTools/bin/../lib/gcc/arm-atollic-eabi/6.3.1/../../../../arm-atollic-eabi/lib/armv6-m/libc.a(lib_a-lock.o)
                0x00000000080032e4                __retarget_lock_acquire_recursive
 .text.__retarget_lock_release_recursive
                0x00000000080032e6        0x2 /opt/Atollic_TrueSTUDIO_for_STM32_x86_64_9.3.0/ARMTools/bin/../lib/gcc/arm-atollic-eabi/6.3.1/../../../../arm-atollic-eabi/lib/armv6-m/libc.a(lib_a-lock.o)
                0x00000000080032e6                __retarget_lock_release_recursive
 *(.glue_7)
 .glue_7        0x00000000080032e8        0x0 linker stubs
 *(.glue_7t)
 .glue_7t       0x00000000080032e8        0x0 linker stubs
 *(.eh_frame)
 .eh_frame      0x00000000080032e8        0x0 /opt/Atollic_TrueSTUDIO_for_STM32_x86_64_9.3.0/ARMTools/bin/../lib/gcc/arm-atollic-eabi/6.3.1/armv6-m/crtbegin.o
 *(.init)
 .init          0x00000000080032e8        0x4 /opt/Atollic_TrueSTUDIO_for_STM32_x86_64_9.3.0/ARMTools/bin/../lib/gcc/arm-atollic-eabi/6.3.1/armv6-m/crti.o
                0x00000000080032e8                _init
 .init          0x00000000080032ec        0x8 /opt/Atollic_TrueSTUDIO_for_STM32_x86_64_9.3.0/ARMTools/bin/../lib/gcc/arm-atollic-eabi/6.3.1/armv6-m/crtn.o
 *(.fini)
 .fini          0x00000000080032f4        0x4 /opt/Atollic_TrueSTUDIO_for_STM32_x86_64_9.3.0/ARMTools/bin/../lib/gcc/arm-atollic-eabi/6.3.1/armv6-m/crti.o
                0x00000000080032f4                _fini
 .fini          0x00000000080032f8        0x8 /opt/Atollic_TrueSTUDIO_for_STM32_x86_64_9.3.0/ARMTools/bin/../lib/gcc/arm-atollic-eabi/6.3.1/armv6-m/crtn.o
                0x0000000008003300                . = ALIGN (0x4)
                0x0000000008003300                _etext = .

.vfp11_veneer   0x0000000008003300        0x0
 .vfp11_veneer  0x0000000008003300        0x0 linker stubs

.v4_bx          0x0000000008003300        0x0
 .v4_bx         0x0000000008003300        0x0 linker stubs

.iplt           0x0000000008003300        0x0
 .iplt          0x0000000008003300        0x0 /opt/Atollic_TrueSTUDIO_for_STM32_x86_64_9.3.0/ARMTools/bin/../lib/gcc/arm-atollic-eabi/6.3.1/armv6-m/crtbegin.o

.rodata         0x0000000008003300       0x88
                0x0000000008003300                . = ALIGN (0x4)
 *(.rodata)
 *(.rodata*)
 .rodata.AHBPrescTable
                0x0000000008003300       0x40 Core/Src/system_stm32g0xx.o
                0x0000000008003300                AHBPrescTable
 .rodata.APBPrescTable
                0x0000000008003340       0x20 Core/Src/system_stm32g0xx.o
                0x0000000008003340                APBPrescTable
 .rodata.CSWTCH.256
                0x0000000008003360        0x4 Drivers/STM32G0xx_HAL_Driver/Src/stm32g0xx_hal_uart.o
 .rodata.CSWTCH.257
                0x0000000008003364        0xd Drivers/STM32G0xx_HAL_Driver/Src/stm32g0xx_hal_uart.o
 *fill*         0x0000000008003371        0x3 
 .rodata.SD_Driver
                0x0000000008003374       0x14 FATFS/Target/sd_diskio.o
                0x0000000008003374                SD_Driver
                0x0000000008003388                . = ALIGN (0x4)

.rel.dyn        0x0000000008003388        0x0
 .rel.iplt      0x0000000008003388        0x0 /opt/Atollic_TrueSTUDIO_for_STM32_x86_64_9.3.0/ARMTools/bin/../lib/gcc/arm-atollic-eabi/6.3.1/armv6-m/crtbegin.o

.ARM.extab
 *(.ARM.extab* .gnu.linkonce.armextab.*)

.ARM            0x0000000008003388        0x0
                0x0000000008003388                __exidx_start = .
 *(.ARM.exidx*)
                0x0000000008003388                __exidx_end = .

.preinit_array  0x0000000008003388        0x0
                0x0000000008003388                PROVIDE (__preinit_array_start, .)
 *(.preinit_array*)
                0x0000000008003388                PROVIDE (__preinit_array_end, .)

.init_array     0x0000000008003388        0x4
                0x0000000008003388                PROVIDE (__init_array_start, .)
 *(SORT(.init_array.*))
 *(.init_array*)
 .init_array    0x0000000008003388        0x4 /opt/Atollic_TrueSTUDIO_for_STM32_x86_64_9.3.0/ARMTools/bin/../lib/gcc/arm-atollic-eabi/6.3.1/armv6-m/crtbegin.o
                0x000000000800338c                PROVIDE (__init_array_end, .)

.fini_array     0x000000000800338c        0x4
                [!provide]                        PROVIDE (__fini_array_start, .)
 *(SORT(.fini_array.*))
 *(.fini_array*)
 .fini_array    0x000000000800338c        0x4 /opt/Atollic_TrueSTUDIO_for_STM32_x86_64_9.3.0/ARMTools/bin/../lib/gcc/arm-atollic-eabi/6.3.1/armv6-m/crtbegin.o
                [!provide]                        PROVIDE (__fini_array_end, .)
                0x0000000008003390                _sidata = LOADADDR (.data)

.data           0x0000000020000000      0x518 load address 0x0000000008003390
                0x0000000020000000                . = ALIGN (0x4)
                0x0000000020000000                _sdata = .
 *(.data)
 *(.data*)
 .data.SpixTimeout
                0x0000000020000000        0x4 Core/Src/stm32g0xx_nucleo.o
                0x0000000020000000                SpixTimeout
 .data.SystemCoreClock
                0x0000000020000004        0x4 Core/Src/system_stm32g0xx.o
                0x0000000020000004                SystemCoreClock
 .data.uwTickFreq
                0x0000000020000008        0x4 Drivers/STM32G0xx_HAL_Driver/Src/stm32g0xx_hal.o
                0x0000000020000008                uwTickFreq
 .data.uwTickPrio
                0x000000002000000c        0x4 Drivers/STM32G0xx_HAL_Driver/Src/stm32g0xx_hal.o
                0x000000002000000c                uwTickPrio
 .data.Stat     0x0000000020000010        0x1 FATFS/Target/sd_diskio.o
 *fill*         0x0000000020000011        0x3 
 .data._impure_ptr
                0x0000000020000014        0x4 /opt/Atollic_TrueSTUDIO_for_STM32_x86_64_9.3.0/ARMTools/bin/../lib/gcc/arm-atollic-eabi/6.3.1/../../../../arm-atollic-eabi/lib/armv6-m/libc.a(lib_a-impure.o)
                0x0000000020000014                _impure_ptr
 .data.impure_data
                0x0000000020000018       0xf0 /opt/Atollic_TrueSTUDIO_for_STM32_x86_64_9.3.0/ARMTools/bin/../lib/gcc/arm-atollic-eabi/6.3.1/../../../../arm-atollic-eabi/lib/armv6-m/libc.a(lib_a-impure.o)
 .data.__malloc_av_
                0x0000000020000108      0x408 /opt/Atollic_TrueSTUDIO_for_STM32_x86_64_9.3.0/ARMTools/bin/../lib/gcc/arm-atollic-eabi/6.3.1/../../../../arm-atollic-eabi/lib/armv6-m/libc.a(lib_a-mallocr.o)
                0x0000000020000108                __malloc_av_
 .data.__malloc_sbrk_base
                0x0000000020000510        0x4 /opt/Atollic_TrueSTUDIO_for_STM32_x86_64_9.3.0/ARMTools/bin/../lib/gcc/arm-atollic-eabi/6.3.1/../../../../arm-atollic-eabi/lib/armv6-m/libc.a(lib_a-mallocr.o)
                0x0000000020000510                __malloc_sbrk_base
 .data.__malloc_trim_threshold
                0x0000000020000514        0x4 /opt/Atollic_TrueSTUDIO_for_STM32_x86_64_9.3.0/ARMTools/bin/../lib/gcc/arm-atollic-eabi/6.3.1/../../../../arm-atollic-eabi/lib/armv6-m/libc.a(lib_a-mallocr.o)
                0x0000000020000514                __malloc_trim_threshold
                0x0000000020000518                . = ALIGN (0x4)
                0x0000000020000518                _edata = .

.igot.plt       0x0000000020000518        0x0 load address 0x00000000080038a8
 .igot.plt      0x0000000020000518        0x0 /opt/Atollic_TrueSTUDIO_for_STM32_x86_64_9.3.0/ARMTools/bin/../lib/gcc/arm-atollic-eabi/6.3.1/armv6-m/crtbegin.o
                0x0000000020000518                . = ALIGN (0x4)

.bss            0x0000000020000518      0x660 load address 0x00000000080038a8
                0x0000000020000518                _sbss = .
                0x0000000020000518                __bss_start__ = _sbss
 *(.bss)
 .bss           0x0000000020000518       0x1c /opt/Atollic_TrueSTUDIO_for_STM32_x86_64_9.3.0/ARMTools/bin/../lib/gcc/arm-atollic-eabi/6.3.1/armv6-m/crtbegin.o
 *(.bss*)
 .bss.SdStatus  0x0000000020000534        0x1 Core/Src/stm32_adafruit_sd.o
                0x0000000020000534                SdStatus
 *fill*         0x0000000020000535        0x1 
 .bss.flag_SDHC
                0x0000000020000536        0x2 Core/Src/stm32_adafruit_sd.o
                0x0000000020000536                flag_SDHC
 .bss.hnucleo_Spi
                0x0000000020000538       0x64 Core/Src/stm32g0xx_nucleo.o
 .bss.heap_end.5908
                0x000000002000059c        0x4 Core/Src/syscalls.o
 .bss.Appli_state
                0x00000000200005a0        0x1 FATFS/App/app_fatfs.o
                0x00000000200005a0                Appli_state
 *fill*         0x00000000200005a1        0x3 
 .bss.disk      0x00000000200005a4        0xc Middlewares/Third_Party/FatFs/src/ff_gen_drv.o
                0x00000000200005a4                disk
 .bss.__malloc_current_mallinfo
                0x00000000200005b0       0x28 /opt/Atollic_TrueSTUDIO_for_STM32_x86_64_9.3.0/ARMTools/bin/../lib/gcc/arm-atollic-eabi/6.3.1/../../../../arm-atollic-eabi/lib/armv6-m/libc.a(lib_a-mallocr.o)
                0x00000000200005b0                __malloc_current_mallinfo
 .bss.__malloc_max_sbrked_mem
                0x00000000200005d8        0x4 /opt/Atollic_TrueSTUDIO_for_STM32_x86_64_9.3.0/ARMTools/bin/../lib/gcc/arm-atollic-eabi/6.3.1/../../../../arm-atollic-eabi/lib/armv6-m/libc.a(lib_a-mallocr.o)
                0x00000000200005d8                __malloc_max_sbrked_mem
 .bss.__malloc_max_total_mem
                0x00000000200005dc        0x4 /opt/Atollic_TrueSTUDIO_for_STM32_x86_64_9.3.0/ARMTools/bin/../lib/gcc/arm-atollic-eabi/6.3.1/../../../../arm-atollic-eabi/lib/armv6-m/libc.a(lib_a-mallocr.o)
                0x00000000200005dc                __malloc_max_total_mem
 .bss.__malloc_top_pad
                0x00000000200005e0        0x4 /opt/Atollic_TrueSTUDIO_for_STM32_x86_64_9.3.0/ARMTools/bin/../lib/gcc/arm-atollic-eabi/6.3.1/../../../../arm-atollic-eabi/lib/armv6-m/libc.a(lib_a-mallocr.o)
                0x00000000200005e0                __malloc_top_pad
 *(COMMON)
 COMMON         0x00000000200005e4      0x11c Core/Src/main.o
                0x00000000200005e4                hrtc
                0x0000000020000610                hspi1
                0x0000000020000674                huart2
 COMMON         0x0000000020000700        0x4 Drivers/STM32G0xx_HAL_Driver/Src/stm32g0xx_hal.o
                0x0000000020000700                uwTick
 COMMON         0x0000000020000704      0x464 FATFS/App/app_fatfs.o
                0x0000000020000704                SDPath
                0x0000000020000708                SDFatFs
                0x0000000020000938                SDFile
 COMMON         0x0000000020000b68        0x9 /opt/Atollic_TrueSTUDIO_for_STM32_x86_64_9.3.0/ARMTools/bin/../lib/gcc/arm-atollic-eabi/6.3.1/../../../../arm-atollic-eabi/lib/armv6-m/libc.a(lib_a-lock.o)
                0x0000000020000b68                __lock___atexit_recursive_mutex
                0x0000000020000b69                __lock___arc4random_mutex
                0x0000000020000b6a                __lock___env_recursive_mutex
                0x0000000020000b6b                __lock___sinit_recursive_mutex
                0x0000000020000b6c                __lock___malloc_recursive_mutex
                0x0000000020000b6d                __lock___at_quick_exit_mutex
                0x0000000020000b6e                __lock___dd_hash_mutex
                0x0000000020000b6f                __lock___tz_mutex
                0x0000000020000b70                __lock___sfp_recursive_mutex
 *fill*         0x0000000020000b71        0x3 
 COMMON         0x0000000020000b74        0x4 /opt/Atollic_TrueSTUDIO_for_STM32_x86_64_9.3.0/ARMTools/bin/../lib/gcc/arm-atollic-eabi/6.3.1/../../../../arm-atollic-eabi/lib/armv6-m/libc.a(lib_a-reent.o)
                0x0000000020000b74                errno
                0x0000000020000b78                . = ALIGN (0x4)
                0x0000000020000b78                _ebss = .
                0x0000000020000b78                __bss_end__ = _ebss

._user_heap_stack
                0x0000000020000b78      0x600 load address 0x00000000080038a8
                0x0000000020000b78                . = ALIGN (0x4)
                0x0000000020000b78                PROVIDE (end, .)
                [!provide]                        PROVIDE (_end, .)
                0x0000000020000d78                . = (. + _Min_Heap_Size)
 *fill*         0x0000000020000b78      0x200 
                0x0000000020001178                . = (. + _Min_Stack_Size)
 *fill*         0x0000000020000d78      0x400 
                0x0000000020001178                . = ALIGN (0x4)

/DISCARD/
 libc.a(*)
 libm.a(*)
 libgcc.a(*)

.ARM.attributes
                0x0000000000000000       0x28
 *(.ARM.attributes)
 .ARM.attributes
                0x0000000000000000       0x1e /opt/Atollic_TrueSTUDIO_for_STM32_x86_64_9.3.0/ARMTools/bin/../lib/gcc/arm-atollic-eabi/6.3.1/armv6-m/crti.o
 .ARM.attributes
                0x000000000000001e       0x2c /opt/Atollic_TrueSTUDIO_for_STM32_x86_64_9.3.0/ARMTools/bin/../lib/gcc/arm-atollic-eabi/6.3.1/armv6-m/crtbegin.o
 .ARM.attributes
                0x000000000000004a       0x32 Core/Src/main.o
 .ARM.attributes
                0x000000000000007c       0x32 Core/Src/stm32_adafruit_sd.o
 .ARM.attributes
                0x00000000000000ae       0x32 Core/Src/stm32g0xx_hal_msp.o
 .ARM.attributes
                0x00000000000000e0       0x32 Core/Src/stm32g0xx_it.o
 .ARM.attributes
                0x0000000000000112       0x32 Core/Src/stm32g0xx_nucleo.o
 .ARM.attributes
                0x0000000000000144       0x32 Core/Src/syscalls.o
 .ARM.attributes
                0x0000000000000176       0x32 Core/Src/system_stm32g0xx.o
 .ARM.attributes
                0x00000000000001a8       0x32 Drivers/STM32G0xx_HAL_Driver/Src/stm32g0xx_hal.o
 .ARM.attributes
                0x00000000000001da       0x32 Drivers/STM32G0xx_HAL_Driver/Src/stm32g0xx_hal_cortex.o
 .ARM.attributes
                0x000000000000020c       0x32 Drivers/STM32G0xx_HAL_Driver/Src/stm32g0xx_hal_gpio.o
 .ARM.attributes
                0x000000000000023e       0x32 Drivers/STM32G0xx_HAL_Driver/Src/stm32g0xx_hal_pwr_ex.o
 .ARM.attributes
                0x0000000000000270       0x32 Drivers/STM32G0xx_HAL_Driver/Src/stm32g0xx_hal_rcc.o
 .ARM.attributes
                0x00000000000002a2       0x32 Drivers/STM32G0xx_HAL_Driver/Src/stm32g0xx_hal_rcc_ex.o
 .ARM.attributes
                0x00000000000002d4       0x32 Drivers/STM32G0xx_HAL_Driver/Src/stm32g0xx_hal_rtc.o
 .ARM.attributes
                0x0000000000000306       0x32 Drivers/STM32G0xx_HAL_Driver/Src/stm32g0xx_hal_spi.o
 .ARM.attributes
                0x0000000000000338       0x32 Drivers/STM32G0xx_HAL_Driver/Src/stm32g0xx_hal_uart.o
 .ARM.attributes
                0x000000000000036a       0x32 Drivers/STM32G0xx_HAL_Driver/Src/stm32g0xx_hal_uart_ex.o
 .ARM.attributes
                0x000000000000039c       0x32 FATFS/App/app_fatfs.o
 .ARM.attributes
                0x00000000000003ce       0x32 FATFS/Target/sd_diskio.o
 .ARM.attributes
                0x0000000000000400       0x32 Middlewares/Third_Party/FatFs/src/ff_gen_drv.o
 .ARM.attributes
                0x0000000000000432       0x21 startup/startup_stm32g070xx.o
 .ARM.attributes
                0x0000000000000453       0x2c /opt/Atollic_TrueSTUDIO_for_STM32_x86_64_9.3.0/ARMTools/bin/../lib/gcc/arm-atollic-eabi/6.3.1/../../../../arm-atollic-eabi/lib/armv6-m/libc.a(lib_a-errno.o)
 .ARM.attributes
                0x000000000000047f       0x2c /opt/Atollic_TrueSTUDIO_for_STM32_x86_64_9.3.0/ARMTools/bin/../lib/gcc/arm-atollic-eabi/6.3.1/../../../../arm-atollic-eabi/lib/armv6-m/libc.a(lib_a-impure.o)
 .ARM.attributes
                0x00000000000004ab       0x2c /opt/Atollic_TrueSTUDIO_for_STM32_x86_64_9.3.0/ARMTools/bin/../lib/gcc/arm-atollic-eabi/6.3.1/../../../../arm-atollic-eabi/lib/armv6-m/libc.a(lib_a-init.o)
 .ARM.attributes
                0x00000000000004d7       0x2c /opt/Atollic_TrueSTUDIO_for_STM32_x86_64_9.3.0/ARMTools/bin/../lib/gcc/arm-atollic-eabi/6.3.1/../../../../arm-atollic-eabi/lib/armv6-m/libc.a(lib_a-malloc.o)
 .ARM.attributes
                0x0000000000000503       0x2c /opt/Atollic_TrueSTUDIO_for_STM32_x86_64_9.3.0/ARMTools/bin/../lib/gcc/arm-atollic-eabi/6.3.1/../../../../arm-atollic-eabi/lib/armv6-m/libc.a(lib_a-mallocr.o)
 .ARM.attributes
                0x000000000000052f       0x2c /opt/Atollic_TrueSTUDIO_for_STM32_x86_64_9.3.0/ARMTools/bin/../lib/gcc/arm-atollic-eabi/6.3.1/../../../../arm-atollic-eabi/lib/armv6-m/libc.a(lib_a-memset.o)
 .ARM.attributes
                0x000000000000055b       0x2c /opt/Atollic_TrueSTUDIO_for_STM32_x86_64_9.3.0/ARMTools/bin/../lib/gcc/arm-atollic-eabi/6.3.1/../../../../arm-atollic-eabi/lib/armv6-m/libc.a(lib_a-mlock.o)
 .ARM.attributes
                0x0000000000000587       0x2c /opt/Atollic_TrueSTUDIO_for_STM32_x86_64_9.3.0/ARMTools/bin/../lib/gcc/arm-atollic-eabi/6.3.1/../../../../arm-atollic-eabi/lib/armv6-m/libc.a(lib_a-sbrkr.o)
 .ARM.attributes
                0x00000000000005b3       0x2c /opt/Atollic_TrueSTUDIO_for_STM32_x86_64_9.3.0/ARMTools/bin/../lib/gcc/arm-atollic-eabi/6.3.1/../../../../arm-atollic-eabi/lib/armv6-m/libc.a(lib_a-freer.o)
 .ARM.attributes
                0x00000000000005df       0x2c /opt/Atollic_TrueSTUDIO_for_STM32_x86_64_9.3.0/ARMTools/bin/../lib/gcc/arm-atollic-eabi/6.3.1/../../../../arm-atollic-eabi/lib/armv6-m/libc.a(lib_a-lock.o)
 .ARM.attributes
                0x000000000000060b       0x2c /opt/Atollic_TrueSTUDIO_for_STM32_x86_64_9.3.0/ARMTools/bin/../lib/gcc/arm-atollic-eabi/6.3.1/../../../../arm-atollic-eabi/lib/armv6-m/libc.a(lib_a-reent.o)
 .ARM.attributes
                0x0000000000000637       0x1e /opt/Atollic_TrueSTUDIO_for_STM32_x86_64_9.3.0/ARMTools/bin/../lib/gcc/arm-atollic-eabi/6.3.1/armv6-m/libgcc.a(_thumb1_case_uqi.o)
 .ARM.attributes
                0x0000000000000655       0x1e /opt/Atollic_TrueSTUDIO_for_STM32_x86_64_9.3.0/ARMTools/bin/../lib/gcc/arm-atollic-eabi/6.3.1/armv6-m/libgcc.a(_thumb1_case_shi.o)
 .ARM.attributes
                0x0000000000000673       0x1e /opt/Atollic_TrueSTUDIO_for_STM32_x86_64_9.3.0/ARMTools/bin/../lib/gcc/arm-atollic-eabi/6.3.1/armv6-m/libgcc.a(_udivsi3.o)
 .ARM.attributes
                0x0000000000000691       0x1e /opt/Atollic_TrueSTUDIO_for_STM32_x86_64_9.3.0/ARMTools/bin/../lib/gcc/arm-atollic-eabi/6.3.1/armv6-m/libgcc.a(_divsi3.o)
 .ARM.attributes
                0x00000000000006af       0x1e /opt/Atollic_TrueSTUDIO_for_STM32_x86_64_9.3.0/ARMTools/bin/../lib/gcc/arm-atollic-eabi/6.3.1/armv6-m/libgcc.a(_dvmd_tls.o)
 .ARM.attributes
                0x00000000000006cd       0x1e /opt/Atollic_TrueSTUDIO_for_STM32_x86_64_9.3.0/ARMTools/bin/../lib/gcc/arm-atollic-eabi/6.3.1/armv6-m/crtn.o
OUTPUT(FATFS_G070.elf elf32-littlearm)

.debug_info     0x0000000000000000    0x13ea9
 .debug_info    0x0000000000000000     0x205d Core/Src/main.o
 .debug_info    0x000000000000205d     0x1da2 Core/Src/stm32_adafruit_sd.o
 .debug_info    0x0000000000003dff     0x1121 Core/Src/stm32g0xx_hal_msp.o
 .debug_info    0x0000000000004f20      0x1f6 Core/Src/stm32g0xx_it.o
 .debug_info    0x0000000000005116     0x17e5 Core/Src/stm32g0xx_nucleo.o
 .debug_info    0x00000000000068fb      0xffa Core/Src/syscalls.o
 .debug_info    0x00000000000078f5      0x43c Core/Src/system_stm32g0xx.o
 .debug_info    0x0000000000007d31      0x99f Drivers/STM32G0xx_HAL_Driver/Src/stm32g0xx_hal.o
 .debug_info    0x00000000000086d0      0xa42 Drivers/STM32G0xx_HAL_Driver/Src/stm32g0xx_hal_cortex.o
 .debug_info    0x0000000000009112      0x661 Drivers/STM32G0xx_HAL_Driver/Src/stm32g0xx_hal_gpio.o
 .debug_info    0x0000000000009773      0x562 Drivers/STM32G0xx_HAL_Driver/Src/stm32g0xx_hal_pwr_ex.o
 .debug_info    0x0000000000009cd5      0xc88 Drivers/STM32G0xx_HAL_Driver/Src/stm32g0xx_hal_rcc.o
 .debug_info    0x000000000000a95d      0x89a Drivers/STM32G0xx_HAL_Driver/Src/stm32g0xx_hal_rcc_ex.o
 .debug_info    0x000000000000b1f7      0xfcc Drivers/STM32G0xx_HAL_Driver/Src/stm32g0xx_hal_rtc.o
 .debug_info    0x000000000000c1c3     0x21a3 Drivers/STM32G0xx_HAL_Driver/Src/stm32g0xx_hal_spi.o
 .debug_info    0x000000000000e366     0x1f5f Drivers/STM32G0xx_HAL_Driver/Src/stm32g0xx_hal_uart.o
 .debug_info    0x00000000000102c5      0xc90 Drivers/STM32G0xx_HAL_Driver/Src/stm32g0xx_hal_uart_ex.o
 .debug_info    0x0000000000010f55      0xe4e FATFS/App/app_fatfs.o
 .debug_info    0x0000000000011da3     0x12ef FATFS/Target/sd_diskio.o
 .debug_info    0x0000000000013092      0xda9 Middlewares/Third_Party/FatFs/src/ff_gen_drv.o
 .debug_info    0x0000000000013e3b       0x6e startup/startup_stm32g070xx.o

.debug_abbrev   0x0000000000000000     0x3269
 .debug_abbrev  0x0000000000000000      0x2f1 Core/Src/main.o
 .debug_abbrev  0x00000000000002f1      0x35d Core/Src/stm32_adafruit_sd.o
 .debug_abbrev  0x000000000000064e      0x1c7 Core/Src/stm32g0xx_hal_msp.o
 .debug_abbrev  0x0000000000000815      0x12b Core/Src/stm32g0xx_it.o
 .debug_abbrev  0x0000000000000940      0x37f Core/Src/stm32g0xx_nucleo.o
 .debug_abbrev  0x0000000000000cbf      0x2d9 Core/Src/syscalls.o
 .debug_abbrev  0x0000000000000f98      0x142 Core/Src/system_stm32g0xx.o
 .debug_abbrev  0x00000000000010da      0x2b5 Drivers/STM32G0xx_HAL_Driver/Src/stm32g0xx_hal.o
 .debug_abbrev  0x000000000000138f      0x281 Drivers/STM32G0xx_HAL_Driver/Src/stm32g0xx_hal_cortex.o
 .debug_abbrev  0x0000000000001610      0x233 Drivers/STM32G0xx_HAL_Driver/Src/stm32g0xx_hal_gpio.o
 .debug_abbrev  0x0000000000001843      0x20f Drivers/STM32G0xx_HAL_Driver/Src/stm32g0xx_hal_pwr_ex.o
 .debug_abbrev  0x0000000000001a52      0x2b0 Drivers/STM32G0xx_HAL_Driver/Src/stm32g0xx_hal_rcc.o
 .debug_abbrev  0x0000000000001d02      0x220 Drivers/STM32G0xx_HAL_Driver/Src/stm32g0xx_hal_rcc_ex.o
 .debug_abbrev  0x0000000000001f22      0x266 Drivers/STM32G0xx_HAL_Driver/Src/stm32g0xx_hal_rtc.o
 .debug_abbrev  0x0000000000002188      0x33d Drivers/STM32G0xx_HAL_Driver/Src/stm32g0xx_hal_spi.o
 .debug_abbrev  0x00000000000024c5      0x330 Drivers/STM32G0xx_HAL_Driver/Src/stm32g0xx_hal_uart.o
 .debug_abbrev  0x00000000000027f5      0x28b Drivers/STM32G0xx_HAL_Driver/Src/stm32g0xx_hal_uart_ex.o
 .debug_abbrev  0x0000000000002a80      0x226 FATFS/App/app_fatfs.o
 .debug_abbrev  0x0000000000002ca6      0x31e FATFS/Target/sd_diskio.o
 .debug_abbrev  0x0000000000002fc4      0x293 Middlewares/Third_Party/FatFs/src/ff_gen_drv.o
 .debug_abbrev  0x0000000000003257       0x12 startup/startup_stm32g070xx.o

.debug_aranges  0x0000000000000000      0xb40
 .debug_aranges
                0x0000000000000000       0x30 Core/Src/main.o
 .debug_aranges
                0x0000000000000030       0x60 Core/Src/stm32_adafruit_sd.o
 .debug_aranges
                0x0000000000000090       0x50 Core/Src/stm32g0xx_hal_msp.o
 .debug_aranges
                0x00000000000000e0       0x30 Core/Src/stm32g0xx_it.o
 .debug_aranges
                0x0000000000000110       0xc8 Core/Src/stm32g0xx_nucleo.o
 .debug_aranges
                0x00000000000001d8       0xb0 Core/Src/syscalls.o
 .debug_aranges
                0x0000000000000288       0x28 Core/Src/system_stm32g0xx.o
 .debug_aranges
                0x00000000000002b0       0xf0 Drivers/STM32G0xx_HAL_Driver/Src/stm32g0xx_hal.o
 .debug_aranges
                0x00000000000003a0       0x90 Drivers/STM32G0xx_HAL_Driver/Src/stm32g0xx_hal_cortex.o
 .debug_aranges
                0x0000000000000430       0x58 Drivers/STM32G0xx_HAL_Driver/Src/stm32g0xx_hal_gpio.o
 .debug_aranges
                0x0000000000000488       0x98 Drivers/STM32G0xx_HAL_Driver/Src/stm32g0xx_hal_pwr_ex.o
 .debug_aranges
                0x0000000000000520       0x88 Drivers/STM32G0xx_HAL_Driver/Src/stm32g0xx_hal_rcc.o
 .debug_aranges
                0x00000000000005a8       0x40 Drivers/STM32G0xx_HAL_Driver/Src/stm32g0xx_hal_rcc_ex.o
 .debug_aranges
                0x00000000000005e8       0xb0 Drivers/STM32G0xx_HAL_Driver/Src/stm32g0xx_hal_rtc.o
 .debug_aranges
                0x0000000000000698      0x198 Drivers/STM32G0xx_HAL_Driver/Src/stm32g0xx_hal_spi.o
 .debug_aranges
                0x0000000000000830      0x1c0 Drivers/STM32G0xx_HAL_Driver/Src/stm32g0xx_hal_uart.o
 .debug_aranges
                0x00000000000009f0       0x70 Drivers/STM32G0xx_HAL_Driver/Src/stm32g0xx_hal_uart_ex.o
 .debug_aranges
                0x0000000000000a60       0x30 FATFS/App/app_fatfs.o
 .debug_aranges
                0x0000000000000a90       0x48 FATFS/Target/sd_diskio.o
 .debug_aranges
                0x0000000000000ad8       0x40 Middlewares/Third_Party/FatFs/src/ff_gen_drv.o
 .debug_aranges
                0x0000000000000b18       0x28 startup/startup_stm32g070xx.o

.debug_ranges   0x0000000000000000      0xf38
 .debug_ranges  0x0000000000000000       0xb8 Core/Src/main.o
 .debug_ranges  0x00000000000000b8       0xb0 Core/Src/stm32_adafruit_sd.o
 .debug_ranges  0x0000000000000168       0xe0 Core/Src/stm32g0xx_hal_msp.o
 .debug_ranges  0x0000000000000248       0x20 Core/Src/stm32g0xx_it.o
 .debug_ranges  0x0000000000000268      0x220 Core/Src/stm32g0xx_nucleo.o
 .debug_ranges  0x0000000000000488       0xa0 Core/Src/syscalls.o
 .debug_ranges  0x0000000000000528       0x18 Core/Src/system_stm32g0xx.o
 .debug_ranges  0x0000000000000540       0xe0 Drivers/STM32G0xx_HAL_Driver/Src/stm32g0xx_hal.o
 .debug_ranges  0x0000000000000620       0xd0 Drivers/STM32G0xx_HAL_Driver/Src/stm32g0xx_hal_cortex.o
 .debug_ranges  0x00000000000006f0       0x48 Drivers/STM32G0xx_HAL_Driver/Src/stm32g0xx_hal_gpio.o
 .debug_ranges  0x0000000000000738       0x88 Drivers/STM32G0xx_HAL_Driver/Src/stm32g0xx_hal_pwr_ex.o
 .debug_ranges  0x00000000000007c0       0xe8 Drivers/STM32G0xx_HAL_Driver/Src/stm32g0xx_hal_rcc.o
 .debug_ranges  0x00000000000008a8       0x90 Drivers/STM32G0xx_HAL_Driver/Src/stm32g0xx_hal_rcc_ex.o
 .debug_ranges  0x0000000000000938       0xa0 Drivers/STM32G0xx_HAL_Driver/Src/stm32g0xx_hal_rtc.o
 .debug_ranges  0x00000000000009d8      0x290 Drivers/STM32G0xx_HAL_Driver/Src/stm32g0xx_hal_spi.o
 .debug_ranges  0x0000000000000c68      0x1b0 Drivers/STM32G0xx_HAL_Driver/Src/stm32g0xx_hal_uart.o
 .debug_ranges  0x0000000000000e18       0x60 Drivers/STM32G0xx_HAL_Driver/Src/stm32g0xx_hal_uart_ex.o
 .debug_ranges  0x0000000000000e78       0x20 FATFS/App/app_fatfs.o
 .debug_ranges  0x0000000000000e98       0x50 FATFS/Target/sd_diskio.o
 .debug_ranges  0x0000000000000ee8       0x30 Middlewares/Third_Party/FatFs/src/ff_gen_drv.o
 .debug_ranges  0x0000000000000f18       0x20 startup/startup_stm32g070xx.o

.debug_line     0x0000000000000000     0x6812
 .debug_line    0x0000000000000000      0x4d1 Core/Src/main.o
 .debug_line    0x00000000000004d1      0x531 Core/Src/stm32_adafruit_sd.o
 .debug_line    0x0000000000000a02      0x309 Core/Src/stm32g0xx_hal_msp.o
 .debug_line    0x0000000000000d0b      0x1e7 Core/Src/stm32g0xx_it.o
 .debug_line    0x0000000000000ef2      0x530 Core/Src/stm32g0xx_nucleo.o
 .debug_line    0x0000000000001422      0x39f Core/Src/syscalls.o
 .debug_line    0x00000000000017c1      0x24c Core/Src/system_stm32g0xx.o
 .debug_line    0x0000000000001a0d      0x463 Drivers/STM32G0xx_HAL_Driver/Src/stm32g0xx_hal.o
 .debug_line    0x0000000000001e70      0x435 Drivers/STM32G0xx_HAL_Driver/Src/stm32g0xx_hal_cortex.o
 .debug_line    0x00000000000022a5      0x382 Drivers/STM32G0xx_HAL_Driver/Src/stm32g0xx_hal_gpio.o
 .debug_line    0x0000000000002627      0x37b Drivers/STM32G0xx_HAL_Driver/Src/stm32g0xx_hal_pwr_ex.o
 .debug_line    0x00000000000029a2      0x5d2 Drivers/STM32G0xx_HAL_Driver/Src/stm32g0xx_hal_rcc.o
 .debug_line    0x0000000000002f74      0x434 Drivers/STM32G0xx_HAL_Driver/Src/stm32g0xx_hal_rcc_ex.o
 .debug_line    0x00000000000033a8      0x697 Drivers/STM32G0xx_HAL_Driver/Src/stm32g0xx_hal_rtc.o
 .debug_line    0x0000000000003a3f      0xcde Drivers/STM32G0xx_HAL_Driver/Src/stm32g0xx_hal_spi.o
 .debug_line    0x000000000000471d     0x113b Drivers/STM32G0xx_HAL_Driver/Src/stm32g0xx_hal_uart.o
 .debug_line    0x0000000000005858      0x4cf Drivers/STM32G0xx_HAL_Driver/Src/stm32g0xx_hal_uart_ex.o
 .debug_line    0x0000000000005d27      0x357 FATFS/App/app_fatfs.o
 .debug_line    0x000000000000607e      0x3c0 FATFS/Target/sd_diskio.o
 .debug_line    0x000000000000643e      0x352 Middlewares/Third_Party/FatFs/src/ff_gen_drv.o
 .debug_line    0x0000000000006790       0x82 startup/startup_stm32g070xx.o

.debug_str      0x0000000000000000     0x425f
 .debug_str     0x0000000000000000     0x1334 Core/Src/main.o
                                       0x1497 (size before relaxing)
 .debug_str     0x0000000000001334      0x6cb Core/Src/stm32_adafruit_sd.o
                                        0xcce (size before relaxing)
 .debug_str     0x00000000000019ff       0xaf Core/Src/stm32g0xx_hal_msp.o
                                        0xc06 (size before relaxing)
 .debug_str     0x0000000000001aae       0x70 Core/Src/stm32g0xx_it.o
                                        0x2b7 (size before relaxing)
 .debug_str     0x0000000000001b1e      0x4c9 Core/Src/stm32g0xx_nucleo.o
                                        0xdcf (size before relaxing)
 .debug_str     0x0000000000001fe7      0x251 Core/Src/syscalls.o
                                        0x84d (size before relaxing)
 .debug_str     0x0000000000002238       0x82 Core/Src/system_stm32g0xx.o
                                        0x38b (size before relaxing)
 .debug_str     0x00000000000022ba      0x30e Drivers/STM32G0xx_HAL_Driver/Src/stm32g0xx_hal.o
                                        0x84b (size before relaxing)
 .debug_str     0x00000000000025c8      0x2fc Drivers/STM32G0xx_HAL_Driver/Src/stm32g0xx_hal_cortex.o
                                        0x7f1 (size before relaxing)
 .debug_str     0x00000000000028c4      0x115 Drivers/STM32G0xx_HAL_Driver/Src/stm32g0xx_hal_gpio.o
                                        0x4b5 (size before relaxing)
 .debug_str     0x00000000000029d9      0x299 Drivers/STM32G0xx_HAL_Driver/Src/stm32g0xx_hal_pwr_ex.o
                                        0x582 (size before relaxing)
 .debug_str     0x0000000000002c72      0x1d3 Drivers/STM32G0xx_HAL_Driver/Src/stm32g0xx_hal_rcc.o
                                        0x7d0 (size before relaxing)
 .debug_str     0x0000000000002e45      0x116 Drivers/STM32G0xx_HAL_Driver/Src/stm32g0xx_hal_rcc_ex.o
                                        0x674 (size before relaxing)
 .debug_str     0x0000000000002f5b      0x2c0 Drivers/STM32G0xx_HAL_Driver/Src/stm32g0xx_hal_rtc.o
                                        0x7ce (size before relaxing)
 .debug_str     0x000000000000321b      0x525 Drivers/STM32G0xx_HAL_Driver/Src/stm32g0xx_hal_spi.o
                                        0xd13 (size before relaxing)
 .debug_str     0x0000000000003740      0x75e Drivers/STM32G0xx_HAL_Driver/Src/stm32g0xx_hal_uart.o
                                       0x106f (size before relaxing)
 .debug_str     0x0000000000003e9e      0x1d7 Drivers/STM32G0xx_HAL_Driver/Src/stm32g0xx_hal_uart_ex.o
                                        0xa72 (size before relaxing)
 .debug_str     0x0000000000004075       0xc7 FATFS/App/app_fatfs.o
                                        0x8ee (size before relaxing)
 .debug_str     0x000000000000413c       0x6e FATFS/Target/sd_diskio.o
                                        0xac8 (size before relaxing)
 .debug_str     0x00000000000041aa       0xb5 Middlewares/Third_Party/FatFs/src/ff_gen_drv.o
                                        0x7e5 (size before relaxing)

.comment        0x0000000000000000       0x7c
 .comment       0x0000000000000000       0x7c Core/Src/main.o
                                         0x7d (size before relaxing)
 .comment       0x000000000000007c       0x7d Core/Src/stm32_adafruit_sd.o
 .comment       0x000000000000007c       0x7d Core/Src/stm32g0xx_hal_msp.o
 .comment       0x000000000000007c       0x7d Core/Src/stm32g0xx_it.o
 .comment       0x000000000000007c       0x7d Core/Src/stm32g0xx_nucleo.o
 .comment       0x000000000000007c       0x7d Core/Src/syscalls.o
 .comment       0x000000000000007c       0x7d Core/Src/system_stm32g0xx.o
 .comment       0x000000000000007c       0x7d Drivers/STM32G0xx_HAL_Driver/Src/stm32g0xx_hal.o
 .comment       0x000000000000007c       0x7d Drivers/STM32G0xx_HAL_Driver/Src/stm32g0xx_hal_cortex.o
 .comment       0x000000000000007c       0x7d Drivers/STM32G0xx_HAL_Driver/Src/stm32g0xx_hal_gpio.o
 .comment       0x000000000000007c       0x7d Drivers/STM32G0xx_HAL_Driver/Src/stm32g0xx_hal_pwr_ex.o
 .comment       0x000000000000007c       0x7d Drivers/STM32G0xx_HAL_Driver/Src/stm32g0xx_hal_rcc.o
 .comment       0x000000000000007c       0x7d Drivers/STM32G0xx_HAL_Driver/Src/stm32g0xx_hal_rcc_ex.o
 .comment       0x000000000000007c       0x7d Drivers/STM32G0xx_HAL_Driver/Src/stm32g0xx_hal_rtc.o
 .comment       0x000000000000007c       0x7d Drivers/STM32G0xx_HAL_Driver/Src/stm32g0xx_hal_spi.o
 .comment       0x000000000000007c       0x7d Drivers/STM32G0xx_HAL_Driver/Src/stm32g0xx_hal_uart.o
 .comment       0x000000000000007c       0x7d Drivers/STM32G0xx_HAL_Driver/Src/stm32g0xx_hal_uart_ex.o
 .comment       0x000000000000007c       0x7d FATFS/App/app_fatfs.o
 .comment       0x000000000000007c       0x7d FATFS/Target/sd_diskio.o
 .comment       0x000000000000007c       0x7d Middlewares/Third_Party/FatFs/src/ff_gen_drv.o

.debug_frame    0x0000000000000000     0x21b8
 .debug_frame   0x0000000000000000       0x5c Core/Src/main.o
 .debug_frame   0x000000000000005c      0x120 Core/Src/stm32_adafruit_sd.o
 .debug_frame   0x000000000000017c       0xb0 Core/Src/stm32g0xx_hal_msp.o
 .debug_frame   0x000000000000022c       0x68 Core/Src/stm32g0xx_it.o
 .debug_frame   0x0000000000000294      0x24c Core/Src/stm32g0xx_nucleo.o
 .debug_frame   0x00000000000004e0      0x19c Core/Src/syscalls.o
 .debug_frame   0x000000000000067c       0x3c Core/Src/system_stm32g0xx.o
 .debug_frame   0x00000000000006b8      0x204 Drivers/STM32G0xx_HAL_Driver/Src/stm32g0xx_hal.o
 .debug_frame   0x00000000000008bc      0x11c Drivers/STM32G0xx_HAL_Driver/Src/stm32g0xx_hal_cortex.o
 .debug_frame   0x00000000000009d8       0xd0 Drivers/STM32G0xx_HAL_Driver/Src/stm32g0xx_hal_gpio.o
 .debug_frame   0x0000000000000aa8      0x140 Drivers/STM32G0xx_HAL_Driver/Src/stm32g0xx_hal_pwr_ex.o
 .debug_frame   0x0000000000000be8      0x160 Drivers/STM32G0xx_HAL_Driver/Src/stm32g0xx_hal_rcc.o
 .debug_frame   0x0000000000000d48       0x9c Drivers/STM32G0xx_HAL_Driver/Src/stm32g0xx_hal_rcc_ex.o
 .debug_frame   0x0000000000000de4      0x248 Drivers/STM32G0xx_HAL_Driver/Src/stm32g0xx_hal_rtc.o
 .debug_frame   0x000000000000102c      0x5c8 Drivers/STM32G0xx_HAL_Driver/Src/stm32g0xx_hal_spi.o
 .debug_frame   0x00000000000015f4      0x620 Drivers/STM32G0xx_HAL_Driver/Src/stm32g0xx_hal_uart.o
 .debug_frame   0x0000000000001c14      0x158 Drivers/STM32G0xx_HAL_Driver/Src/stm32g0xx_hal_uart_ex.o
 .debug_frame   0x0000000000001d6c       0x48 FATFS/App/app_fatfs.o
 .debug_frame   0x0000000000001db4       0xa8 FATFS/Target/sd_diskio.o
 .debug_frame   0x0000000000001e5c       0x84 Middlewares/Third_Party/FatFs/src/ff_gen_drv.o
 .debug_frame   0x0000000000001ee0       0x20 /opt/Atollic_TrueSTUDIO_for_STM32_x86_64_9.3.0/ARMTools/bin/../lib/gcc/arm-atollic-eabi/6.3.1/../../../../arm-atollic-eabi/lib/armv6-m/libc.a(lib_a-errno.o)
 .debug_frame   0x0000000000001f00       0x2c /opt/Atollic_TrueSTUDIO_for_STM32_x86_64_9.3.0/ARMTools/bin/../lib/gcc/arm-atollic-eabi/6.3.1/../../../../arm-atollic-eabi/lib/armv6-m/libc.a(lib_a-init.o)
 .debug_frame   0x0000000000001f2c       0x40 /opt/Atollic_TrueSTUDIO_for_STM32_x86_64_9.3.0/ARMTools/bin/../lib/gcc/arm-atollic-eabi/6.3.1/../../../../arm-atollic-eabi/lib/armv6-m/libc.a(lib_a-malloc.o)
 .debug_frame   0x0000000000001f6c       0x30 /opt/Atollic_TrueSTUDIO_for_STM32_x86_64_9.3.0/ARMTools/bin/../lib/gcc/arm-atollic-eabi/6.3.1/../../../../arm-atollic-eabi/lib/armv6-m/libc.a(lib_a-mallocr.o)
 .debug_frame   0x0000000000001f9c       0x20 /opt/Atollic_TrueSTUDIO_for_STM32_x86_64_9.3.0/ARMTools/bin/../lib/gcc/arm-atollic-eabi/6.3.1/../../../../arm-atollic-eabi/lib/armv6-m/libc.a(lib_a-memset.o)
 .debug_frame   0x0000000000001fbc       0x40 /opt/Atollic_TrueSTUDIO_for_STM32_x86_64_9.3.0/ARMTools/bin/../lib/gcc/arm-atollic-eabi/6.3.1/../../../../arm-atollic-eabi/lib/armv6-m/libc.a(lib_a-mlock.o)
 .debug_frame   0x0000000000001ffc       0x2c /opt/Atollic_TrueSTUDIO_for_STM32_x86_64_9.3.0/ARMTools/bin/../lib/gcc/arm-atollic-eabi/6.3.1/../../../../arm-atollic-eabi/lib/armv6-m/libc.a(lib_a-sbrkr.o)
 .debug_frame   0x0000000000002028       0x58 /opt/Atollic_TrueSTUDIO_for_STM32_x86_64_9.3.0/ARMTools/bin/../lib/gcc/arm-atollic-eabi/6.3.1/../../../../arm-atollic-eabi/lib/armv6-m/libc.a(lib_a-freer.o)
 .debug_frame   0x0000000000002080       0xb0 /opt/Atollic_TrueSTUDIO_for_STM32_x86_64_9.3.0/ARMTools/bin/../lib/gcc/arm-atollic-eabi/6.3.1/../../../../arm-atollic-eabi/lib/armv6-m/libc.a(lib_a-lock.o)
 .debug_frame   0x0000000000002130       0x48 /opt/Atollic_TrueSTUDIO_for_STM32_x86_64_9.3.0/ARMTools/bin/../lib/gcc/arm-atollic-eabi/6.3.1/../../../../arm-atollic-eabi/lib/armv6-m/libc.a(lib_a-reent.o)
 .debug_frame   0x0000000000002178       0x20 /opt/Atollic_TrueSTUDIO_for_STM32_x86_64_9.3.0/ARMTools/bin/../lib/gcc/arm-atollic-eabi/6.3.1/armv6-m/libgcc.a(_udivsi3.o)
 .debug_frame   0x0000000000002198       0x20 /opt/Atollic_TrueSTUDIO_for_STM32_x86_64_9.3.0/ARMTools/bin/../lib/gcc/arm-atollic-eabi/6.3.1/armv6-m/libgcc.a(_divsi3.o)

.debug_loc      0x0000000000000000     0x766a
 .debug_loc     0x0000000000000000      0xc79 Core/Src/stm32_adafruit_sd.o
 .debug_loc     0x0000000000000c79       0x9a Core/Src/stm32g0xx_hal_msp.o
 .debug_loc     0x0000000000000d13      0x584 Core/Src/stm32g0xx_nucleo.o
 .debug_loc     0x0000000000001297      0x45e Core/Src/syscalls.o
 .debug_loc     0x00000000000016f5       0xc1 Core/Src/system_stm32g0xx.o
 .debug_loc     0x00000000000017b6      0x195 Drivers/STM32G0xx_HAL_Driver/Src/stm32g0xx_hal.o
 .debug_loc     0x000000000000194b      0x3d7 Drivers/STM32G0xx_HAL_Driver/Src/stm32g0xx_hal_cortex.o
 .debug_loc     0x0000000000001d22      0x2fb Drivers/STM32G0xx_HAL_Driver/Src/stm32g0xx_hal_gpio.o
 .debug_loc     0x000000000000201d      0x2f4 Drivers/STM32G0xx_HAL_Driver/Src/stm32g0xx_hal_pwr_ex.o
 .debug_loc     0x0000000000002311      0x4d7 Drivers/STM32G0xx_HAL_Driver/Src/stm32g0xx_hal_rcc.o
 .debug_loc     0x00000000000027e8      0x3f7 Drivers/STM32G0xx_HAL_Driver/Src/stm32g0xx_hal_rcc_ex.o
 .debug_loc     0x0000000000002bdf      0xc3b Drivers/STM32G0xx_HAL_Driver/Src/stm32g0xx_hal_rtc.o
 .debug_loc     0x000000000000381a     0x1b0d Drivers/STM32G0xx_HAL_Driver/Src/stm32g0xx_hal_spi.o
 .debug_loc     0x0000000000005327     0x1a5d Drivers/STM32G0xx_HAL_Driver/Src/stm32g0xx_hal_uart.o
 .debug_loc     0x0000000000006d84      0x465 Drivers/STM32G0xx_HAL_Driver/Src/stm32g0xx_hal_uart_ex.o
 .debug_loc     0x00000000000071e9      0x295 FATFS/Target/sd_diskio.o
 .debug_loc     0x000000000000747e      0x1ec Middlewares/Third_Party/FatFs/src/ff_gen_drv.o
